Archive member included to satisfy reference by file (symbol)

.\CortexM3\ARM_GCC_541\Debug\Complete.a(UART_1.o)
                              .\CortexM3\ARM_GCC_541\Debug\main.o (UART_1_Start)
.\CortexM3\ARM_GCC_541\Debug\Complete.a(UART_1_IntClock.o)
                              .\CortexM3\ARM_GCC_541\Debug\Complete.a(UART_1.o) (UART_1_IntClock_Start)
.\CortexM3\ARM_GCC_541\Debug\Complete.a(CyLib.o)
                              .\CortexM3\ARM_GCC_541\Debug\Cm3Start.o (CyHalt)
.\CortexM3\ARM_GCC_541\Debug\Complete.a(cyPm.o)
                              .\CortexM3\ARM_GCC_541\Debug\Complete.a(CyLib.o) (CyPmReadStatus)
.\CortexM3\ARM_GCC_541\Debug\Complete.a(enc_sw_int.o)
                              .\CortexM3\ARM_GCC_541\Debug\main.o (enc_sw_int_StartEx)
.\CortexM3\ARM_GCC_541\Debug\Complete.a(Dial.o)
                              .\CortexM3\ARM_GCC_541\Debug\pk_ui.o (Dial_GetCounter)
.\CortexM3\ARM_GCC_541\Debug\Complete.a(LED.o)
                              .\CortexM3\ARM_GCC_541\Debug\pk_serialfuncs.o (LED_Write)
.\CortexM3\ARM_GCC_541\Debug\Complete.a(PRS.o)
                              .\CortexM3\ARM_GCC_541\Debug\pk_serialfuncs.o (PRS_Step)
.\CortexM3\ARM_GCC_541\Debug\Complete.a(I2CRTC.o)
                              .\CortexM3\ARM_GCC_541\Debug\main.o (I2CRTC_Start)
.\CortexM3\ARM_GCC_541\Debug\Complete.a(I2CRTC_INT.o)
                              .\CortexM3\ARM_GCC_541\Debug\Complete.a(I2CRTC.o) (I2CRTC_ISR)
.\CortexM3\ARM_GCC_541\Debug\Complete.a(I2CRTC_MASTER.o)
                              .\CortexM3\ARM_GCC_541\Debug\ds3231.o (I2CRTC_MasterWriteBuf)
.\CortexM3\ARM_GCC_541\Debug\Complete.a(Dial_Cnt8.o)
                              .\CortexM3\ARM_GCC_541\Debug\Complete.a(Dial.o) (Dial_Cnt8_Stop)
.\CortexM3\ARM_GCC_541\Debug\Complete.a(I2COLED.o)
                              .\CortexM3\ARM_GCC_541\Debug\main.o (I2COLED_Start)
.\CortexM3\ARM_GCC_541\Debug\Complete.a(I2COLED_INT.o)
                              .\CortexM3\ARM_GCC_541\Debug\Complete.a(I2COLED.o) (I2COLED_ISR)
.\CortexM3\ARM_GCC_541\Debug\Complete.a(I2COLED_PM.o)
                              .\CortexM3\ARM_GCC_541\Debug\Complete.a(I2COLED.o) (I2COLED_backup)
.\CortexM3\ARM_GCC_541\Debug\Complete.a(I2COLED_MASTER.o)
                              .\CortexM3\ARM_GCC_541\Debug\Complete.a(I2COLED.o) (I2COLED_mstrStatus)
.\CortexM3\ARM_GCC_541\Debug\Complete.a(sw1_int.o)
                              .\CortexM3\ARM_GCC_541\Debug\main.o (sw1_int_StartEx)
.\CortexM3\ARM_GCC_541\Debug\Complete.a(USBFS.o)
                              .\CortexM3\ARM_GCC_541\Debug\pk_usb.o (USBFS_Start)
.\CortexM3\ARM_GCC_541\Debug\Complete.a(USBFS_cdc.o)
                              .\CortexM3\ARM_GCC_541\Debug\pk_usb.o (USBFS_CDC_Init)
.\CortexM3\ARM_GCC_541\Debug\Complete.a(USBFS_drv.o)
                              .\CortexM3\ARM_GCC_541\Debug\Complete.a(USBFS.o) (USBFS_lastPacketSize)
.\CortexM3\ARM_GCC_541\Debug\Complete.a(USBFS_episr.o)
                              .\CortexM3\ARM_GCC_541\Debug\Complete.a(USBFS.o) (USBFS_EP_1_ISR)
.\CortexM3\ARM_GCC_541\Debug\Complete.a(USBFS_hid.o)
                              .\CortexM3\ARM_GCC_541\Debug\Complete.a(USBFS.o) (USBFS_hidProtocol)
.\CortexM3\ARM_GCC_541\Debug\Complete.a(USBFS_pm.o)
                              .\CortexM3\ARM_GCC_541\Debug\Complete.a(USBFS.o) (USBFS_DP_ISR)
.\CortexM3\ARM_GCC_541\Debug\Complete.a(USBFS_std.o)
                              .\CortexM3\ARM_GCC_541\Debug\Complete.a(USBFS_pm.o) (USBFS_ConfigReg)
.\CortexM3\ARM_GCC_541\Debug\Complete.a(USBFS_vnd.o)
                              .\CortexM3\ARM_GCC_541\Debug\Complete.a(USBFS_drv.o) (USBFS_HandleVendorRqst)
.\CortexM3\ARM_GCC_541\Debug\Complete.a(USBFS_Dp.o)
                              .\CortexM3\ARM_GCC_541\Debug\Complete.a(USBFS.o) (USBFS_Dp_ClearInterrupt)
.\CortexM3\ARM_GCC_541\Debug\Complete.a(CyBootAsmGnu.o)
                              .\CortexM3\ARM_GCC_541\Debug\cyfitter_cfg.o (CyDelayCycles)
.\CortexM3\ARM_GCC_541\Debug\Complete.a(CyFlash.o)
                              .\CortexM3\ARM_GCC_541\Debug\Complete.a(cyPm.o) (CyFlash_SetWaitCycles)
.\CortexM3\ARM_GCC_541\Debug\Complete.a(CySpc.o)
                              .\CortexM3\ARM_GCC_541\Debug\Complete.a(CyFlash.o) (CySpcStart)
.\CortexM3\ARM_GCC_541\Debug\Complete.a(USBFS_cls.o)
                              .\CortexM3\ARM_GCC_541\Debug\Complete.a(USBFS_drv.o) (USBFS_DispatchClassRqst)
.\CortexM3\ARM_GCC_541\Debug\Complete.a(USBFS_descr.o)
                              .\CortexM3\ARM_GCC_541\Debug\Complete.a(USBFS_std.o) (USBFS_idSerialNumberStringDescriptor)
..\emFile_V322c\LinkLibrary\PSoC5\GCC\libemf32nosnlfn.a(FAT_FormatSD.o)
                              .\CortexM3\ARM_GCC_541\Debug\pk_sdrecorddb.o (FS_FormatSD)
..\emFile_V322c\LinkLibrary\PSoC5\GCC\libemf32nosnlfn.a(FAT_Misc.o)
                              ..\emFile_V322c\LinkLibrary\PSoC5\GCC\libemf32nosnlfn.a(FAT_FormatSD.o) (FS_FAT_GetFATType)
[...]
Memory Configuration

Name             Origin             Length             Attributes
rom              0x00000000         0x00040000         xr
ram              0x1fff8000         0x00010000         xrw
*default*        0x00000000         0xffffffff

Linker script and memory map

LOAD c:/program files (x86)/cypress/psoc creator/4.3/psoc creator/import/gnu/arm/5.4.1/bin/../lib/gcc/arm-none-eabi/5.4.1/armv7-m/crti.o
LOAD c:/program files (x86)/cypress/psoc creator/4.3/psoc creator/import/gnu/arm/5.4.1/bin/../lib/gcc/arm-none-eabi/5.4.1/armv7-m/crtbegin.o
LOAD c:/program files (x86)/cypress/psoc creator/4.3/psoc creator/import/gnu/arm/5.4.1/bin/../lib/gcc/arm-none-eabi/5.4.1/../../../../arm-none-eabi/lib/armv7-m/crt0.o
START GROUP
LOAD .\CortexM3\ARM_GCC_541\Debug\main.o
LOAD .\CortexM3\ARM_GCC_541\Debug\pk_sdrecorddb.o
LOAD .\CortexM3\ARM_GCC_541\Debug\pk_serialfuncs.o
LOAD .\CortexM3\ARM_GCC_541\Debug\pk_record.o
LOAD .\CortexM3\ARM_GCC_541\Debug\ds3231.o
LOAD .\CortexM3\ARM_GCC_541\Debug\pk_ui.o
LOAD .\CortexM3\ARM_GCC_541\Debug\ssd1306.o
LOAD .\CortexM3\ARM_GCC_541\Debug\pk_usb.o
LOAD .\CortexM3\ARM_GCC_541\Debug\cyfitter_cfg.o
LOAD .\CortexM3\ARM_GCC_541\Debug\cymetadata.o
LOAD .\CortexM3\ARM_GCC_541\Debug\Cm3Start.o
LOAD .\CortexM3\ARM_GCC_541\Debug\Complete.a
LOAD C:\Program Files (x86)\Cypress\PSoC Creator\4.3\PSoC Creator\psoc\content\cycomponentlibrary\CyComponentLibrary.cylib\CortexM3\ARM_GCC_541\Debug\CyComponentLibrary.a
LOAD ..\emFile_V322c\LinkLibrary\PSoC5\GCC\libemf32nosnlfn.a
END GROUP
START GROUP
LOAD c:/program files (x86)/cypress/psoc creator/4.3/psoc creator/import/gnu/arm/5.4.1/bin/../lib/gcc/arm-none-eabi/5.4.1/armv7-m\libgcc.a
LOAD c:/program files (x86)/cypress/psoc creator/4.3/psoc creator/import/gnu/arm/5.4.1/bin/../lib/gcc/arm-none-eabi/5.4.1/../../../../arm-none-eabi/lib/armv7-m\libg_nano.a
LOAD c:/program files (x86)/cypress/psoc creator/4.3/psoc creator/import/gnu/arm/5.4.1/bin/../lib/gcc/arm-none-eabi/5.4.1/../../../../arm-none-eabi/lib/armv7-m\libc_nano.a
END GROUP
START GROUP
LOAD c:/program files (x86)/cypress/psoc creator/4.3/psoc creator/import/gnu/arm/5.4.1/bin/../lib/gcc/arm-none-eabi/5.4.1/armv7-m\libgcc.a
LOAD c:/program files (x86)/cypress/psoc creator/4.3/psoc creator/import/gnu/arm/5.4.1/bin/../lib/gcc/arm-none-eabi/5.4.1/../../../../arm-none-eabi/lib/armv7-m\libc_nano.a
END GROUP
LOAD c:/program files (x86)/cypress/psoc creator/4.3/psoc creator/import/gnu/arm/5.4.1/bin/../lib/gcc/arm-none-eabi/5.4.1/armv7-m/crtend.o
LOAD c:/program files (x86)/cypress/psoc creator/4.3/psoc creator/import/gnu/arm/5.4.1/bin/../lib/gcc/arm-none-eabi/5.4.1/armv7-m/crtn.o
START GROUP
LOAD c:/program files (x86)/cypress/psoc creator/4.3/psoc creator/import/gnu/arm/5.4.1/bin/../lib/gcc/arm-none-eabi/5.4.1/armv7-m\libgcc.a
LOAD c:/program files (x86)/cypress/psoc creator/4.3/psoc creator/import/gnu/arm/5.4.1/bin/../lib/gcc/arm-none-eabi/5.4.1/../../../../arm-none-eabi/lib/armv7-m\libc.a
LOAD c:/program files (x86)/cypress/psoc creator/4.3/psoc creator/import/gnu/arm/5.4.1/bin/../lib/gcc/arm-none-eabi/5.4.1/../../../../arm-none-eabi/lib/armv7-m\libnosys.a
END GROUP
                0x00000000                CY_APPL_ORIGIN = 0x0
                0x00000100                CY_FLASH_ROW_SIZE = 0x100
                0x00000020                CY_ECC_ROW_SIZE = 0x20
                0x00000000                CY_EE_IN_BTLDR = 0x0
                0x00000000                CY_APPL_LOADABLE = 0x0
                0x00000800                CY_EE_SIZE = 0x800
                0x00000001                CY_APPL_NUM = 0x1
                0x00000001                CY_APPL_MAX = 0x1
                0x00000040                CY_METADATA_SIZE = 0x40
                0x00000000                CY_APPL_LOADABLE = 0x0
                0x00000000                CY_CHECKSUM_EXCLUDE_SIZE = ALIGN (0x0, CY_FLASH_ROW_SIZE)
                [!provide]                PROVIDE (__cy_heap_start, _end)
                0x00000001                PROVIDE (__cy_region_num, ((__cy_regions_end - __cy_regions) / 0x10))
                0x20008000                PROVIDE (__cy_stack, (ORIGIN (ram) + LENGTH (ram)))
                [!provide]                PROVIDE (__cy_heap_end, (__cy_stack - 0x800))

.cybootloader   0x00000000        0x0
 *(.cybootloader)
                0x00000000                appl1_start = CY_APPL_ORIGIN?CY_APPL_ORIGIN:ALIGN (CY_FLASH_ROW_SIZE)
                0x0001ff00                appl2_start = (appl1_start + ALIGN ((((LENGTH (rom) - appl1_start) - (0x2 * CY_FLASH_ROW_SIZE)) / 0x2), CY_FLASH_ROW_SIZE))
                0x00000000                appl_start = (CY_APPL_NUM == 0x1)?appl1_start:appl2_start
                0x00000000                ecc_offset = ((appl_start / CY_FLASH_ROW_SIZE) * CY_ECC_ROW_SIZE)
                0x00000000                ee_offset = (CY_APPL_LOADABLE && ! (CY_EE_IN_BTLDR))?((CY_EE_SIZE / CY_APPL_MAX) * (CY_APPL_NUM - 0x1)):0x0
                0x00000800                ee_size = (CY_APPL_LOADABLE && ! (CY_EE_IN_BTLDR))?(CY_EE_SIZE / CY_APPL_MAX):CY_EE_SIZE
                [!provide]                PROVIDE (CY_ECC_OFFSET, ecc_offset)

.text           0x00000000     0x7ce0
 CREATE_OBJECT_SYMBOLS
                0x00000000                PROVIDE (__cy_interrupt_vector, RomVectors)
 *(.romvectors)
 .romvectors    0x00000000       0x10 .\CortexM3\ARM_GCC_541\Debug\Cm3Start.o
                0x00000000                RomVectors
                0x00000001                ASSERT ((. != __cy_interrupt_vector), No interrupt vector)
                0x00000001                ASSERT (CY_APPL_ORIGIN?(SIZEOF (.cybootloader) <= CY_APPL_ORIGIN):0x1, Wrong image location)
                0x00000010                PROVIDE (__cy_reset, Reset)
 *(.text.Reset)
 .text.Reset    0x00000010       0x18 .\CortexM3\ARM_GCC_541\Debug\Cm3Start.o
                0x00000010                Reset
                0x00000001                ASSERT ((. != __cy_reset), No reset code)
 *(.dma_init)
                0x00000001                ASSERT ((((appl_start + .) <= 0x10000) || 0x1), DMA Init must be within the first 64k of flash)
 *(.text .text.* .gnu.linkonce.t.*)
 .text          0x00000028       0x5c c:/program files (x86)/cypress/psoc creator/4.3/psoc creator/import/gnu/arm/5.4.1/bin/../lib/gcc/arm-none-eabi/5.4.1/armv7-m/crtbegin.o
 .text.SW1_INT  0x00000084       0x10 .\CortexM3\ARM_GCC_541\Debug\main.o
                0x00000084                SW1_INT
 .text.ENC_SW_INT
                0x00000094       0x18 .\CortexM3\ARM_GCC_541\Debug\main.o
                0x00000094                ENC_SW_INT
 .text.main     0x000000ac       0xb8 .\CortexM3\ARM_GCC_541\Debug\main.o
                0x000000ac                main
 .text.SD_readRecords
                0x00000164       0x88 .\CortexM3\ARM_GCC_541\Debug\pk_sdrecorddb.o
                0x00000164                SD_readRecords
 .text.SD_addRecord
                0x000001ec       0x50 .\CortexM3\ARM_GCC_541\Debug\pk_sdrecorddb.o
                0x000001ec                SD_addRecord
 .text.SD_getNumRecords
                0x0000023c       0x4c .\CortexM3\ARM_GCC_541\Debug\pk_sdrecorddb.o
                0x0000023c                SD_getNumRecords
 .text.clr_last_serial_cmd
                0x00000288       0x18 .\CortexM3\ARM_GCC_541\Debug\pk_serialfuncs.o
                0x00000288                clr_last_serial_cmd
 .text.serial_print_menu
                0x000002a0       0x7c .\CortexM3\ARM_GCC_541\Debug\pk_serialfuncs.o
                0x000002a0                serial_print_menu
 .text.serial_print_record
                0x0000031c       0x90 .\CortexM3\ARM_GCC_541\Debug\pk_serialfuncs.o
                0x0000031c                serial_print_record
 .text.serial_inv_cmd
                0x000003ac       0x10 .\CortexM3\ARM_GCC_541\Debug\pk_serialfuncs.o
                0x000003ac                serial_inv_cmd
 .text.generate_password
                0x000003bc       0x38 .\CortexM3\ARM_GCC_541\Debug\pk_serialfuncs.o
                0x000003bc                generate_password
 .text.serial_menu_init
                0x000003f4        0xc .\CortexM3\ARM_GCC_541\Debug\pk_serialfuncs.o
                0x000003f4                serial_menu_init
 .text.serial_fsm
                0x00000400      0x310 .\CortexM3\ARM_GCC_541\Debug\pk_serialfuncs.o
                0x00000400                serial_fsm
 .text.date2days
                0x00000710       0x54 .\CortexM3\ARM_GCC_541\Debug\ds3231.o
                0x00000710                date2days
 .text.time2ulong
                0x00000764       0x20 .\CortexM3\ARM_GCC_541\Debug\ds3231.o
                0x00000764                time2ulong
 .text.dt_getUnixtime
                0x00000784       0x3c .\CortexM3\ARM_GCC_541\Debug\ds3231.o
                0x00000784                dt_getUnixtime
 .text.bcd2bin  0x000007c0       0x10 .\CortexM3\ARM_GCC_541\Debug\ds3231.o
                0x000007c0                bcd2bin
 .text.RTC_now  0x000007d0       0x98 .\CortexM3\ARM_GCC_541\Debug\ds3231.o
                0x000007d0                RTC_now
 .text.debug_printBuff
                0x00000868       0x64 .\CortexM3\ARM_GCC_541\Debug\pk_ui.o
                0x00000868                debug_printBuff
 .text.ui_updateBuffer
                0x000008cc       0x48 .\CortexM3\ARM_GCC_541\Debug\pk_ui.o
                0x000008cc                ui_updateBuffer
 .text.ui_drawRecordList
                0x00000914      0x158 .\CortexM3\ARM_GCC_541\Debug\pk_ui.o
                0x00000914                ui_drawRecordList
 .text.ui_recordDetailUpdate
                0x00000a6c       0x60 .\CortexM3\ARM_GCC_541\Debug\pk_ui.o
                0x00000a6c                ui_recordDetailUpdate
 .text.ui_drawRecordDetail
                0x00000acc       0x7c .\CortexM3\ARM_GCC_541\Debug\pk_ui.o
                0x00000acc                ui_drawRecordDetail
 .text.ui_fsm   0x00000b48      0x1f0 .\CortexM3\ARM_GCC_541\Debug\pk_ui.o
                0x00000b48                ui_fsm
 .text.display_setPixel
                0x00000d38       0x88 .\CortexM3\ARM_GCC_541\Debug\ssd1306.o
 .text.display_line
                0x00000dc0      0x134 .\CortexM3\ARM_GCC_541\Debug\ssd1306.o
 .text.gfx_rotation_adjust
                0x00000ef4       0x68 .\CortexM3\ARM_GCC_541\Debug\ssd1306.o
 .text.gfx_hvLine
                0x00000f5c      0x114 .\CortexM3\ARM_GCC_541\Debug\ssd1306.o
 .text.display_write_buf
                0x00001070       0x30 .\CortexM3\ARM_GCC_541\Debug\ssd1306.o
 .text.display_clear
                0x000010a0       0x1c .\CortexM3\ARM_GCC_541\Debug\ssd1306.o
                0x000010a0                display_clear
 .text.display_update
                0x000010bc       0x38 .\CortexM3\ARM_GCC_541\Debug\ssd1306.o
                0x000010bc                display_update
 .text.gfx_init
                0x000010f4       0x40 .\CortexM3\ARM_GCC_541\Debug\ssd1306.o
                0x000010f4                gfx_init
 .text.display_init
                0x00001134       0x40 .\CortexM3\ARM_GCC_541\Debug\ssd1306.o
                0x00001134                display_init
 .text.gfx_setCursor
                0x00001174        0xc .\CortexM3\ARM_GCC_541\Debug\ssd1306.o
                0x00001174                gfx_setCursor
 .text.gfx_setTextSize
                0x00001180       0x10 .\CortexM3\ARM_GCC_541\Debug\ssd1306.o
                0x00001180                gfx_setTextSize
 .text.gfx_setTextColor
                0x00001190        0xc .\CortexM3\ARM_GCC_541\Debug\ssd1306.o
                0x00001190                gfx_setTextColor
 .text.gfx_drawPixel
                0x0000119c       0x4c .\CortexM3\ARM_GCC_541\Debug\ssd1306.o
                0x0000119c                gfx_drawPixel
 .text.gfx_drawLine
                0x000011e8       0xd8 .\CortexM3\ARM_GCC_541\Debug\ssd1306.o
                0x000011e8                gfx_drawLine
 .text.gfx_fillRect
                0x000012c0       0x68 .\CortexM3\ARM_GCC_541\Debug\ssd1306.o
                0x000012c0                gfx_fillRect
 .text.gfx_drawCircle
                0x00001328      0x138 .\CortexM3\ARM_GCC_541\Debug\ssd1306.o
                0x00001328                gfx_drawCircle
 .text.gfx_drawChar
                0x00001460       0xf0 .\CortexM3\ARM_GCC_541\Debug\ssd1306.o
                0x00001460                gfx_drawChar
 .text.gfx_write
                0x00001550       0x78 .\CortexM3\ARM_GCC_541\Debug\ssd1306.o
                0x00001550                gfx_write
 .text.gfx_print
                0x000015c8       0x1c .\CortexM3\ARM_GCC_541\Debug\ssd1306.o
                0x000015c8                gfx_print
 .text.gfx_println
                0x000015e4       0x10 .\CortexM3\ARM_GCC_541\Debug\ssd1306.o
                0x000015e4                gfx_println
 .text.clr_rx_buffer
                0x000015f4       0x1c .\CortexM3\ARM_GCC_541\Debug\pk_usb.o
                0x000015f4                clr_rx_buffer
 .text.USB_print
                0x00001610       0x14 .\CortexM3\ARM_GCC_541\Debug\pk_usb.o
                0x00001610                USB_print
 .text.USB_handleInput
                0x00001624       0x54 .\CortexM3\ARM_GCC_541\Debug\pk_usb.o
                0x00001624                USB_handleInput
 .text.USB_isReady
                0x00001678       0x10 .\CortexM3\ARM_GCC_541\Debug\pk_usb.o
                0x00001678                USB_isReady
 .text.KB_TypeChar
                0x00001688       0x58 .\CortexM3\ARM_GCC_541\Debug\pk_usb.o
                0x00001688                KB_TypeChar
 .text.USB_Initialize
                0x000016e0       0x6c .\CortexM3\ARM_GCC_541\Debug\pk_usb.o
                0x000016e0                USB_Initialize
 .text.KB_TypeString
                0x0000174c       0xa8 .\CortexM3\ARM_GCC_541\Debug\pk_usb.o
                0x0000174c                KB_TypeString
 .text.CyClockStartupError
                0x000017f4        0x4 .\CortexM3\ARM_GCC_541\Debug\cyfitter_cfg.o
 .text.cfg_write_bytes32
                0x000017f8       0x34 .\CortexM3\ARM_GCC_541\Debug\cyfitter_cfg.o
 .text.AnalogSetDefault
                0x0000182c       0x28 .\CortexM3\ARM_GCC_541\Debug\cyfitter_cfg.o
 .text.CYMEMZERO
                0x00001854        0xc .\CortexM3\ARM_GCC_541\Debug\cyfitter_cfg.o
 .text.ClockSetup
                0x00001860       0xdc .\CortexM3\ARM_GCC_541\Debug\cyfitter_cfg.o
 .text.CYCONFIGCPY
                0x0000193c        0x8 .\CortexM3\ARM_GCC_541\Debug\cyfitter_cfg.o
 .text.cyfitter_cfg
                0x00001944      0x14c .\CortexM3\ARM_GCC_541\Debug\cyfitter_cfg.o
                0x00001944                cyfitter_cfg
 .text.IntDefaultHandler
                0x00001a90       0x10 .\CortexM3\ARM_GCC_541\Debug\Cm3Start.o
                0x00001a90                IntDefaultHandler
 .text._sbrk    0x00001aa0       0x30 .\CortexM3\ARM_GCC_541\Debug\Cm3Start.o
                0x00001aa0                _sbrk
 .text.Start_c  0x00001ad0       0x4c .\CortexM3\ARM_GCC_541\Debug\Cm3Start.o
                0x00001ad0                Start_c
 .text.initialize_psoc
                0x00001b1c       0x68 .\CortexM3\ARM_GCC_541\Debug\Cm3Start.o
                0x00001b1c                initialize_psoc
 .text.UART_1_Init
                0x00001b84       0x28 .\CortexM3\ARM_GCC_541\Debug\Complete.a(UART_1.o)
                0x00001b84                UART_1_Init
 .text.UART_1_Enable
                0x00001bac       0x38 .\CortexM3\ARM_GCC_541\Debug\Complete.a(UART_1.o)
                0x00001bac                UART_1_Enable
 .text.UART_1_Start
                0x00001be4       0x1c .\CortexM3\ARM_GCC_541\Debug\Complete.a(UART_1.o)
                0x00001be4                UART_1_Start
 .text.UART_1_PutChar
                0x00001c00       0x18 .\CortexM3\ARM_GCC_541\Debug\Complete.a(UART_1.o)
                0x00001c00                UART_1_PutChar
 .text.UART_1_PutString
                0x00001c18       0x24 .\CortexM3\ARM_GCC_541\Debug\Complete.a(UART_1.o)
                0x00001c18                UART_1_PutString
 .text.UART_1_IntClock_Start
                0x00001c3c       0x1c .\CortexM3\ARM_GCC_541\Debug\Complete.a(UART_1_IntClock.o)
                0x00001c3c                UART_1_IntClock_Start
 .text.CyHalt   0x00001c58        0x4 .\CortexM3\ARM_GCC_541\Debug\Complete.a(CyLib.o)
                0x00001c58                CyHalt
 .text.CyDelay  0x00001c5c       0x2c .\CortexM3\ARM_GCC_541\Debug\Complete.a(CyLib.o)
                0x00001c5c                CyDelay
 .text.CyDelayUs
                0x00001c88       0x14 .\CortexM3\ARM_GCC_541\Debug\Complete.a(CyLib.o)
                0x00001c88                CyDelayUs
 .text.CyIntSetVector
                0x00001c9c       0x28 .\CortexM3\ARM_GCC_541\Debug\Complete.a(CyLib.o)
                0x00001c9c                CyIntSetVector
 .text.CyIntSetPriority
                0x00001cc4       0x30 .\CortexM3\ARM_GCC_541\Debug\Complete.a(CyLib.o)
                0x00001cc4                CyIntSetPriority
 .text.CyGetUniqueId
                0x00001cf4       0x70 .\CortexM3\ARM_GCC_541\Debug\Complete.a(CyLib.o)
                0x00001cf4                CyGetUniqueId
 .text.enc_sw_int_SetVector
                0x00001d64        0xc .\CortexM3\ARM_GCC_541\Debug\Complete.a(enc_sw_int.o)
                0x00001d64                enc_sw_int_SetVector
 .text.enc_sw_int_SetPriority
                0x00001d70       0x10 .\CortexM3\ARM_GCC_541\Debug\Complete.a(enc_sw_int.o)
                0x00001d70                enc_sw_int_SetPriority
 .text.enc_sw_int_Enable
                0x00001d80        0xc .\CortexM3\ARM_GCC_541\Debug\Complete.a(enc_sw_int.o)
                0x00001d80                enc_sw_int_Enable
 .text.enc_sw_int_Disable
                0x00001d8c        0xc .\CortexM3\ARM_GCC_541\Debug\Complete.a(enc_sw_int.o)
                0x00001d8c                enc_sw_int_Disable
 .text.enc_sw_int_StartEx
                0x00001d98       0x1c .\CortexM3\ARM_GCC_541\Debug\Complete.a(enc_sw_int.o)
                0x00001d98                enc_sw_int_StartEx
 .text.Dial_GetCounter
                0x00001db4        0xc .\CortexM3\ARM_GCC_541\Debug\Complete.a(Dial.o)
                0x00001db4                Dial_GetCounter
 .text.Dial_SetCounter
                0x00001dc0       0x18 .\CortexM3\ARM_GCC_541\Debug\Complete.a(Dial.o)
                0x00001dc0                Dial_SetCounter
 .text.Dial_GetEvents
                0x00001dd8       0x10 .\CortexM3\ARM_GCC_541\Debug\Complete.a(Dial.o)
                0x00001dd8                Dial_GetEvents
 .text.Dial_SetInterruptMask
                0x00001de8        0xc .\CortexM3\ARM_GCC_541\Debug\Complete.a(Dial.o)
                0x00001de8                Dial_SetInterruptMask
 .text.Dial_Enable
                0x00001df4       0x24 .\CortexM3\ARM_GCC_541\Debug\Complete.a(Dial.o)
                0x00001df4                Dial_Enable
 .text.Dial_Start
                0x00001e18       0x24 .\CortexM3\ARM_GCC_541\Debug\Complete.a(Dial.o)
                0x00001e18                Dial_Start
 .text.LED_Write
                0x00001e3c       0x18 .\CortexM3\ARM_GCC_541\Debug\Complete.a(LED.o)
                0x00001e3c                LED_Write
 .text.PRS_Enable
                0x00001e54       0x10 .\CortexM3\ARM_GCC_541\Debug\Complete.a(PRS.o)
                0x00001e54                PRS_Enable
 .text.PRS_Step
                0x00001e64       0x18 .\CortexM3\ARM_GCC_541\Debug\Complete.a(PRS.o)
                0x00001e64                PRS_Step
 .text.PRS_Read
                0x00001e7c        0xc .\CortexM3\ARM_GCC_541\Debug\Complete.a(PRS.o)
                0x00001e7c                PRS_Read
 .text.PRS_WriteSeed
                0x00001e88        0xc .\CortexM3\ARM_GCC_541\Debug\Complete.a(PRS.o)
                0x00001e88                PRS_WriteSeed
 .text.PRS_WritePolynomial
                0x00001e94        0xc .\CortexM3\ARM_GCC_541\Debug\Complete.a(PRS.o)
                0x00001e94                PRS_WritePolynomial
 .text.PRS_Init
                0x00001ea0       0x18 .\CortexM3\ARM_GCC_541\Debug\Complete.a(PRS.o)
                0x00001ea0                PRS_Init
 .text.PRS_Start
                0x00001eb8       0x1c .\CortexM3\ARM_GCC_541\Debug\Complete.a(PRS.o)
                0x00001eb8                PRS_Start
 .text.I2CRTC_Init
                0x00001ed4       0x7c .\CortexM3\ARM_GCC_541\Debug\Complete.a(I2CRTC.o)
                0x00001ed4                I2CRTC_Init
 .text.I2CRTC_Enable
                0x00001f50       0x10 .\CortexM3\ARM_GCC_541\Debug\Complete.a(I2CRTC.o)
                0x00001f50                I2CRTC_Enable
 .text.I2CRTC_Start
                0x00001f60       0x28 .\CortexM3\ARM_GCC_541\Debug\Complete.a(I2CRTC.o)
                0x00001f60                I2CRTC_Start
 .text.I2CRTC_ISR
                0x00001f88      0x328 .\CortexM3\ARM_GCC_541\Debug\Complete.a(I2CRTC_INT.o)
                0x00001f88                I2CRTC_ISR
 .text.I2CRTC_MasterWriteBuf
                0x000022b0       0xdc .\CortexM3\ARM_GCC_541\Debug\Complete.a(I2CRTC_MASTER.o)
                0x000022b0                I2CRTC_MasterWriteBuf
 .text.I2CRTC_MasterReadBuf
                0x0000238c       0xe0 .\CortexM3\ARM_GCC_541\Debug\Complete.a(I2CRTC_MASTER.o)
                0x0000238c                I2CRTC_MasterReadBuf
 .text.I2CRTC_MasterStatus
                0x0000246c       0x34 .\CortexM3\ARM_GCC_541\Debug\Complete.a(I2CRTC_MASTER.o)
                0x0000246c                I2CRTC_MasterStatus
 .text.I2CRTC_MasterClearStatus
                0x000024a0       0x20 .\CortexM3\ARM_GCC_541\Debug\Complete.a(I2CRTC_MASTER.o)
                0x000024a0                I2CRTC_MasterClearStatus
 .text.I2CRTC_MasterClearReadBuf
                0x000024c0       0x2c .\CortexM3\ARM_GCC_541\Debug\Complete.a(I2CRTC_MASTER.o)
                0x000024c0                I2CRTC_MasterClearReadBuf
 .text.Dial_Cnt8_Enable
                0x000024ec       0x10 .\CortexM3\ARM_GCC_541\Debug\Complete.a(Dial_Cnt8.o)
                0x000024ec                Dial_Cnt8_Enable
 .text.Dial_Cnt8_SetInterruptMode
                0x000024fc        0xc .\CortexM3\ARM_GCC_541\Debug\Complete.a(Dial_Cnt8.o)
                0x000024fc                Dial_Cnt8_SetInterruptMode
 .text.Dial_Cnt8_ReadStatusRegister
                0x00002508        0xc .\CortexM3\ARM_GCC_541\Debug\Complete.a(Dial_Cnt8.o)
                0x00002508                Dial_Cnt8_ReadStatusRegister
 .text.Dial_Cnt8_WriteCounter
                0x00002514        0xc .\CortexM3\ARM_GCC_541\Debug\Complete.a(Dial_Cnt8.o)
                0x00002514                Dial_Cnt8_WriteCounter
 .text.Dial_Cnt8_ReadCounter
                0x00002520       0x14 .\CortexM3\ARM_GCC_541\Debug\Complete.a(Dial_Cnt8.o)
                0x00002520                Dial_Cnt8_ReadCounter
 .text.Dial_Cnt8_ReadCapture
                0x00002534        0xc .\CortexM3\ARM_GCC_541\Debug\Complete.a(Dial_Cnt8.o)
                0x00002534                Dial_Cnt8_ReadCapture
 .text.Dial_Cnt8_WritePeriod
                0x00002540        0xc .\CortexM3\ARM_GCC_541\Debug\Complete.a(Dial_Cnt8.o)
                0x00002540                Dial_Cnt8_WritePeriod
 .text.Dial_Cnt8_WriteCompare
                0x0000254c        0xc .\CortexM3\ARM_GCC_541\Debug\Complete.a(Dial_Cnt8.o)
                0x0000254c                Dial_Cnt8_WriteCompare
 .text.Dial_Cnt8_ClearFIFO
                0x00002558       0x14 .\CortexM3\ARM_GCC_541\Debug\Complete.a(Dial_Cnt8.o)
                0x00002558                Dial_Cnt8_ClearFIFO
 .text.Dial_Cnt8_Init
                0x0000256c       0x50 .\CortexM3\ARM_GCC_541\Debug\Complete.a(Dial_Cnt8.o)
                0x0000256c                Dial_Cnt8_Init
 .text.Dial_Cnt8_Start
                0x000025bc       0x1c .\CortexM3\ARM_GCC_541\Debug\Complete.a(Dial_Cnt8.o)
                0x000025bc                Dial_Cnt8_Start
 .text.I2COLED_Init
                0x000025d8       0x68 .\CortexM3\ARM_GCC_541\Debug\Complete.a(I2COLED.o)
                0x000025d8                I2COLED_Init
 .text.I2COLED_Enable
                0x00002640       0x24 .\CortexM3\ARM_GCC_541\Debug\Complete.a(I2COLED.o)
                0x00002640                I2COLED_Enable
 .text.I2COLED_Start
                0x00002664       0x28 .\CortexM3\ARM_GCC_541\Debug\Complete.a(I2COLED.o)
                0x00002664                I2COLED_Start
 .text.I2COLED_ISR
                0x0000268c      0x2d0 .\CortexM3\ARM_GCC_541\Debug\Complete.a(I2COLED_INT.o)
                0x0000268c                I2COLED_ISR
 .text.I2COLED_MasterSendStart
                0x0000295c       0x80 .\CortexM3\ARM_GCC_541\Debug\Complete.a(I2COLED_MASTER.o)
                0x0000295c                I2COLED_MasterSendStart
 .text.I2COLED_MasterSendStop
                0x000029dc       0x38 .\CortexM3\ARM_GCC_541\Debug\Complete.a(I2COLED_MASTER.o)
                0x000029dc                I2COLED_MasterSendStop
 .text.I2COLED_MasterWriteByte
                0x00002a14       0x58 .\CortexM3\ARM_GCC_541\Debug\Complete.a(I2COLED_MASTER.o)
                0x00002a14                I2COLED_MasterWriteByte
 .text.sw1_int_SetVector
                0x00002a6c        0xc .\CortexM3\ARM_GCC_541\Debug\Complete.a(sw1_int.o)
                0x00002a6c                sw1_int_SetVector
 .text.sw1_int_SetPriority
                0x00002a78       0x10 .\CortexM3\ARM_GCC_541\Debug\Complete.a(sw1_int.o)
                0x00002a78                sw1_int_SetPriority
 .text.sw1_int_Enable
                0x00002a88       0x10 .\CortexM3\ARM_GCC_541\Debug\Complete.a(sw1_int.o)
                0x00002a88                sw1_int_Enable
 .text.sw1_int_Disable
                0x00002a98       0x10 .\CortexM3\ARM_GCC_541\Debug\Complete.a(sw1_int.o)
                0x00002a98                sw1_int_Disable
 .text.sw1_int_StartEx
                0x00002aa8       0x1c .\CortexM3\ARM_GCC_541\Debug\Complete.a(sw1_int.o)
                0x00002aa8                sw1_int_StartEx
 .text.USBFS_Init
                0x00002ac4      0x168 .\CortexM3\ARM_GCC_541\Debug\Complete.a(USBFS.o)
                0x00002ac4                USBFS_Init
 .text.USBFS_InitComponent
                0x00002c2c       0xd8 .\CortexM3\ARM_GCC_541\Debug\Complete.a(USBFS.o)
                0x00002c2c                USBFS_InitComponent
 .text.USBFS_Start
                0x00002d04       0x24 .\CortexM3\ARM_GCC_541\Debug\Complete.a(USBFS.o)
                0x00002d04                USBFS_Start
 .text.USBFS_ReInitComponent
                0x00002d28       0x64 .\CortexM3\ARM_GCC_541\Debug\Complete.a(USBFS.o)
                0x00002d28                USBFS_ReInitComponent
 .text.USBFS_GetConfiguration
                0x00002d8c        0xc .\CortexM3\ARM_GCC_541\Debug\Complete.a(USBFS.o)
                0x00002d8c                USBFS_GetConfiguration
 .text.USBFS_GetEPState
                0x00002d98       0x14 .\CortexM3\ARM_GCC_541\Debug\Complete.a(USBFS.o)
                0x00002d98                USBFS_GetEPState
 .text.USBFS_GetEPCount
                0x00002dac       0x28 .\CortexM3\ARM_GCC_541\Debug\Complete.a(USBFS.o)
                0x00002dac                USBFS_GetEPCount
 .text.USBFS_LoadInEP
                0x00002dd4       0x94 .\CortexM3\ARM_GCC_541\Debug\Complete.a(USBFS.o)
                0x00002dd4                USBFS_LoadInEP
 .text.USBFS_EnableOutEP
                0x00002e68       0x2c .\CortexM3\ARM_GCC_541\Debug\Complete.a(USBFS.o)
                0x00002e68                USBFS_EnableOutEP
 .text.USBFS_ReadOutEP
                0x00002e94       0x50 .\CortexM3\ARM_GCC_541\Debug\Complete.a(USBFS.o)
                0x00002e94                USBFS_ReadOutEP
 .text.USBFS_GetEPAckState
                0x00002ee4       0x20 .\CortexM3\ARM_GCC_541\Debug\Complete.a(USBFS.o)
                0x00002ee4                USBFS_GetEPAckState
 .text.USBFS_StrLen
                0x00002f04       0x14 .\CortexM3\ARM_GCC_541\Debug\Complete.a(USBFS_cdc.o)
 .text.USBFS_GetInterfaceComPort
                0x00002f18       0x38 .\CortexM3\ARM_GCC_541\Debug\Complete.a(USBFS_cdc.o)
                0x00002f18                USBFS_GetInterfaceComPort
 .text.USBFS_DispatchCDCClassRqst
                0x00002f50       0x98 .\CortexM3\ARM_GCC_541\Debug\Complete.a(USBFS_cdc.o)
                0x00002f50                USBFS_DispatchCDCClassRqst
 .text.USBFS_CDC_Init
                0x00002fe8       0x98 .\CortexM3\ARM_GCC_541\Debug\Complete.a(USBFS_cdc.o)
                0x00002fe8                USBFS_CDC_Init
 .text.USBFS_PutString
                0x00003080       0xa0 .\CortexM3\ARM_GCC_541\Debug\Complete.a(USBFS_cdc.o)
                0x00003080                USBFS_PutString
 .text.USBFS_DataIsReady
                0x00003120       0x18 .\CortexM3\ARM_GCC_541\Debug\Complete.a(USBFS_cdc.o)
                0x00003120                USBFS_DataIsReady
 .text.USBFS_CDCIsReady
                0x00003138       0x18 .\CortexM3\ARM_GCC_541\Debug\Complete.a(USBFS_cdc.o)
                0x00003138                USBFS_CDCIsReady
 .text.USBFS_GetAll
                0x00003150       0x30 .\CortexM3\ARM_GCC_541\Debug\Complete.a(USBFS_cdc.o)
                0x00003150                USBFS_GetAll
 .text.USBFS_Cdc_EpInit
                0x00003180       0x50 .\CortexM3\ARM_GCC_541\Debug\Complete.a(USBFS_cdc.o)
                0x00003180                USBFS_Cdc_EpInit
 .text.USBFS_LoadEP0
                0x000031d0       0x98 .\CortexM3\ARM_GCC_541\Debug\Complete.a(USBFS_drv.o)
                0x000031d0                USBFS_LoadEP0
 .text.USBFS_InitZeroLengthControlTransfer
                0x00003268       0x34 .\CortexM3\ARM_GCC_541\Debug\Complete.a(USBFS_drv.o)
                0x00003268                USBFS_InitZeroLengthControlTransfer
 .text.USBFS_ControlReadDataStage
                0x0000329c        0x8 .\CortexM3\ARM_GCC_541\Debug\Complete.a(USBFS_drv.o)
                0x0000329c                USBFS_ControlReadDataStage
 .text.USBFS_ControlWriteDataStage
                0x000032a4       0x84 .\CortexM3\ARM_GCC_541\Debug\Complete.a(USBFS_drv.o)
                0x000032a4                USBFS_ControlWriteDataStage
 .text.USBFS_InitNoDataControlTransfer
                0x00003328       0x2c .\CortexM3\ARM_GCC_541\Debug\Complete.a(USBFS_drv.o)
                0x00003328                USBFS_InitNoDataControlTransfer
 .text.USBFS_UpdateStatusBlock
                0x00003354       0x24 .\CortexM3\ARM_GCC_541\Debug\Complete.a(USBFS_drv.o)
                0x00003354                USBFS_UpdateStatusBlock
 .text.USBFS_HandleSetup
                0x00003378       0x5c .\CortexM3\ARM_GCC_541\Debug\Complete.a(USBFS_drv.o)
                0x00003378                USBFS_HandleSetup
 .text.USBFS_ControlReadStatusStage
                0x000033d4       0x38 .\CortexM3\ARM_GCC_541\Debug\Complete.a(USBFS_drv.o)
                0x000033d4                USBFS_ControlReadStatusStage
 .text.USBFS_HandleOUT
                0x0000340c       0x38 .\CortexM3\ARM_GCC_541\Debug\Complete.a(USBFS_drv.o)
                0x0000340c                USBFS_HandleOUT
 .text.USBFS_ControlWriteStatusStage
                0x00003444       0x20 .\CortexM3\ARM_GCC_541\Debug\Complete.a(USBFS_drv.o)
                0x00003444                USBFS_ControlWriteStatusStage
 .text.USBFS_NoDataControlStatusStage
                0x00003464       0x40 .\CortexM3\ARM_GCC_541\Debug\Complete.a(USBFS_drv.o)
                0x00003464                USBFS_NoDataControlStatusStage
 .text.USBFS_HandleIN
                0x000034a4       0x2c .\CortexM3\ARM_GCC_541\Debug\Complete.a(USBFS_drv.o)
                0x000034a4                USBFS_HandleIN
 .text.USBFS_EP_0_ISR
                0x000034d0       0xb8 .\CortexM3\ARM_GCC_541\Debug\Complete.a(USBFS_drv.o)
                0x000034d0                USBFS_EP_0_ISR
 .text.USBFS_InitializeStatusBlock
                0x00003588       0x24 .\CortexM3\ARM_GCC_541\Debug\Complete.a(USBFS_drv.o)
                0x00003588                USBFS_InitializeStatusBlock
 .text.USBFS_InitControlRead
                0x000035ac       0x50 .\CortexM3\ARM_GCC_541\Debug\Complete.a(USBFS_drv.o)
                0x000035ac                USBFS_InitControlRead
 .text.USBFS_InitControlWrite
                0x000035fc       0x48 .\CortexM3\ARM_GCC_541\Debug\Complete.a(USBFS_drv.o)
                0x000035fc                USBFS_InitControlWrite
 .text.USBFS_EP_1_ISR
                0x00003644       0x30 .\CortexM3\ARM_GCC_541\Debug\Complete.a(USBFS_episr.o)
                0x00003644                USBFS_EP_1_ISR
 .text.USBFS_EP_2_ISR
                0x00003674       0x34 .\CortexM3\ARM_GCC_541\Debug\Complete.a(USBFS_episr.o)
                0x00003674                USBFS_EP_2_ISR
 .text.USBFS_EP_3_ISR
                0x000036a8       0x3c .\CortexM3\ARM_GCC_541\Debug\Complete.a(USBFS_episr.o)
                0x000036a8                USBFS_EP_3_ISR
 .text.USBFS_EP_4_ISR
                0x000036e4       0x3c .\CortexM3\ARM_GCC_541\Debug\Complete.a(USBFS_episr.o)
                0x000036e4                USBFS_EP_4_ISR
 .text.USBFS_EP_5_ISR
                0x00003720       0x3c .\CortexM3\ARM_GCC_541\Debug\Complete.a(USBFS_episr.o)
                0x00003720                USBFS_EP_5_ISR
 .text.USBFS_SOF_ISR
                0x0000375c        0x4 .\CortexM3\ARM_GCC_541\Debug\Complete.a(USBFS_episr.o)
                0x0000375c                USBFS_SOF_ISR
 .text.USBFS_BUS_RESET_ISR
                0x00003760        0x8 .\CortexM3\ARM_GCC_541\Debug\Complete.a(USBFS_episr.o)
                0x00003760                USBFS_BUS_RESET_ISR
 .text.USBFS_FindHidClassDecriptor
                0x00003768       0x44 .\CortexM3\ARM_GCC_541\Debug\Complete.a(USBFS_hid.o)
                0x00003768                USBFS_FindHidClassDecriptor
 .text.USBFS_FindReportDescriptor
                0x000037ac       0x4c .\CortexM3\ARM_GCC_541\Debug\Complete.a(USBFS_hid.o)
                0x000037ac                USBFS_FindReportDescriptor
 .text.USBFS_FindReport
                0x000037f8       0x80 .\CortexM3\ARM_GCC_541\Debug\Complete.a(USBFS_hid.o)
                0x000037f8                USBFS_FindReport
 .text.USBFS_DispatchHIDClassRqst
                0x00003878      0x184 .\CortexM3\ARM_GCC_541\Debug\Complete.a(USBFS_hid.o)
                0x00003878                USBFS_DispatchHIDClassRqst
 .text.USBFS_DP_ISR
                0x000039fc        0x8 .\CortexM3\ARM_GCC_541\Debug\Complete.a(USBFS_pm.o)
                0x000039fc                USBFS_DP_ISR
 .text.USBFS_ReadDieID
                0x00003a04       0x6c .\CortexM3\ARM_GCC_541\Debug\Complete.a(USBFS_std.o)
                0x00003a04                USBFS_ReadDieID
 .text.USBFS_ConfigReg
                0x00003a70       0xa4 .\CortexM3\ARM_GCC_541\Debug\Complete.a(USBFS_std.o)
                0x00003a70                USBFS_ConfigReg
 .text.USBFS_GetConfigTablePtr
                0x00003b14       0x28 .\CortexM3\ARM_GCC_541\Debug\Complete.a(USBFS_std.o)
                0x00003b14                USBFS_GetConfigTablePtr
 .text.USBFS_ConfigAltChanged
                0x00003b3c      0x11c .\CortexM3\ARM_GCC_541\Debug\Complete.a(USBFS_std.o)
                0x00003b3c                USBFS_ConfigAltChanged
 .text.USBFS_GetDeviceTablePtr
                0x00003c58       0x18 .\CortexM3\ARM_GCC_541\Debug\Complete.a(USBFS_std.o)
                0x00003c58                USBFS_GetDeviceTablePtr
 .text.USBFS_GetInterfaceClassTablePtr
                0x00003c70       0x28 .\CortexM3\ARM_GCC_541\Debug\Complete.a(USBFS_std.o)
                0x00003c70                USBFS_GetInterfaceClassTablePtr
 .text.USBFS_Config
                0x00003c98      0x1ec .\CortexM3\ARM_GCC_541\Debug\Complete.a(USBFS_std.o)
                0x00003c98                USBFS_Config
 .text.USBFS_SetEndpointHalt
                0x00003e84       0x64 .\CortexM3\ARM_GCC_541\Debug\Complete.a(USBFS_std.o)
                0x00003e84                USBFS_SetEndpointHalt
 .text.USBFS_ClearEndpointHalt
                0x00003ee8       0xac .\CortexM3\ARM_GCC_541\Debug\Complete.a(USBFS_std.o)
                0x00003ee8                USBFS_ClearEndpointHalt
 .text.USBFS_ValidateAlternateSetting
                0x00003f94       0x4c .\CortexM3\ARM_GCC_541\Debug\Complete.a(USBFS_std.o)
                0x00003f94                USBFS_ValidateAlternateSetting
 .text.USBFS_HandleStandardRqst
                0x00003fe0      0x354 .\CortexM3\ARM_GCC_541\Debug\Complete.a(USBFS_std.o)
                0x00003fe0                USBFS_HandleStandardRqst
 .text.USBFS_HandleVendorRqst
                0x00004334       0x18 .\CortexM3\ARM_GCC_541\Debug\Complete.a(USBFS_vnd.o)
                0x00004334                USBFS_HandleVendorRqst
 .text.USBFS_Dp_ClearInterrupt
                0x0000434c       0x10 .\CortexM3\ARM_GCC_541\Debug\Complete.a(USBFS_Dp.o)
                0x0000434c                USBFS_Dp_ClearInterrupt
 *fill*         0x0000435c        0x4 
 .text          0x00004360       0x20 .\CortexM3\ARM_GCC_541\Debug\Complete.a(CyBootAsmGnu.o)
                0x00004360                CyDelayCycles
                0x00004370                CyEnterCriticalSection
                0x00004378                CyExitCriticalSection
 .text.USBFS_DispatchClassRqst
                0x00004380       0x68 .\CortexM3\ARM_GCC_541\Debug\Complete.a(USBFS_cls.o)
                0x00004380                USBFS_DispatchClassRqst
 .text._ClusterId2FATOff
                0x000043e8       0x18 ..\emFile_V322c\LinkLibrary\PSoC5\GCC\libemf32nosnlfn.a(FAT_Misc.o)
 .text._CalcLogClusterPos
                0x00004400        0xe ..\emFile_V322c\LinkLibrary\PSoC5\GCC\libemf32nosnlfn.a(FAT_Misc.o)
 .text._ReadFromFreeClusterCache
                0x0000440e       0x46 ..\emFile_V322c\LinkLibrary\PSoC5\GCC\libemf32nosnlfn.a(FAT_Misc.o)
 .text.FS_FAT_GetFATType
                0x00004454       0x1a ..\emFile_V322c\LinkLibrary\PSoC5\GCC\libemf32nosnlfn.a(FAT_Misc.o)
                0x00004454                FS_FAT_GetFATType
 .text.FS_FAT_ClusterId2SectorNo
                0x0000446e        0xc ..\emFile_V322c\LinkLibrary\PSoC5\GCC\libemf32nosnlfn.a(FAT_Misc.o)
                0x0000446e                FS_FAT_ClusterId2SectorNo
 .text.FS_FAT_IsValidShortNameChar
                0x0000447a       0x34 ..\emFile_V322c\LinkLibrary\PSoC5\GCC\libemf32nosnlfn.a(FAT_Misc.o)
                0x0000447a                FS_FAT_IsValidShortNameChar
 .text.FS_FAT_CopyShortName
                0x000044ae       0x56 ..\emFile_V322c\LinkLibrary\PSoC5\GCC\libemf32nosnlfn.a(FAT_Misc.o)
                0x000044ae                FS_FAT_CopyShortName
 .text._SFN_CreateDirEntry
                0x00004504       0x5a ..\emFile_V322c\LinkLibrary\PSoC5\GCC\libemf32nosnlfn.a(FAT_Misc.o)
 .text._SFN_FindDirEntry
                0x0000455e       0x10 ..\emFile_V322c\LinkLibrary\PSoC5\GCC\libemf32nosnlfn.a(FAT_Misc.o)
 *fill*         0x0000456e        0x2 
 .text.FS_FAT_FindDirEntry
                0x00004570       0x60 ..\emFile_V322c\LinkLibrary\PSoC5\GCC\libemf32nosnlfn.a(FAT_Misc.o)
                0x00004570                FS_FAT_FindDirEntry
 .text.FS_FAT_CopyDirEntryInfo
                0x000045d0       0x50 ..\emFile_V322c\LinkLibrary\PSoC5\GCC\libemf32nosnlfn.a(FAT_Misc.o)
                0x000045d0                FS_FAT_CopyDirEntryInfo
 .text._SFN_ReadDirEntryInfo
                0x00004620       0x6e ..\emFile_V322c\LinkLibrary\PSoC5\GCC\libemf32nosnlfn.a(FAT_Misc.o)
 .text._SetFATSector
                0x0000468e        0x6 ..\emFile_V322c\LinkLibrary\PSoC5\GCC\libemf32nosnlfn.a(FAT_Misc.o)
 .text.FS_FAT_ReadFATEntry
                0x00004694       0xb2 ..\emFile_V322c\LinkLibrary\PSoC5\GCC\libemf32nosnlfn.a(FAT_Misc.o)
                0x00004694                FS_FAT_ReadFATEntry
 *fill*         0x00004746        0x2 
 .text.FS_FAT_GetNumAdjClustersInChain
                0x00004748       0x64 ..\emFile_V322c\LinkLibrary\PSoC5\GCC\libemf32nosnlfn.a(FAT_Misc.o)
                0x00004748                FS_FAT_GetNumAdjClustersInChain
 .text.FS_FAT_WalkClusterEx
                0x000047ac       0x5c ..\emFile_V322c\LinkLibrary\PSoC5\GCC\libemf32nosnlfn.a(FAT_Misc.o)
                0x000047ac                FS_FAT_WalkClusterEx
 .text.FS_FAT_GotoCluster
                0x00004808       0x88 ..\emFile_V322c\LinkLibrary\PSoC5\GCC\libemf32nosnlfn.a(FAT_Misc.o)
                0x00004808                FS_FAT_GotoCluster
 .text.FS_FAT_WalkCluster
                0x00004890       0x18 ..\emFile_V322c\LinkLibrary\PSoC5\GCC\libemf32nosnlfn.a(FAT_Misc.o)
                0x00004890                FS_FAT_WalkCluster
 .text.FS_FAT_FindLastCluster
                0x000048a8       0x34 ..\emFile_V322c\LinkLibrary\PSoC5\GCC\libemf32nosnlfn.a(FAT_Misc.o)
                0x000048a8                FS_FAT_FindLastCluster
 .text._WriteFATEntry
                0x000048dc      0x18e ..\emFile_V322c\LinkLibrary\PSoC5\GCC\libemf32nosnlfn.a(FAT_Misc.o)
 .text.FS_FAT_MarkClusterEOC
                0x00004a6a        0x8 ..\emFile_V322c\LinkLibrary\PSoC5\GCC\libemf32nosnlfn.a(FAT_Misc.o)
                0x00004a6a                FS_FAT_MarkClusterEOC
 .text.FS_FAT_SyncFAT
                0x00004a72       0x3c ..\emFile_V322c\LinkLibrary\PSoC5\GCC\libemf32nosnlfn.a(FAT_Misc.o)
                0x00004a72                FS_FAT_SyncFAT
 .text.FS_FAT_LinkCluster
                0x00004aae       0x1c ..\emFile_V322c\LinkLibrary\PSoC5\GCC\libemf32nosnlfn.a(FAT_Misc.o)
                0x00004aae                FS_FAT_LinkCluster
 *fill*         0x00004aca        0x2 
 .text._CalcFreeClusterCnt
                0x00004acc       0x88 ..\emFile_V322c\LinkLibrary\PSoC5\GCC\libemf32nosnlfn.a(FAT_Misc.o)
 .text.FS_FAT_FindFreeCluster
                0x00004b54       0xa8 ..\emFile_V322c\LinkLibrary\PSoC5\GCC\libemf32nosnlfn.a(FAT_Misc.o)
                0x00004b54                FS_FAT_FindFreeCluster
 .text.FS_FAT_AllocCluster
                0x00004bfc       0x20 ..\emFile_V322c\LinkLibrary\PSoC5\GCC\libemf32nosnlfn.a(FAT_Misc.o)
                0x00004bfc                FS_FAT_AllocCluster
 .text._WriteEmptyFATSectors
                0x00004c1c       0x3c ..\emFile_V322c\LinkLibrary\PSoC5\GCC\libemf32nosnlfn.a(FAT_Misc.o)
 .text.FS_FAT_FreeClusterChain
                0x00004c58       0xe0 ..\emFile_V322c\LinkLibrary\PSoC5\GCC\libemf32nosnlfn.a(FAT_Misc.o)
                0x00004c58                FS_FAT_FreeClusterChain
 .text.FS_FAT_CheckBPB
                0x00004d38      0x1cc ..\emFile_V322c\LinkLibrary\PSoC5\GCC\libemf32nosnlfn.a(FAT_Misc.o)
                0x00004d38                FS_FAT_CheckBPB
 .text.FS_FAT_InitDirEntryScan
                0x00004f04       0x14 ..\emFile_V322c\LinkLibrary\PSoC5\GCC\libemf32nosnlfn.a(FAT_Open.o)
                0x00004f04                FS_FAT_InitDirEntryScan
 .text.FS_FAT_IncDirPos
                0x00004f18        0x8 ..\emFile_V322c\LinkLibrary\PSoC5\GCC\libemf32nosnlfn.a(FAT_Open.o)
                0x00004f18                FS_FAT_IncDirPos
 .text._CopyDirText
                0x00004f20       0x44 ..\emFile_V322c\LinkLibrary\PSoC5\GCC\libemf32nosnlfn.a(FAT_Open.o)
 .text.FS_FAT_Make83Name
                0x00004f64       0xb0 ..\emFile_V322c\LinkLibrary\PSoC5\GCC\libemf32nosnlfn.a(FAT_Open.o)
                0x00004f64                FS_FAT_Make83Name
 .text.FS_FAT_GetDirEntry
                0x00005014       0xb2 ..\emFile_V322c\LinkLibrary\PSoC5\GCC\libemf32nosnlfn.a(FAT_Open.o)
                0x00005014                FS_FAT_GetDirEntry
 .text.FS_FAT_FindDirEntryShortEx
                0x000050c6       0x5a ..\emFile_V322c\LinkLibrary\PSoC5\GCC\libemf32nosnlfn.a(FAT_Open.o)
                0x000050c6                FS_FAT_FindDirEntryShortEx
 .text.FS_FAT_FindDirEntryShort
                0x00005120       0x36 ..\emFile_V322c\LinkLibrary\PSoC5\GCC\libemf32nosnlfn.a(FAT_Open.o)
                0x00005120                FS_FAT_FindDirEntryShort
 .text.FS_FAT_FindEmptyDirEntry
                0x00005156       0xb0 ..\emFile_V322c\LinkLibrary\PSoC5\GCC\libemf32nosnlfn.a(FAT_Open.o)
                0x00005156                FS_FAT_FindEmptyDirEntry
 .text.FS_FAT_GetFirstCluster
                0x00005206       0x1a ..\emFile_V322c\LinkLibrary\PSoC5\GCC\libemf32nosnlfn.a(FAT_Open.o)
                0x00005206                FS_FAT_GetFirstCluster
 .text.FS_FAT_FindPath
                0x00005220       0x7a ..\emFile_V322c\LinkLibrary\PSoC5\GCC\libemf32nosnlfn.a(FAT_Open.o)
                0x00005220                FS_FAT_FindPath
 .text.FS_FAT_DeleteFileOrDir
                0x0000529a       0x48 ..\emFile_V322c\LinkLibrary\PSoC5\GCC\libemf32nosnlfn.a(FAT_Open.o)
                0x0000529a                FS_FAT_DeleteFileOrDir
 *fill*         0x000052e2        0x2 
 .text.FS_FAT_Open
                0x000052e4      0x1dc ..\emFile_V322c\LinkLibrary\PSoC5\GCC\libemf32nosnlfn.a(FAT_Open.o)
                0x000052e4                FS_FAT_Open
 .text.FS_FAT_WriteDirEntryCluster
                0x000054c0       0x1c ..\emFile_V322c\LinkLibrary\PSoC5\GCC\libemf32nosnlfn.a(FAT_Open.o)
                0x000054c0                FS_FAT_WriteDirEntryCluster
 .text.FS_FAT_WriteDirEntry83
                0x000054dc       0x6c ..\emFile_V322c\LinkLibrary\PSoC5\GCC\libemf32nosnlfn.a(FAT_Open.o)
                0x000054dc                FS_FAT_WriteDirEntry83
 .text._WriteBurst
                0x00005548       0x24 ..\emFile_V322c\LinkLibrary\PSoC5\GCC\libemf32nosnlfn.a(FAT_Write.o)
 .text.FS_FAT_GotoClusterAllocIfReq
                0x0000556c       0xa8 ..\emFile_V322c\LinkLibrary\PSoC5\GCC\libemf32nosnlfn.a(FAT_Write.o)
                0x0000556c                FS_FAT_GotoClusterAllocIfReq
 .text.FS_FAT_UpdateDirEntry
                0x00005614       0x68 ..\emFile_V322c\LinkLibrary\PSoC5\GCC\libemf32nosnlfn.a(FAT_Write.o)
                0x00005614                FS_FAT_UpdateDirEntry
 .text.FS_FAT_Close
                0x0000567c       0x44 ..\emFile_V322c\LinkLibrary\PSoC5\GCC\libemf32nosnlfn.a(FAT_Write.o)
                0x0000567c                FS_FAT_Close
 .text.FS_FAT_Write
                0x000056c0      0x1c8 ..\emFile_V322c\LinkLibrary\PSoC5\GCC\libemf32nosnlfn.a(FAT_Write.o)
                0x000056c0                FS_FAT_Write
 .text.FS__CLIB_memcmp
                0x00005888       0x20 ..\emFile_V322c\LinkLibrary\PSoC5\GCC\libemf32nosnlfn.a(FS_CLib.o)
                0x00005888                FS__CLIB_memcmp
 .text.FS__CLIB_memset
                0x000058a8       0x6c ..\emFile_V322c\LinkLibrary\PSoC5\GCC\libemf32nosnlfn.a(FS_CLib.o)
                0x000058a8                FS__CLIB_memset
 .text.FS__CLIB_strcmp
                0x00005914       0x1a ..\emFile_V322c\LinkLibrary\PSoC5\GCC\libemf32nosnlfn.a(FS_CLib.o)
                0x00005914                FS__CLIB_strcmp
 .text.FS__CLIB_strlen
                0x0000592e       0x10 ..\emFile_V322c\LinkLibrary\PSoC5\GCC\libemf32nosnlfn.a(FS_CLib.o)
                0x0000592e                FS__CLIB_strlen
 .text.FS__CLIB_strncmp
                0x0000593e       0x26 ..\emFile_V322c\LinkLibrary\PSoC5\GCC\libemf32nosnlfn.a(FS_CLib.o)
                0x0000593e                FS__CLIB_strncmp
 .text.FS__CLIB_toupper
                0x00005964        0xe ..\emFile_V322c\LinkLibrary\PSoC5\GCC\libemf32nosnlfn.a(FS_CLib.o)
                0x00005964                FS__CLIB_toupper
 .text.FS__strchr
                0x00005972       0x14 ..\emFile_V322c\LinkLibrary\PSoC5\GCC\libemf32nosnlfn.a(FS_Core.o)
                0x00005972                FS__strchr
 .text.FS_LoadU32BE
                0x00005986       0x18 ..\emFile_V322c\LinkLibrary\PSoC5\GCC\libemf32nosnlfn.a(FS_Core.o)
                0x00005986                FS_LoadU32BE
 .text.FS_LoadU32LE
                0x0000599e       0x16 ..\emFile_V322c\LinkLibrary\PSoC5\GCC\libemf32nosnlfn.a(FS_Core.o)
                0x0000599e                FS_LoadU32LE
 .text.FS_StoreU32LE
                0x000059b4       0x14 ..\emFile_V322c\LinkLibrary\PSoC5\GCC\libemf32nosnlfn.a(FS_Core.o)
                0x000059b4                FS_StoreU32LE
 .text.FS_StoreU16LE
                0x000059c8        0x8 ..\emFile_V322c\LinkLibrary\PSoC5\GCC\libemf32nosnlfn.a(FS_Core.o)
                0x000059c8                FS_StoreU16LE
 .text.FS_LoadU16LE
                0x000059d0        0xa ..\emFile_V322c\LinkLibrary\PSoC5\GCC\libemf32nosnlfn.a(FS_Core.o)
                0x000059d0                FS_LoadU16LE
 *fill*         0x000059da        0x2 
 .text._Alloc   0x000059dc       0x30 ..\emFile_V322c\LinkLibrary\PSoC5\GCC\libemf32nosnlfn.a(FS_Core.o)
 .text.FS_Alloc
                0x00005a0c        0xc ..\emFile_V322c\LinkLibrary\PSoC5\GCC\libemf32nosnlfn.a(FS_Core.o)
                0x00005a0c                FS_Alloc
 .text.FS_TryAlloc
                0x00005a18        0x4 ..\emFile_V322c\LinkLibrary\PSoC5\GCC\libemf32nosnlfn.a(FS_Core.o)
                0x00005a18                FS_TryAlloc
 .text.FS_Free  0x00005a1c       0x1c ..\emFile_V322c\LinkLibrary\PSoC5\GCC\libemf32nosnlfn.a(FS_Core.o)
                0x00005a1c                FS_Free
 .text.FS_AssignMemory
                0x00005a38        0xc ..\emFile_V322c\LinkLibrary\PSoC5\GCC\libemf32nosnlfn.a(FS_Core.o)
                0x00005a38                FS_AssignMemory
 .text.FS_AllocZeroed
                0x00005a44       0x16 ..\emFile_V322c\LinkLibrary\PSoC5\GCC\libemf32nosnlfn.a(FS_Core.o)
                0x00005a44                FS_AllocZeroed
 *fill*         0x00005a5a        0x2 
 .text.FS_STORAGE_Init
                0x00005a5c       0x28 ..\emFile_V322c\LinkLibrary\PSoC5\GCC\libemf32nosnlfn.a(FS_Core.o)
                0x00005a5c                FS_STORAGE_Init
 .text.FS__GetFileSize
                0x00005a84        0xc ..\emFile_V322c\LinkLibrary\PSoC5\GCC\libemf32nosnlfn.a(FS_GetFileSize.o)
                0x00005a84                FS__GetFileSize
 .text.FS_GetFileSize
                0x00005a90        0x4 ..\emFile_V322c\LinkLibrary\PSoC5\GCC\libemf32nosnlfn.a(FS_GetFileSize.o)
                0x00005a90                FS_GetFileSize
 .text._ClrBusyLED
                0x00005a94        0xc ..\emFile_V322c\LinkLibrary\PSoC5\GCC\libemf32nosnlfn.a(FS_LogBlock.o)
 .text._SetBusyLED
                0x00005aa0        0xc ..\emFile_V322c\LinkLibrary\PSoC5\GCC\libemf32nosnlfn.a(FS_LogBlock.o)
 .text._Read    0x00005aac        0xc ..\emFile_V322c\LinkLibrary\PSoC5\GCC\libemf32nosnlfn.a(FS_LogBlock.o)
 .text._Write   0x00005ab8       0x12 ..\emFile_V322c\LinkLibrary\PSoC5\GCC\libemf32nosnlfn.a(FS_LogBlock.o)
 .text.FS_LB_GetStatus
                0x00005aca        0xc ..\emFile_V322c\LinkLibrary\PSoC5\GCC\libemf32nosnlfn.a(FS_LogBlock.o)
                0x00005aca                FS_LB_GetStatus
 .text.FS_LB_InitMedium
                0x00005ad6       0x1a ..\emFile_V322c\LinkLibrary\PSoC5\GCC\libemf32nosnlfn.a(FS_LogBlock.o)
                0x00005ad6                FS_LB_InitMedium
 .text.FS_LB_InitMediumIfRequired
                0x00005af0       0x10 ..\emFile_V322c\LinkLibrary\PSoC5\GCC\libemf32nosnlfn.a(FS_LogBlock.o)
                0x00005af0                FS_LB_InitMediumIfRequired
 .text.FS_LB_ReadDevice
                0x00005b00       0x2e ..\emFile_V322c\LinkLibrary\PSoC5\GCC\libemf32nosnlfn.a(FS_LogBlock.o)
                0x00005b00                FS_LB_ReadDevice
 .text.FS_LB_ReadPart
                0x00005b2e        0xe ..\emFile_V322c\LinkLibrary\PSoC5\GCC\libemf32nosnlfn.a(FS_LogBlock.o)
                0x00005b2e                FS_LB_ReadPart
 .text.FS_LB_ReadBurst
                0x00005b3c       0x38 ..\emFile_V322c\LinkLibrary\PSoC5\GCC\libemf32nosnlfn.a(FS_LogBlock.o)
                0x00005b3c                FS_LB_ReadBurst
 .text.FS_LB_ReadBurstPart
                0x00005b74       0x14 ..\emFile_V322c\LinkLibrary\PSoC5\GCC\libemf32nosnlfn.a(FS_LogBlock.o)
                0x00005b74                FS_LB_ReadBurstPart
 .text.FS_LB_WriteBurst
                0x00005b88       0x30 ..\emFile_V322c\LinkLibrary\PSoC5\GCC\libemf32nosnlfn.a(FS_LogBlock.o)
                0x00005b88                FS_LB_WriteBurst
 .text.FS_LB_WriteBurstPart
                0x00005bb8       0x14 ..\emFile_V322c\LinkLibrary\PSoC5\GCC\libemf32nosnlfn.a(FS_LogBlock.o)
                0x00005bb8                FS_LB_WriteBurstPart
 .text.FS_LB_WriteMultiple
                0x00005bcc       0x30 ..\emFile_V322c\LinkLibrary\PSoC5\GCC\libemf32nosnlfn.a(FS_LogBlock.o)
                0x00005bcc                FS_LB_WriteMultiple
 .text.FS_LB_WriteMultiplePart
                0x00005bfc       0x14 ..\emFile_V322c\LinkLibrary\PSoC5\GCC\libemf32nosnlfn.a(FS_LogBlock.o)
                0x00005bfc                FS_LB_WriteMultiplePart
 .text.FS_LB_WriteDevice
                0x00005c10       0x36 ..\emFile_V322c\LinkLibrary\PSoC5\GCC\libemf32nosnlfn.a(FS_LogBlock.o)
                0x00005c10                FS_LB_WriteDevice
 .text.FS_LB_WritePart
                0x00005c46        0xe ..\emFile_V322c\LinkLibrary\PSoC5\GCC\libemf32nosnlfn.a(FS_LogBlock.o)
                0x00005c46                FS_LB_WritePart
 .text.FS_GetSectorSize
                0x00005c54       0x28 ..\emFile_V322c\LinkLibrary\PSoC5\GCC\libemf32nosnlfn.a(FS_LogBlock.o)
                0x00005c54                FS_GetSectorSize
 .text.FS_LB_GetDeviceInfo
                0x00005c7c       0x26 ..\emFile_V322c\LinkLibrary\PSoC5\GCC\libemf32nosnlfn.a(FS_LogBlock.o)
                0x00005c7c                FS_LB_GetDeviceInfo
 .text.FS_memcpy
                0x00005ca2      0x120 ..\emFile_V322c\LinkLibrary\PSoC5\GCC\libemf32nosnlfn.a(FS_memcpy.o)
                0x00005ca2                FS_memcpy
 *fill*         0x00005dc2        0x2 
 .text.FS__AllocSectorBuffer
                0x00005dc4       0x2c ..\emFile_V322c\LinkLibrary\PSoC5\GCC\libemf32nosnlfn.a(FS_Misc.o)
                0x00005dc4                FS__AllocSectorBuffer
 .text.FS__FreeSectorBuffer
                0x00005df0       0x28 ..\emFile_V322c\LinkLibrary\PSoC5\GCC\libemf32nosnlfn.a(FS_Misc.o)
                0x00005df0                FS__FreeSectorBuffer
 .text.FS__SB_MarkDirty
                0x00005e18        0x6 ..\emFile_V322c\LinkLibrary\PSoC5\GCC\libemf32nosnlfn.a(FS_Misc.o)
                0x00005e18                FS__SB_MarkDirty
 .text.FS__SB_MarkNotDirty
                0x00005e1e        0x6 ..\emFile_V322c\LinkLibrary\PSoC5\GCC\libemf32nosnlfn.a(FS_Misc.o)
                0x00005e1e                FS__SB_MarkNotDirty
 .text.FS__FreeFileHandle
                0x00005e24        0xa ..\emFile_V322c\LinkLibrary\PSoC5\GCC\libemf32nosnlfn.a(FS_Misc.o)
                0x00005e24                FS__FreeFileHandle
 .text.FS__FreeFileObj
                0x00005e2e        0xc ..\emFile_V322c\LinkLibrary\PSoC5\GCC\libemf32nosnlfn.a(FS_Misc.o)
                0x00005e2e                FS__FreeFileObj
 .text.FS__FSeek
                0x00005e3a       0x42 ..\emFile_V322c\LinkLibrary\PSoC5\GCC\libemf32nosnlfn.a(FS_Misc.o)
                0x00005e3a                FS__FSeek
 .text.FS_FSeek
                0x00005e7c        0x4 ..\emFile_V322c\LinkLibrary\PSoC5\GCC\libemf32nosnlfn.a(FS_Misc.o)
                0x00005e7c                FS_FSeek
 .text.FS_Init  0x00005e80       0x58 ..\emFile_V322c\LinkLibrary\PSoC5\GCC\libemf32nosnlfn.a(FS_Misc.o)
                0x00005e80                FS_Init
 .text.FS__SB_Create
                0x00005ed8       0x28 ..\emFile_V322c\LinkLibrary\PSoC5\GCC\libemf32nosnlfn.a(FS_Misc.o)
                0x00005ed8                FS__SB_Create
 .text.FS__FCloseNL
                0x00005f00       0x1e ..\emFile_V322c\LinkLibrary\PSoC5\GCC\libemf32nosnlfn.a(FS_Misc.o)
                0x00005f00                FS__FCloseNL
 .text.FS__FClose
                0x00005f1e       0x1a ..\emFile_V322c\LinkLibrary\PSoC5\GCC\libemf32nosnlfn.a(FS_Misc.o)
                0x00005f1e                FS__FClose
 .text.FS_FClose
                0x00005f38        0xa ..\emFile_V322c\LinkLibrary\PSoC5\GCC\libemf32nosnlfn.a(FS_Misc.o)
                0x00005f38                FS_FClose
 *fill*         0x00005f42        0x2 
 .text.FS__AllocFileObj
                0x00005f44       0x48 ..\emFile_V322c\LinkLibrary\PSoC5\GCC\libemf32nosnlfn.a(FS_Misc.o)
                0x00005f44                FS__AllocFileObj
 .text.FS__AllocFileHandle
                0x00005f8c       0x40 ..\emFile_V322c\LinkLibrary\PSoC5\GCC\libemf32nosnlfn.a(FS_Misc.o)
                0x00005f8c                FS__AllocFileHandle
 .text.FS__OpenEx
                0x00005fcc       0x58 ..\emFile_V322c\LinkLibrary\PSoC5\GCC\libemf32nosnlfn.a(FS_Misc.o)
                0x00005fcc                FS__OpenEx
 .text.FS__FOpenEx
                0x00006024       0x56 ..\emFile_V322c\LinkLibrary\PSoC5\GCC\libemf32nosnlfn.a(FS_Misc.o)
                0x00006024                FS__FOpenEx
 *fill*         0x0000607a        0x2 
 .text.FS__FOpen
                0x0000607c       0x48 ..\emFile_V322c\LinkLibrary\PSoC5\GCC\libemf32nosnlfn.a(FS_Misc.o)
                0x0000607c                FS__FOpen
 .text.FS_FOpen
                0x000060c4        0x4 ..\emFile_V322c\LinkLibrary\PSoC5\GCC\libemf32nosnlfn.a(FS_Misc.o)
                0x000060c4                FS_FOpen
 .text.FS__SB_Write
                0x000060c8       0x24 ..\emFile_V322c\LinkLibrary\PSoC5\GCC\libemf32nosnlfn.a(FS_Misc.o)
                0x000060c8                FS__SB_Write
 .text._SB_Clean
                0x000060ec       0x24 ..\emFile_V322c\LinkLibrary\PSoC5\GCC\libemf32nosnlfn.a(FS_Misc.o)
 .text.FS__SB_SetSector
                0x00006110       0x20 ..\emFile_V322c\LinkLibrary\PSoC5\GCC\libemf32nosnlfn.a(FS_Misc.o)
                0x00006110                FS__SB_SetSector
 .text.FS__SB_Clean
                0x00006130        0x4 ..\emFile_V322c\LinkLibrary\PSoC5\GCC\libemf32nosnlfn.a(FS_Misc.o)
                0x00006130                FS__SB_Clean
 .text.FS__SB_Delete
                0x00006134       0x12 ..\emFile_V322c\LinkLibrary\PSoC5\GCC\libemf32nosnlfn.a(FS_Misc.o)
                0x00006134                FS__SB_Delete
 .text.FS__SB_Flush
                0x00006146        0x8 ..\emFile_V322c\LinkLibrary\PSoC5\GCC\libemf32nosnlfn.a(FS_Misc.o)
                0x00006146                FS__SB_Flush
 .text.FS__SB_Read
                0x0000614e       0x2a ..\emFile_V322c\LinkLibrary\PSoC5\GCC\libemf32nosnlfn.a(FS_Misc.o)
                0x0000614e                FS__SB_Read
 .text.FS__Read
                0x00006178       0x2e ..\emFile_V322c\LinkLibrary\PSoC5\GCC\libemf32nosnlfn.a(FS_Read.o)
                0x00006178                FS__Read
 .text.FS_Read  0x000061a6        0x4 ..\emFile_V322c\LinkLibrary\PSoC5\GCC\libemf32nosnlfn.a(FS_Read.o)
                0x000061a6                FS_Read
 .text.FS__AddPhysDevice
                0x000061aa       0x10 ..\emFile_V322c\LinkLibrary\PSoC5\GCC\libemf32nosnlfn.a(FS_Storage.o)
                0x000061aa                FS__AddPhysDevice
 *fill*         0x000061ba        0x2 
 .text.FS__FindVolume
                0x000061bc       0x78 ..\emFile_V322c\LinkLibrary\PSoC5\GCC\libemf32nosnlfn.a(FS_Storage.o)
                0x000061bc                FS__FindVolume
 .text.FS__AddDevice
                0x00006234       0x68 ..\emFile_V322c\LinkLibrary\PSoC5\GCC\libemf32nosnlfn.a(FS_Storage.o)
                0x00006234                FS__AddDevice
 .text.FS_AddDevice
                0x0000629c        0x4 ..\emFile_V322c\LinkLibrary\PSoC5\GCC\libemf32nosnlfn.a(FS_Storage.o)
                0x0000629c                FS_AddDevice
 .text._Mount   0x000062a0       0x2e ..\emFile_V322c\LinkLibrary\PSoC5\GCC\libemf32nosnlfn.a(FS_Volume.o)
 .text.FS__AutoMount
                0x000062ce       0x14 ..\emFile_V322c\LinkLibrary\PSoC5\GCC\libemf32nosnlfn.a(FS_Volume.o)
                0x000062ce                FS__AutoMount
 .text.FS__Write
                0x000062e2       0x3a ..\emFile_V322c\LinkLibrary\PSoC5\GCC\libemf32nosnlfn.a(FS_Write.o)
                0x000062e2                FS__Write
 .text.FS_Write
                0x0000631c        0x4 ..\emFile_V322c\LinkLibrary\PSoC5\GCC\libemf32nosnlfn.a(FS_Write.o)
                0x0000631c                FS_Write
 .text._ReadBurst
                0x00006320       0x24 ..\emFile_V322c\LinkLibrary\PSoC5\GCC\libemf32nosnlfn.a(FAT_Read.o)
 .text.FS_FAT_Read
                0x00006344      0x194 ..\emFile_V322c\LinkLibrary\PSoC5\GCC\libemf32nosnlfn.a(FAT_Read.o)
                0x00006344                FS_FAT_Read
 .text._IsBPB   0x000064d8       0x1e ..\emFile_V322c\LinkLibrary\PSoC5\GCC\libemf32nosnlfn.a(FS_Partition.o)
 .text._HasSignature
                0x000064f6       0x18 ..\emFile_V322c\LinkLibrary\PSoC5\GCC\libemf32nosnlfn.a(FS_Partition.o)
 .text._GetPartitionStartSector
                0x0000650e        0xc ..\emFile_V322c\LinkLibrary\PSoC5\GCC\libemf32nosnlfn.a(FS_Partition.o)
 .text.FS__GetMediaStartSecEx
                0x0000651a       0x6e ..\emFile_V322c\LinkLibrary\PSoC5\GCC\libemf32nosnlfn.a(FS_Partition.o)
                0x0000651a                FS__GetMediaStartSecEx
 .text.FS__LocatePartition
                0x00006588       0x44 ..\emFile_V322c\LinkLibrary\PSoC5\GCC\libemf32nosnlfn.a(FS_Partition.o)
                0x00006588                FS__LocatePartition
 .text.FS_X_AddDevices
                0x000065cc       0x1c .\CortexM3\ARM_GCC_541\Debug\Complete.a(emFile_ConfigMMC_SPI.o)
                0x000065cc                FS_X_AddDevices
 .text.FS_X_GetTimeDate
                0x000065e8        0x8 .\CortexM3\ARM_GCC_541\Debug\Complete.a(emFile_ConfigMMC_SPI.o)
                0x000065e8                FS_X_GetTimeDate
 .text._CalcDataCRC16Dummy
                0x000065f0        0x6 ..\emFile_V322c\LinkLibrary\PSoC5\GCC\libemf32nosnlfn.a(MMC_Drv.o)
 *fill*         0x000065f6        0x2 
 .text._MMC_GetNumUnits
                0x000065f8        0xc ..\emFile_V322c\LinkLibrary\PSoC5\GCC\libemf32nosnlfn.a(MMC_Drv.o)
 .text._MMC_GetDriverName
                0x00006604        0x8 ..\emFile_V322c\LinkLibrary\PSoC5\GCC\libemf32nosnlfn.a(MMC_Drv.o)
 .text._MMC_GetStatus
                0x0000660c        0x4 ..\emFile_V322c\LinkLibrary\PSoC5\GCC\libemf32nosnlfn.a(MMC_Drv.o)
 .text._CheckR1
                0x00006610       0x38 ..\emFile_V322c\LinkLibrary\PSoC5\GCC\libemf32nosnlfn.a(MMC_Drv.o)
 .text._WaitToGetReady
                0x00006648       0x26 ..\emFile_V322c\LinkLibrary\PSoC5\GCC\libemf32nosnlfn.a(MMC_Drv.o)
 .text._SendEmptyCycles
                0x0000666e       0x24 ..\emFile_V322c\LinkLibrary\PSoC5\GCC\libemf32nosnlfn.a(MMC_Drv.o)
 *fill*         0x00006692        0x2 
 .text._MMC_AddDevice
                0x00006694       0x2c ..\emFile_V322c\LinkLibrary\PSoC5\GCC\libemf32nosnlfn.a(MMC_Drv.o)
 .text.T.53     0x000066c0       0x14 ..\emFile_V322c\LinkLibrary\PSoC5\GCC\libemf32nosnlfn.a(MMC_Drv.o)
 .text._GetFromCSD
                0x000066d4       0x34 ..\emFile_V322c\LinkLibrary\PSoC5\GCC\libemf32nosnlfn.a(MMC_Drv.o)
 .text._ExecCmdR1
                0x00006708       0x98 ..\emFile_V322c\LinkLibrary\PSoC5\GCC\libemf32nosnlfn.a(MMC_Drv.o)
 .text._ReadCSD
                0x000067a0       0x86 ..\emFile_V322c\LinkLibrary\PSoC5\GCC\libemf32nosnlfn.a(MMC_Drv.o)
 *fill*         0x00006826        0x2 
 .text._MMC_Read
                0x00006828      0x130 ..\emFile_V322c\LinkLibrary\PSoC5\GCC\libemf32nosnlfn.a(MMC_Drv.o)
 .text._MMC_Write
                0x00006958      0x13c ..\emFile_V322c\LinkLibrary\PSoC5\GCC\libemf32nosnlfn.a(MMC_Drv.o)
 .text._ApplyCSD
                0x00006a94      0x228 ..\emFile_V322c\LinkLibrary\PSoC5\GCC\libemf32nosnlfn.a(MMC_Drv.o)
 .text._MMC_Init
                0x00006cbc      0x1c0 ..\emFile_V322c\LinkLibrary\PSoC5\GCC\libemf32nosnlfn.a(MMC_Drv.o)
 .text._MMC_InitMedium
                0x00006e7c       0x28 ..\emFile_V322c\LinkLibrary\PSoC5\GCC\libemf32nosnlfn.a(MMC_Drv.o)
 .text._MMC_IoCtl
                0x00006ea4       0x60 ..\emFile_V322c\LinkLibrary\PSoC5\GCC\libemf32nosnlfn.a(MMC_Drv.o)
 .text.emFile_Init
                0x00006f04       0x4c .\CortexM3\ARM_GCC_541\Debug\Complete.a(emFile_MMC_HW_SPI.o)
 .text.emFile_ReadWriteSPI
                0x00006f50       0x30 .\CortexM3\ARM_GCC_541\Debug\Complete.a(emFile_MMC_HW_SPI.o)
 .text.FS_MMC_HW_X_EnableCS
                0x00006f80       0x14 .\CortexM3\ARM_GCC_541\Debug\Complete.a(emFile_MMC_HW_SPI.o)
                0x00006f80                FS_MMC_HW_X_EnableCS
 .text.FS_MMC_HW_X_DisableCS
                0x00006f94       0x14 .\CortexM3\ARM_GCC_541\Debug\Complete.a(emFile_MMC_HW_SPI.o)
                0x00006f94                FS_MMC_HW_X_DisableCS
 .text.FS_MMC_HW_X_IsWriteProtected
                0x00006fa8        0x4 .\CortexM3\ARM_GCC_541\Debug\Complete.a(emFile_MMC_HW_SPI.o)
                0x00006fa8                FS_MMC_HW_X_IsWriteProtected
 .text.FS_MMC_HW_X_SetMaxSpeed
                0x00006fac       0x54 .\CortexM3\ARM_GCC_541\Debug\Complete.a(emFile_MMC_HW_SPI.o)
                0x00006fac                FS_MMC_HW_X_SetMaxSpeed
 .text.FS_MMC_HW_X_SetVoltage
                0x00007000       0x3c .\CortexM3\ARM_GCC_541\Debug\Complete.a(emFile_MMC_HW_SPI.o)
                0x00007000                FS_MMC_HW_X_SetVoltage
 .text.FS_MMC_HW_X_IsPresent
                0x0000703c        0xc .\CortexM3\ARM_GCC_541\Debug\Complete.a(emFile_MMC_HW_SPI.o)
                0x0000703c                FS_MMC_HW_X_IsPresent
 .text.FS_MMC_HW_X_Read
                0x00007048       0x1c .\CortexM3\ARM_GCC_541\Debug\Complete.a(emFile_MMC_HW_SPI.o)
                0x00007048                FS_MMC_HW_X_Read
 .text.FS_MMC_HW_X_Write
                0x00007064       0x18 .\CortexM3\ARM_GCC_541\Debug\Complete.a(emFile_MMC_HW_SPI.o)
                0x00007064                FS_MMC_HW_X_Write
 .text.emFile_SPI0_Enable
                0x0000707c       0x30 .\CortexM3\ARM_GCC_541\Debug\Complete.a(emFile_SPI0.o)
                0x0000707c                emFile_SPI0_Enable
 .text.emFile_SPI0_ReadTxStatus
                0x000070ac        0xc .\CortexM3\ARM_GCC_541\Debug\Complete.a(emFile_SPI0.o)
                0x000070ac                emFile_SPI0_ReadTxStatus
 .text.emFile_SPI0_ReadRxStatus
                0x000070b8        0xc .\CortexM3\ARM_GCC_541\Debug\Complete.a(emFile_SPI0.o)
                0x000070b8                emFile_SPI0_ReadRxStatus
 .text.emFile_SPI0_WriteTxData
                0x000070c4       0x18 .\CortexM3\ARM_GCC_541\Debug\Complete.a(emFile_SPI0.o)
                0x000070c4                emFile_SPI0_WriteTxData
 .text.emFile_SPI0_ReadRxData
                0x000070dc        0xc .\CortexM3\ARM_GCC_541\Debug\Complete.a(emFile_SPI0.o)
                0x000070dc                emFile_SPI0_ReadRxData
 .text.emFile_SPI0_ClearFIFO
                0x000070e8       0x3c .\CortexM3\ARM_GCC_541\Debug\Complete.a(emFile_SPI0.o)
                0x000070e8                emFile_SPI0_ClearFIFO
 .text.emFile_SPI0_Init
                0x00007124       0x2c .\CortexM3\ARM_GCC_541\Debug\Complete.a(emFile_SPI0.o)
                0x00007124                emFile_SPI0_Init
 .text.emFile_SPI0_Start
                0x00007150       0x1c .\CortexM3\ARM_GCC_541\Debug\Complete.a(emFile_SPI0.o)
                0x00007150                emFile_SPI0_Start
 .text.emFile_Clock_1_Start
                0x0000716c       0x1c .\CortexM3\ARM_GCC_541\Debug\Complete.a(emFile_Clock_1.o)
                0x0000716c                emFile_Clock_1_Start
 .text.emFile_Clock_1_Stop
                0x00007188       0x1c .\CortexM3\ARM_GCC_541\Debug\Complete.a(emFile_Clock_1.o)
                0x00007188                emFile_Clock_1_Stop
 .text.emFile_Clock_1_GetDividerRegister
                0x000071a4        0xc .\CortexM3\ARM_GCC_541\Debug\Complete.a(emFile_Clock_1.o)
                0x000071a4                emFile_Clock_1_GetDividerRegister
 .text.emFile_Clock_1_GetSourceRegister
                0x000071b0       0x10 .\CortexM3\ARM_GCC_541\Debug\Complete.a(emFile_Clock_1.o)
                0x000071b0                emFile_Clock_1_GetSourceRegister
 .text.emFile_Clock_1_SetDividerRegister
                0x000071c0       0xd8 .\CortexM3\ARM_GCC_541\Debug\Complete.a(emFile_Clock_1.o)
                0x000071c0                emFile_Clock_1_SetDividerRegister
 .text.emFile_SPI0_CS_Write
                0x00007298       0x18 .\CortexM3\ARM_GCC_541\Debug\Complete.a(emFile_SPI0_CS.o)
                0x00007298                emFile_SPI0_CS_Write
 .text.atoi     0x000072b0        0x8 c:/program files (x86)/cypress/psoc creator/4.3/psoc creator/import/gnu/arm/5.4.1/bin/../lib/gcc/arm-none-eabi/5.4.1/../../../../arm-none-eabi/lib/armv7-m\libg_nano.a(lib_a-atoi.o)
                0x000072b0                atoi
 .text.__errno  0x000072b8        0xc c:/program files (x86)/cypress/psoc creator/4.3/psoc creator/import/gnu/arm/5.4.1/bin/../lib/gcc/arm-none-eabi/5.4.1/../../../../arm-none-eabi/lib/armv7-m\libg_nano.a(lib_a-errno.o)
                0x000072b8                __errno
 .text.__libc_init_array
                0x000072c4       0x4c c:/program files (x86)/cypress/psoc creator/4.3/psoc creator/import/gnu/arm/5.4.1/bin/../lib/gcc/arm-none-eabi/5.4.1/../../../../arm-none-eabi/lib/armv7-m\libg_nano.a(lib_a-init.o)
                0x000072c4                __libc_init_array
 .text.memcpy   0x00007310       0x16 c:/program files (x86)/cypress/psoc creator/4.3/psoc creator/import/gnu/arm/5.4.1/bin/../lib/gcc/arm-none-eabi/5.4.1/../../../../arm-none-eabi/lib/armv7-m\libg_nano.a(lib_a-memcpy-stub.o)
                0x00007310                memcpy
 .text.memset   0x00007326       0x10 c:/program files (x86)/cypress/psoc creator/4.3/psoc creator/import/gnu/arm/5.4.1/bin/../lib/gcc/arm-none-eabi/5.4.1/../../../../arm-none-eabi/lib/armv7-m\libg_nano.a(lib_a-memset.o)
                0x00007326                memset
 *fill*         0x00007336        0x2 
 .text.sprintf  0x00007338       0x48 c:/program files (x86)/cypress/psoc creator/4.3/psoc creator/import/gnu/arm/5.4.1/bin/../lib/gcc/arm-none-eabi/5.4.1/../../../../arm-none-eabi/lib/armv7-m\libg_nano.a(lib_a-sprintf.o)
                0x00007338                siprintf
                0x00007338                sprintf
 .text.strcat   0x00007380       0x1e c:/program files (x86)/cypress/psoc creator/4.3/psoc creator/import/gnu/arm/5.4.1/bin/../lib/gcc/arm-none-eabi/5.4.1/../../../../arm-none-eabi/lib/armv7-m\libg_nano.a(lib_a-strcat.o)
                0x00007380                strcat
 .text.strcpy   0x0000739e       0x10 c:/program files (x86)/cypress/psoc creator/4.3/psoc creator/import/gnu/arm/5.4.1/bin/../lib/gcc/arm-none-eabi/5.4.1/../../../../arm-none-eabi/lib/armv7-m\libg_nano.a(lib_a-strcpy.o)
                0x0000739e                strcpy
 .text          0x000073ae       0x10 c:/program files (x86)/cypress/psoc creator/4.3/psoc creator/import/gnu/arm/5.4.1/bin/../lib/gcc/arm-none-eabi/5.4.1/../../../../arm-none-eabi/lib/armv7-m\libg_nano.a(lib_a-strlen.o)
                0x000073ae                strlen
 *fill*         0x000073be        0x2 
 .text._strtol_r
                0x000073c0      0x10c c:/program files (x86)/cypress/psoc creator/4.3/psoc creator/import/gnu/arm/5.4.1/bin/../lib/gcc/arm-none-eabi/5.4.1/../../../../arm-none-eabi/lib/armv7-m\libg_nano.a(lib_a-strtol.o)
                0x000073c0                _strtol_r
 .text.strtol   0x000074cc       0x14 c:/program files (x86)/cypress/psoc creator/4.3/psoc creator/import/gnu/arm/5.4.1/bin/../lib/gcc/arm-none-eabi/5.4.1/../../../../arm-none-eabi/lib/armv7-m\libg_nano.a(lib_a-strtol.o)
                0x000074cc                strtol
 .text.__ssputs_r
                0x000074e0       0xb2 c:/program files (x86)/cypress/psoc creator/4.3/psoc creator/import/gnu/arm/5.4.1/bin/../lib/gcc/arm-none-eabi/5.4.1/../../../../arm-none-eabi/lib/armv7-m\libg_nano.a(lib_a-nano-svfprintf.o)
                0x000074e0                __ssputs_r
 *fill*         0x00007592        0x2 
 .text._svfprintf_r
                0x00007594      0x1e8 c:/program files (x86)/cypress/psoc creator/4.3/psoc creator/import/gnu/arm/5.4.1/bin/../lib/gcc/arm-none-eabi/5.4.1/../../../../arm-none-eabi/lib/armv7-m\libg_nano.a(lib_a-nano-svfprintf.o)
                0x00007594                _svfiprintf_r
                0x00007594                _svfprintf_r
 .text._printf_common
                0x0000777c       0xec c:/program files (x86)/cypress/psoc creator/4.3/psoc creator/import/gnu/arm/5.4.1/bin/../lib/gcc/arm-none-eabi/5.4.1/../../../../arm-none-eabi/lib/armv7-m\libg_nano.a(lib_a-nano-vfprintf_i.o)
                0x0000777c                _printf_common
 .text._printf_i
                0x00007868      0x24c c:/program files (x86)/cypress/psoc creator/4.3/psoc creator/import/gnu/arm/5.4.1/bin/../lib/gcc/arm-none-eabi/5.4.1/../../../../arm-none-eabi/lib/armv7-m\libg_nano.a(lib_a-nano-vfprintf_i.o)
                0x00007868                _printf_i
 .text.memchr   0x00007ab4       0x1c c:/program files (x86)/cypress/psoc creator/4.3/psoc creator/import/gnu/arm/5.4.1/bin/../lib/gcc/arm-none-eabi/5.4.1/../../../../arm-none-eabi/lib/armv7-m\libg_nano.a(lib_a-memchr-stub.o)
                0x00007ab4                memchr
 .text.memmove  0x00007ad0       0x36 c:/program files (x86)/cypress/psoc creator/4.3/psoc creator/import/gnu/arm/5.4.1/bin/../lib/gcc/arm-none-eabi/5.4.1/../../../../arm-none-eabi/lib/armv7-m\libg_nano.a(lib_a-memmove.o)
                0x00007ad0                memmove
 *fill*         0x00007b06        0x2 
 .text._free_r  0x00007b08       0x98 c:/program files (x86)/cypress/psoc creator/4.3/psoc creator/import/gnu/arm/5.4.1/bin/../lib/gcc/arm-none-eabi/5.4.1/../../../../arm-none-eabi/lib/armv7-m\libg_nano.a(lib_a-nano-freer.o)
                0x00007b08                _free_r
 .text._malloc_r
                0x00007ba0       0xbc c:/program files (x86)/cypress/psoc creator/4.3/psoc creator/import/gnu/arm/5.4.1/bin/../lib/gcc/arm-none-eabi/5.4.1/../../../../arm-none-eabi/lib/armv7-m\libg_nano.a(lib_a-nano-mallocr.o)
                0x00007ba0                _malloc_r
 .text._realloc_r
                0x00007c5c       0x4c c:/program files (x86)/cypress/psoc creator/4.3/psoc creator/import/gnu/arm/5.4.1/bin/../lib/gcc/arm-none-eabi/5.4.1/../../../../arm-none-eabi/lib/armv7-m\libg_nano.a(lib_a-nano-reallocr.o)
                0x00007c5c                _realloc_r
 .text._sbrk_r  0x00007ca8       0x20 c:/program files (x86)/cypress/psoc creator/4.3/psoc creator/import/gnu/arm/5.4.1/bin/../lib/gcc/arm-none-eabi/5.4.1/../../../../arm-none-eabi/lib/armv7-m\libg_nano.a(lib_a-sbrkr.o)
                0x00007ca8                _sbrk_r
 .text.__malloc_lock
                0x00007cc8        0x2 c:/program files (x86)/cypress/psoc creator/4.3/psoc creator/import/gnu/arm/5.4.1/bin/../lib/gcc/arm-none-eabi/5.4.1/../../../../arm-none-eabi/lib/armv7-m\libg_nano.a(lib_a-mlock.o)
                0x00007cc8                __malloc_lock
 .text.__malloc_unlock
                0x00007cca        0x2 c:/program files (x86)/cypress/psoc creator/4.3/psoc creator/import/gnu/arm/5.4.1/bin/../lib/gcc/arm-none-eabi/5.4.1/../../../../arm-none-eabi/lib/armv7-m\libg_nano.a(lib_a-mlock.o)
                0x00007cca                __malloc_unlock
 .text._malloc_usable_size_r
                0x00007ccc       0x14 c:/program files (x86)/cypress/psoc creator/4.3/psoc creator/import/gnu/arm/5.4.1/bin/../lib/gcc/arm-none-eabi/5.4.1/../../../../arm-none-eabi/lib/armv7-m\libg_nano.a(lib_a-nano-msizer.o)
                0x00007ccc                _malloc_usable_size_r
 *(.plt)
 *(.gnu.warning)
 *(.glue_7t)
 .glue_7t       0x00007ce0        0x0 linker stubs
 *(.glue_7)
 .glue_7        0x00007ce0        0x0 linker stubs
 *(.vfp11_veneer)
 .vfp11_veneer  0x00007ce0        0x0 linker stubs
 *(.bootloader)
 *(.ARM.extab* .gnu.linkonce.armextab.*)
 *(.gcc_except_table)

.v4_bx          0x00007ce0        0x0
 .v4_bx         0x00007ce0        0x0 linker stubs

.iplt           0x00007ce0        0x0
 .iplt          0x00007ce0        0x0 c:/program files (x86)/cypress/psoc creator/4.3/psoc creator/import/gnu/arm/5.4.1/bin/../lib/gcc/arm-none-eabi/5.4.1/armv7-m/crtbegin.o

.eh_frame_hdr
 *(.eh_frame_hdr)

.eh_frame       0x00007ce0        0x4
 *(.eh_frame)
 .eh_frame      0x00007ce0        0x0 c:/program files (x86)/cypress/psoc creator/4.3/psoc creator/import/gnu/arm/5.4.1/bin/../lib/gcc/arm-none-eabi/5.4.1/armv7-m/crtbegin.o
 .eh_frame      0x00007ce0        0x4 c:/program files (x86)/cypress/psoc creator/4.3/psoc creator/import/gnu/arm/5.4.1/bin/../lib/gcc/arm-none-eabi/5.4.1/armv7-m/crtend.o
                [!provide]                PROVIDE (__exidx_start, .)

.ARM.exidx
 *(.ARM.exidx* .gnu.linkonce.armexidx.*)
                0x00007ce4                __exidx_end = .

.rodata         0x00007ce4      0xfb4
 *(.rodata .rodata.* .gnu.linkonce.r.*)
 .rodata.str1.4
                0x00007ce4       0x22 .\CortexM3\ARM_GCC_541\Debug\main.o
 *fill*         0x00007d06        0x2 
 .rodata.str1.4
                0x00007d08      0x1a3 .\CortexM3\ARM_GCC_541\Debug\pk_sdrecorddb.o
                                0x1b3 (size before relaxing)
 *fill*         0x00007eab        0x1 
 .rodata        0x00007eac       0x40 .\CortexM3\ARM_GCC_541\Debug\pk_serialfuncs.o
 .rodata.str1.4
                0x00007eec      0x1be .\CortexM3\ARM_GCC_541\Debug\pk_serialfuncs.o
                                0x1c2 (size before relaxing)
 *fill*         0x000080aa        0x2 
 .rodata        0x000080ac        0xb .\CortexM3\ARM_GCC_541\Debug\ds3231.o
                0x000080ac                daysInMonth
 *fill*         0x000080b7        0x1 
 .rodata.str1.4
                0x000080b8       0x52 .\CortexM3\ARM_GCC_541\Debug\pk_ui.o
                                 0x56 (size before relaxing)
 *fill*         0x0000810a        0x2 
 .rodata        0x0000810c      0x51f .\CortexM3\ARM_GCC_541\Debug\ssd1306.o
 *fill*         0x0000862b        0x1 
 .rodata.str1.4
                0x0000862c       0x62 .\CortexM3\ARM_GCC_541\Debug\pk_usb.o
 *fill*         0x0000868e        0x2 
 .rodata        0x00008690       0x60 .\CortexM3\ARM_GCC_541\Debug\cyfitter_cfg.o
 .rodata.str1.4
                0x000086f0       0x14 .\CortexM3\ARM_GCC_541\Debug\Complete.a(USBFS_std.o)
                                 0x11 (size before relaxing)
 .rodata        0x00008704      0x2fa .\CortexM3\ARM_GCC_541\Debug\Complete.a(USBFS_descr.o)
                0x00008704                USBFS_TABLE
                0x0000870c                USBFS_DEVICE0_TABLE
                0x00008724                USBFS_DEVICE0_CONFIGURATION0_TABLE
                0x00008754                USBFS_DEVICE0_CONFIGURATION0_INTERFACE_CLASS
                0x00008758                USBFS_DEVICE0_CONFIGURATION0_EP_SETTINGS_TABLE
                0x00008780                USBFS_DEVICE0_CONFIGURATION0_INTERFACE3_TABLE
                0x00008788                USBFS_DEVICE0_CONFIGURATION0_INTERFACE3_ALTERNATE0_HID_TABLE
                0x000087b0                USBFS_DEVICE0_CONFIGURATION0_INTERFACE3_ALTERNATE0_HID_OUT_RPT_TABLE
                0x000087bc                USBFS_DEVICE0_CONFIGURATION0_INTERFACE3_ALTERNATE0_HID_IN_RPT_TABLE
                0x000087c8                USBFS_HIDREPORT_DESCRIPTOR1
                0x00008810                USBFS_SN_STRING_DESCRIPTOR
                0x00008814                USBFS_STRING_DESCRIPTORS
                0x00008980                USBFS_DEVICE0_CONFIGURATION0_DESCR
                0x000089ec                USBFS_DEVICE0_DESCR
 *fill*         0x000089fe        0x2 
 .rodata        0x00008a00       0x10 ..\emFile_V322c\LinkLibrary\PSoC5\GCC\libemf32nosnlfn.a(FAT_Misc.o)
                0x00008a00                FAT_SFN_API
 .rodata.str1.1
                0x00008a10        0x3 ..\emFile_V322c\LinkLibrary\PSoC5\GCC\libemf32nosnlfn.a(FAT_Open.o)
 *fill*         0x00008a13        0x1 
 .rodata        0x00008a14       0x78 ..\emFile_V322c\LinkLibrary\PSoC5\GCC\libemf32nosnlfn.a(FS_Misc.o)
 .rodata.str1.1
                0x00008a8c       0x30 ..\emFile_V322c\LinkLibrary\PSoC5\GCC\libemf32nosnlfn.a(FS_Misc.o)
 .rodata        0x00008abc       0x68 ..\emFile_V322c\LinkLibrary\PSoC5\GCC\libemf32nosnlfn.a(MMC_Drv.o)
                0x00008b04                FS_MMC_SPI_Driver
 .rodata.str1.1
                0x00008b24        0x4 ..\emFile_V322c\LinkLibrary\PSoC5\GCC\libemf32nosnlfn.a(MMC_Drv.o)
 .rodata.str1.1
                0x00008b28        0x2 c:/program files (x86)/cypress/psoc creator/4.3/psoc creator/import/gnu/arm/5.4.1/bin/../lib/gcc/arm-none-eabi/5.4.1/../../../../arm-none-eabi/lib/armv7-m\libg_nano.a(lib_a-impure.o)
 .rodata._ctype_
                0x00008b2a      0x101 c:/program files (x86)/cypress/psoc creator/4.3/psoc creator/import/gnu/arm/5.4.1/bin/../lib/gcc/arm-none-eabi/5.4.1/../../../../arm-none-eabi/lib/armv7-m\libg_nano.a(lib_a-ctype_.o)
                0x00008b2a                _ctype_
 .rodata.str1.1
                0x00008c2b       0x11 c:/program files (x86)/cypress/psoc creator/4.3/psoc creator/import/gnu/arm/5.4.1/bin/../lib/gcc/arm-none-eabi/5.4.1/../../../../arm-none-eabi/lib/armv7-m\libg_nano.a(lib_a-nano-svfprintf.o)
 .rodata.str1.1
                0x00008c3c       0x22 c:/program files (x86)/cypress/psoc creator/4.3/psoc creator/import/gnu/arm/5.4.1/bin/../lib/gcc/arm-none-eabi/5.4.1/../../../../arm-none-eabi/lib/armv7-m\libg_nano.a(lib_a-nano-vfprintf_i.o)
                0x00008c60                . = ALIGN (0x4)
 *fill*         0x00008c5e        0x2 
 *(.init)
 .init          0x00008c60        0x4 c:/program files (x86)/cypress/psoc creator/4.3/psoc creator/import/gnu/arm/5.4.1/bin/../lib/gcc/arm-none-eabi/5.4.1/armv7-m/crti.o
                0x00008c60                _init
 .init          0x00008c64        0x8 c:/program files (x86)/cypress/psoc creator/4.3/psoc creator/import/gnu/arm/5.4.1/bin/../lib/gcc/arm-none-eabi/5.4.1/armv7-m/crtn.o
                0x00008c6c                . = ALIGN (0x4)
                0x00008c6c                __preinit_array_start = .
 *(.preinit_array)
                0x00008c6c                __preinit_array_end = .
                0x00008c6c                . = ALIGN (0x4)
                0x00008c6c                __init_array_start = .
 *(SORT(.init_array.*))
 *(.init_array)
 .init_array    0x00008c6c        0x4 c:/program files (x86)/cypress/psoc creator/4.3/psoc creator/import/gnu/arm/5.4.1/bin/../lib/gcc/arm-none-eabi/5.4.1/armv7-m/crtbegin.o
 .init_array    0x00008c70        0x4 .\CortexM3\ARM_GCC_541\Debug\Cm3Start.o
                0x00008c74                __init_array_end = .
                0x00008c74                . = ALIGN (0x4)
 *(.fini)
 .fini          0x00008c74        0x4 c:/program files (x86)/cypress/psoc creator/4.3/psoc creator/import/gnu/arm/5.4.1/bin/../lib/gcc/arm-none-eabi/5.4.1/armv7-m/crti.o
                0x00008c74                _fini
 .fini          0x00008c78        0x8 c:/program files (x86)/cypress/psoc creator/4.3/psoc creator/import/gnu/arm/5.4.1/bin/../lib/gcc/arm-none-eabi/5.4.1/armv7-m/crtn.o
                0x00008c80                . = ALIGN (0x4)
                0x00008c80                __fini_array_start = .
 *(.fini_array)
 .fini_array    0x00008c80        0x4 c:/program files (x86)/cypress/psoc creator/4.3/psoc creator/import/gnu/arm/5.4.1/bin/../lib/gcc/arm-none-eabi/5.4.1/armv7-m/crtbegin.o
 *(SORT(.fini_array.*))
                0x00008c84                __fini_array_end = .
                0x00008c84                . = ALIGN (0x4)
 *crtbegin.o(.ctors)
 *(EXCLUDE_FILE(*crtend.o) .ctors)
 *(SORT(.ctors.*))
 *crtend.o(.ctors)
                0x00008c84                . = ALIGN (0x4)
 *crtbegin.o(.dtors)
 *(EXCLUDE_FILE(*crtend.o) .dtors)
 *(SORT(.dtors.*))
 *crtend.o(.dtors)
                0x00008c84                . = ALIGN (0x4)
                0x00008c84                __cy_regions = .
                0x00008c84        0x4 LONG 0x8c98 __cy_region_init_ram
                0x00008c88        0x4 LONG 0x1fff80c8 __cy_region_start_data
                0x00008c8c        0x4 LONG 0xd38 __cy_region_init_size_ram
                0x00008c90        0x4 LONG 0x1320 __cy_region_zero_size_ram
                0x00008c94                __cy_regions_end = .
                0x00008c98                . = ALIGN (0x8)
 *fill*         0x00008c94        0x4 
                0x00008c98                _etext = .

.cy_checksum_exclude
                0x00008c98        0x0
 *(.cy_checksum_exclude)

.ramvectors     0x1fff8000       0xc0
                0x1fff8000                __cy_region_start_ram = .
 *(.ramvectors)
 .ramvectors    0x1fff8000       0xc0 .\CortexM3\ARM_GCC_541\Debug\Cm3Start.o
                0x1fff8000                CyRamVectors

.noinit         0x1fff80c0        0x1
 *(.noinit)
 .noinit        0x1fff80c0        0x1 .\CortexM3\ARM_GCC_541\Debug\Complete.a(CyLib.o)
                0x1fff80c0                CyResetStatus

.data           0x1fff80c8      0xd38 load address 0x00008c98
                0x1fff80c8                __cy_region_start_data = .
 *(.jcr)
 .jcr           0x1fff80c8        0x0 c:/program files (x86)/cypress/psoc creator/4.3/psoc creator/import/gnu/arm/5.4.1/bin/../lib/gcc/arm-none-eabi/5.4.1/armv7-m/crtbegin.o
 .jcr           0x1fff80c8        0x4 c:/program files (x86)/cypress/psoc creator/4.3/psoc creator/import/gnu/arm/5.4.1/bin/../lib/gcc/arm-none-eabi/5.4.1/armv7-m/crtend.o
 *(.got.plt)
 *(.got)
 *(.shdata)
 *(.data .data.* .gnu.linkonce.d.*)
 .data          0x1fff80cc       0x4c .\CortexM3\ARM_GCC_541\Debug\pk_sdrecorddb.o
                0x1fff80cc                sdFile
                0x1fff80d8                example_record
 .data          0x1fff8118      0x1c8 .\CortexM3\ARM_GCC_541\Debug\pk_serialfuncs.o
                0x1fff8118                last_serial_cmd_length
                0x1fff811c                s_main_state
                0x1fff8120                main_menu
                0x1fff8200                pass_menu
 .data          0x1fff82e0        0x4 .\CortexM3\ARM_GCC_541\Debug\pk_record.o
                0x1fff82e0                record_size
 .data          0x1fff82e4      0x374 .\CortexM3\ARM_GCC_541\Debug\pk_ui.o
                0x1fff82e4                record_buffer
                0x1fff85e4                buff_size
                0x1fff85e8                detail_menu_size
                0x1fff85ec                detail_menu_left
                0x1fff85f0                detail_menu_top
                0x1fff85f4                detail_menu_items
 .data          0x1fff8658      0x401 .\CortexM3\ARM_GCC_541\Debug\ssd1306.o
 *fill*         0x1fff8a59        0x3 
 .data          0x1fff8a5c      0x304 .\CortexM3\ARM_GCC_541\Debug\pk_usb.o
                0x1fff8a5c                rx_buff_length
                0x1fff8a60                ascii_to_hid
 .data          0x1fff8d60        0x4 .\CortexM3\ARM_GCC_541\Debug\Cm3Start.o
 .data          0x1fff8d64       0x10 .\CortexM3\ARM_GCC_541\Debug\Complete.a(CyLib.o)
                0x1fff8d64                cydelay_32k_ms
                0x1fff8d68                cydelay_freq_khz
                0x1fff8d6c                cydelay_freq_mhz
                0x1fff8d70                cydelay_freq_hz
 .data          0x1fff8d74       0x1a .\CortexM3\ARM_GCC_541\Debug\Complete.a(USBFS_cdc.o)
                0x1fff8d74                USBFS_linesCoding
 *fill*         0x1fff8d8e        0x2 
 .data          0x1fff8d90        0x4 ..\emFile_V322c\LinkLibrary\PSoC5\GCC\libemf32nosnlfn.a(FAT_Misc.o)
                0x1fff8d90                FAT_pDirEntryAPI
 .data          0x1fff8d94        0x4 ..\emFile_V322c\LinkLibrary\PSoC5\GCC\libemf32nosnlfn.a(MMC_Drv.o)
 .data.impure_data
                0x1fff8d98       0x60 c:/program files (x86)/cypress/psoc creator/4.3/psoc creator/import/gnu/arm/5.4.1/bin/../lib/gcc/arm-none-eabi/5.4.1/../../../../arm-none-eabi/lib/armv7-m\libg_nano.a(lib_a-impure.o)
 .data._impure_ptr
                0x1fff8df8        0x4 c:/program files (x86)/cypress/psoc creator/4.3/psoc creator/import/gnu/arm/5.4.1/bin/../lib/gcc/arm-none-eabi/5.4.1/../../../../arm-none-eabi/lib/armv7-m\libg_nano.a(lib_a-impure.o)
                0x1fff8df8                _impure_ptr
 .data.__ctype_ptr__
                0x1fff8dfc        0x4 c:/program files (x86)/cypress/psoc creator/4.3/psoc creator/import/gnu/arm/5.4.1/bin/../lib/gcc/arm-none-eabi/5.4.1/../../../../arm-none-eabi/lib/armv7-m\libg_nano.a(lib_a-ctype_.o)
                0x1fff8dfc                __ctype_ptr__
                0x1fff8e00                . = ALIGN (0x8)
 *(.ram)
                0x1fff8e00                _edata = .

.igot.plt       0x1fff8e00        0x0 load address 0x000099d0
 .igot.plt      0x1fff8e00        0x0 c:/program files (x86)/cypress/psoc creator/4.3/psoc creator/import/gnu/arm/5.4.1/bin/../lib/gcc/arm-none-eabi/5.4.1/armv7-m/crtbegin.o

.bss            0x1fff8e00     0x1320 load address 0x000099d0
                0x1fff8e00                PROVIDE (__bss_start__, .)
 *(.shbss)
 *(.bss .bss.* .gnu.linkonce.b.*)
 .bss           0x1fff8e00       0x1c c:/program files (x86)/cypress/psoc creator/4.3/psoc creator/import/gnu/arm/5.4.1/bin/../lib/gcc/arm-none-eabi/5.4.1/armv7-m/crtbegin.o
 .bss           0x1fff8e1c       0x44 .\CortexM3\ARM_GCC_541\Debug\pk_serialfuncs.o
                0x1fff8e1c                s_sec_state
                0x1fff8e20                new_record
 .bss           0x1fff8e60        0xd .\CortexM3\ARM_GCC_541\Debug\pk_ui.o
                0x1fff8e60                num_loaded
                0x1fff8e64                buff_offset
                0x1fff8e68                prev_index
                0x1fff8e6c                display_state
 *fill*         0x1fff8e6d        0x1 
 .bss           0x1fff8e6e       0x10 .\CortexM3\ARM_GCC_541\Debug\ssd1306.o
 *fill*         0x1fff8e7e        0x2 
 .bss           0x1fff8e80       0x29 .\CortexM3\ARM_GCC_541\Debug\pk_usb.o
                0x1fff8e80                rx_buffer
                0x1fff8ea0                KB_Data
                0x1fff8ea8                KB_Initialized
 .bss           0x1fff8ea9        0x2 .\CortexM3\ARM_GCC_541\Debug\Complete.a(UART_1.o)
                0x1fff8ea9                UART_1_initVar
 .bss           0x1fff8eab        0x1 .\CortexM3\ARM_GCC_541\Debug\Complete.a(Dial.o)
                0x1fff8eab                Dial_initVar
 .bss           0x1fff8eac        0x1 .\CortexM3\ARM_GCC_541\Debug\Complete.a(PRS.o)
                0x1fff8eac                PRS_initVar
 .bss           0x1fff8ead        0x1 .\CortexM3\ARM_GCC_541\Debug\Complete.a(I2CRTC.o)
                0x1fff8ead                I2CRTC_initVar
 .bss           0x1fff8eae        0x1 .\CortexM3\ARM_GCC_541\Debug\Complete.a(Dial_Cnt8.o)
                0x1fff8eae                Dial_Cnt8_initVar
 .bss           0x1fff8eaf        0x1 .\CortexM3\ARM_GCC_541\Debug\Complete.a(I2COLED.o)
                0x1fff8eaf                I2COLED_initVar
 .bss           0x1fff8eb0        0x1 .\CortexM3\ARM_GCC_541\Debug\Complete.a(USBFS.o)
                0x1fff8eb0                USBFS_initVar
 .bss           0x1fff8eb1        0x1 .\CortexM3\ARM_GCC_541\Debug\Complete.a(USBFS_cdc.o)
 *fill*         0x1fff8eb2        0x2 
 .bss           0x1fff8eb4        0x2 .\CortexM3\ARM_GCC_541\Debug\Complete.a(USBFS_std.o)
 *fill*         0x1fff8eb6        0x2 
 .bss           0x1fff8eb8        0xc ..\emFile_V322c\LinkLibrary\PSoC5\GCC\libemf32nosnlfn.a(FS_Core.o)
 .bss           0x1fff8ec4     0x1000 .\CortexM3\ARM_GCC_541\Debug\Complete.a(emFile_ConfigMMC_SPI.o)
 .bss           0x1fff9ec4       0x14 ..\emFile_V322c\LinkLibrary\PSoC5\GCC\libemf32nosnlfn.a(MMC_Drv.o)
 .bss           0x1fff9ed8        0x1 .\CortexM3\ARM_GCC_541\Debug\Complete.a(emFile_MMC_HW_SPI.o)
 .bss           0x1fff9ed9        0x1 .\CortexM3\ARM_GCC_541\Debug\Complete.a(emFile_SPI0.o)
                0x1fff9ed9                emFile_SPI0_initVar
 *fill*         0x1fff9eda        0x2 
 .bss.__malloc_sbrk_start
                0x1fff9edc        0x4 c:/program files (x86)/cypress/psoc creator/4.3/psoc creator/import/gnu/arm/5.4.1/bin/../lib/gcc/arm-none-eabi/5.4.1/../../../../arm-none-eabi/lib/armv7-m\libg_nano.a(lib_a-nano-mallocr.o)
                0x1fff9edc                __malloc_sbrk_start
 .bss.__malloc_free_list
                0x1fff9ee0        0x4 c:/program files (x86)/cypress/psoc creator/4.3/psoc creator/import/gnu/arm/5.4.1/bin/../lib/gcc/arm-none-eabi/5.4.1/../../../../arm-none-eabi/lib/armv7-m\libg_nano.a(lib_a-nano-mallocr.o)
                0x1fff9ee0                __malloc_free_list
 *(COMMON)
 COMMON         0x1fff9ee4       0x52 .\CortexM3\ARM_GCC_541\Debug\main.o
                0x1fff9ee4                curr_record
                0x1fff9f24                enc_sw_flag
                0x1fff9f25                sw1_flag
                0x1fff9f28                pFile
                0x1fff9f2c                sdVolName
 *fill*         0x1fff9f36        0x2 
 COMMON         0x1fff9f38       0x1e .\CortexM3\ARM_GCC_541\Debug\pk_serialfuncs.o
                0x1fff9f38                last_serial_cmd
 *fill*         0x1fff9f56        0x2 
 COMMON         0x1fff9f58        0xa .\CortexM3\ARM_GCC_541\Debug\ds3231.o
                0x1fff9f58                RTC_read_buff
 COMMON         0x1fff9f62        0x7 .\CortexM3\ARM_GCC_541\Debug\ssd1306.o
                0x1fff9f62                WIDTH
                0x1fff9f64                rotation
                0x1fff9f66                HEIGHT
                0x1fff9f68                wrap
 COMMON         0x1fff9f69        0x1 .\CortexM3\ARM_GCC_541\Debug\Complete.a(I2CRTC.o)
                0x1fff9f69                I2CRTC_state
 *fill*         0x1fff9f6a        0x2 
 COMMON         0x1fff9f6c       0x11 .\CortexM3\ARM_GCC_541\Debug\Complete.a(I2CRTC_MASTER.o)
                0x1fff9f6c                I2CRTC_mstrWrBufPtr
                0x1fff9f70                I2CRTC_mstrWrBufIndex
                0x1fff9f74                I2CRTC_mstrRdBufPtr
                0x1fff9f78                I2CRTC_mstrWrBufSize
                0x1fff9f79                I2CRTC_mstrRdBufSize
                0x1fff9f7a                I2CRTC_mstrRdBufIndex
                0x1fff9f7b                I2CRTC_mstrControl
                0x1fff9f7c                I2CRTC_mstrStatus
 COMMON         0x1fff9f7d        0x1 .\CortexM3\ARM_GCC_541\Debug\Complete.a(I2COLED.o)
                0x1fff9f7d                I2COLED_state
 *fill*         0x1fff9f7e        0x2 
 COMMON         0x1fff9f80       0x11 .\CortexM3\ARM_GCC_541\Debug\Complete.a(I2COLED_MASTER.o)
                0x1fff9f80                I2COLED_mstrStatus
                0x1fff9f81                I2COLED_mstrControl
                0x1fff9f82                I2COLED_mstrRdBufIndex