Archive member included to satisfy reference by file (symbol)

.\CortexM3\ARM_GCC_541\Debug\KB UART Composite.a(LED.o)
                              .\CortexM3\ARM_GCC_541\Debug\main.o (LED_Write)
.\CortexM3\ARM_GCC_541\Debug\KB UART Composite.a(CyLib.o)
                              .\CortexM3\ARM_GCC_541\Debug\Cm3Start.o (CyHalt)
.\CortexM3\ARM_GCC_541\Debug\KB UART Composite.a(cyPm.o)
                              .\CortexM3\ARM_GCC_541\Debug\KB UART Composite.a(CyLib.o) (CyPmReadStatus)
.\CortexM3\ARM_GCC_541\Debug\KB UART Composite.a(USBFS.o)
                              .\CortexM3\ARM_GCC_541\Debug\main.o (USBFS_Start)
.\CortexM3\ARM_GCC_541\Debug\KB UART Composite.a(USBFS_cdc.o)
                              .\CortexM3\ARM_GCC_541\Debug\main.o (USBFS_CDC_Init)
.\CortexM3\ARM_GCC_541\Debug\KB UART Composite.a(USBFS_drv.o)
                              .\CortexM3\ARM_GCC_541\Debug\KB UART Composite.a(USBFS.o) (USBFS_lastPacketSize)
.\CortexM3\ARM_GCC_541\Debug\KB UART Composite.a(USBFS_episr.o)
                              .\CortexM3\ARM_GCC_541\Debug\KB UART Composite.a(USBFS.o) (USBFS_EP_1_ISR)
.\CortexM3\ARM_GCC_541\Debug\KB UART Composite.a(USBFS_hid.o)
                              .\CortexM3\ARM_GCC_541\Debug\KB UART Composite.a(USBFS.o) (USBFS_hidProtocol)
.\CortexM3\ARM_GCC_541\Debug\KB UART Composite.a(USBFS_pm.o)
                              .\CortexM3\ARM_GCC_541\Debug\KB UART Composite.a(USBFS.o) (USBFS_DP_ISR)
.\CortexM3\ARM_GCC_541\Debug\KB UART Composite.a(USBFS_std.o)
                              .\CortexM3\ARM_GCC_541\Debug\KB UART Composite.a(USBFS_pm.o) (USBFS_ConfigReg)
.\CortexM3\ARM_GCC_541\Debug\KB UART Composite.a(USBFS_vnd.o)
                              .\CortexM3\ARM_GCC_541\Debug\KB UART Composite.a(USBFS_drv.o) (USBFS_HandleVendorRqst)
.\CortexM3\ARM_GCC_541\Debug\KB UART Composite.a(USBFS_Dp.o)
                              .\CortexM3\ARM_GCC_541\Debug\KB UART Composite.a(USBFS.o) (USBFS_Dp_ClearInterrupt)
.\CortexM3\ARM_GCC_541\Debug\KB UART Composite.a(CyBootAsmGnu.o)
                              .\CortexM3\ARM_GCC_541\Debug\cyfitter_cfg.o (CyDelayCycles)
.\CortexM3\ARM_GCC_541\Debug\KB UART Composite.a(CyFlash.o)
                              .\CortexM3\ARM_GCC_541\Debug\KB UART Composite.a(cyPm.o) (CyFlash_SetWaitCycles)
.\CortexM3\ARM_GCC_541\Debug\KB UART Composite.a(CySpc.o)
                              .\CortexM3\ARM_GCC_541\Debug\KB UART Composite.a(CyFlash.o) (CySpcStart)
.\CortexM3\ARM_GCC_541\Debug\KB UART Composite.a(USBFS_cls.o)
                              .\CortexM3\ARM_GCC_541\Debug\KB UART Composite.a(USBFS_drv.o) (USBFS_DispatchClassRqst)
.\CortexM3\ARM_GCC_541\Debug\KB UART Composite.a(USBFS_descr.o)
                              .\CortexM3\ARM_GCC_541\Debug\KB UART Composite.a(USBFS_std.o) (USBFS_idSerialNumberStringDescriptor)
c:/program files (x86)/cypress/psoc creator/4.3/psoc creator/import/gnu/arm/5.4.1/bin/../lib/gcc/arm-none-eabi/5.4.1/../../../../arm-none-eabi/lib/armv7-m\libg_nano.a(lib_a-errno.o)
                              .\CortexM3\ARM_GCC_541\Debug\Cm3Start.o (__errno)
c:/program files (x86)/cypress/psoc creator/4.3/psoc creator/import/gnu/arm/5.4.1/bin/../lib/gcc/arm-none-eabi/5.4.1/../../../../arm-none-eabi/lib/armv7-m\libg_nano.a(lib_a-exit.o)
                              c:/program files (x86)/cypress/psoc creator/4.3/psoc creator/import/gnu/arm/5.4.1/bin/../lib/gcc/arm-none-eabi/5.4.1/../../../../arm-none-eabi/lib/armv7-m/crt0.o (exit)
c:/program files (x86)/cypress/psoc creator/4.3/psoc creator/import/gnu/arm/5.4.1/bin/../lib/gcc/arm-none-eabi/5.4.1/../../../../arm-none-eabi/lib/armv7-m\libg_nano.a(lib_a-impure.o)
                              c:/program files (x86)/cypress/psoc creator/4.3/psoc creator/import/gnu/arm/5.4.1/bin/../lib/gcc/arm-none-eabi/5.4.1/../../../../arm-none-eabi/lib/armv7-m\libg_nano.a(lib_a-exit.o) (_global_impure_ptr)
c:/program files (x86)/cypress/psoc creator/4.3/psoc creator/import/gnu/arm/5.4.1/bin/../lib/gcc/arm-none-eabi/5.4.1/../../../../arm-none-eabi/lib/armv7-m\libg_nano.a(lib_a-init.o)
                              c:/program files (x86)/cypress/psoc creator/4.3/psoc creator/import/gnu/arm/5.4.1/bin/../lib/gcc/arm-none-eabi/5.4.1/../../../../arm-none-eabi/lib/armv7-m/crt0.o (__libc_init_array)
c:/program files (x86)/cypress/psoc creator/4.3/psoc creator/import/gnu/arm/5.4.1/bin/../lib/gcc/arm-none-eabi/5.4.1/../../../../arm-none-eabi/lib/armv7-m\libg_nano.a(lib_a-memcpy-stub.o)
                              .\CortexM3\ARM_GCC_541\Debug\cyfitter_cfg.o (memcpy)
c:/program files (x86)/cypress/psoc creator/4.3/psoc creator/import/gnu/arm/5.4.1/bin/../lib/gcc/arm-none-eabi/5.4.1/../../../../arm-none-eabi/lib/armv7-m\libg_nano.a(lib_a-memset.o)
                              c:/program files (x86)/cypress/psoc creator/4.3/psoc creator/import/gnu/arm/5.4.1/bin/../lib/gcc/arm-none-eabi/5.4.1/../../../../arm-none-eabi/lib/armv7-m/crt0.o (memset)
[...]
Memory Configuration

Name             Origin             Length             Attributes
rom              0x00000000         0x00040000         xr
ram              0x1fff8000         0x00010000         xrw
*default*        0x00000000         0xffffffff

Linker script and memory map

LOAD c:/program files (x86)/cypress/psoc creator/4.3/psoc creator/import/gnu/arm/5.4.1/bin/../lib/gcc/arm-none-eabi/5.4.1/armv7-m/crti.o
LOAD c:/program files (x86)/cypress/psoc creator/4.3/psoc creator/import/gnu/arm/5.4.1/bin/../lib/gcc/arm-none-eabi/5.4.1/armv7-m/crtbegin.o
LOAD c:/program files (x86)/cypress/psoc creator/4.3/psoc creator/import/gnu/arm/5.4.1/bin/../lib/gcc/arm-none-eabi/5.4.1/../../../../arm-none-eabi/lib/armv7-m/crt0.o
START GROUP
LOAD .\CortexM3\ARM_GCC_541\Debug\main.o
LOAD .\CortexM3\ARM_GCC_541\Debug\cyfitter_cfg.o
LOAD .\CortexM3\ARM_GCC_541\Debug\cymetadata.o
LOAD .\CortexM3\ARM_GCC_541\Debug\Cm3Start.o
LOAD .\CortexM3\ARM_GCC_541\Debug\KB UART Composite.a
LOAD C:\Program Files (x86)\Cypress\PSoC Creator\4.3\PSoC Creator\psoc\content\cycomponentlibrary\CyComponentLibrary.cylib\CortexM3\ARM_GCC_541\Debug\CyComponentLibrary.a
END GROUP
START GROUP
LOAD c:/program files (x86)/cypress/psoc creator/4.3/psoc creator/import/gnu/arm/5.4.1/bin/../lib/gcc/arm-none-eabi/5.4.1/armv7-m\libgcc.a
LOAD c:/program files (x86)/cypress/psoc creator/4.3/psoc creator/import/gnu/arm/5.4.1/bin/../lib/gcc/arm-none-eabi/5.4.1/../../../../arm-none-eabi/lib/armv7-m\libg_nano.a
LOAD c:/program files (x86)/cypress/psoc creator/4.3/psoc creator/import/gnu/arm/5.4.1/bin/../lib/gcc/arm-none-eabi/5.4.1/../../../../arm-none-eabi/lib/armv7-m\libc_nano.a
END GROUP
START GROUP
LOAD c:/program files (x86)/cypress/psoc creator/4.3/psoc creator/import/gnu/arm/5.4.1/bin/../lib/gcc/arm-none-eabi/5.4.1/armv7-m\libgcc.a
LOAD c:/program files (x86)/cypress/psoc creator/4.3/psoc creator/import/gnu/arm/5.4.1/bin/../lib/gcc/arm-none-eabi/5.4.1/../../../../arm-none-eabi/lib/armv7-m\libc_nano.a
END GROUP
LOAD c:/program files (x86)/cypress/psoc creator/4.3/psoc creator/import/gnu/arm/5.4.1/bin/../lib/gcc/arm-none-eabi/5.4.1/armv7-m/crtend.o
LOAD c:/program files (x86)/cypress/psoc creator/4.3/psoc creator/import/gnu/arm/5.4.1/bin/../lib/gcc/arm-none-eabi/5.4.1/armv7-m/crtn.o
START GROUP
LOAD c:/program files (x86)/cypress/psoc creator/4.3/psoc creator/import/gnu/arm/5.4.1/bin/../lib/gcc/arm-none-eabi/5.4.1/armv7-m\libgcc.a
LOAD c:/program files (x86)/cypress/psoc creator/4.3/psoc creator/import/gnu/arm/5.4.1/bin/../lib/gcc/arm-none-eabi/5.4.1/../../../../arm-none-eabi/lib/armv7-m\libc.a
LOAD c:/program files (x86)/cypress/psoc creator/4.3/psoc creator/import/gnu/arm/5.4.1/bin/../lib/gcc/arm-none-eabi/5.4.1/../../../../arm-none-eabi/lib/armv7-m\libnosys.a
END GROUP
                0x00000000                CY_APPL_ORIGIN = 0x0
                0x00000100                CY_FLASH_ROW_SIZE = 0x100
                0x00000020                CY_ECC_ROW_SIZE = 0x20
                0x00000000                CY_EE_IN_BTLDR = 0x0
                0x00000000                CY_APPL_LOADABLE = 0x0
                0x00000800                CY_EE_SIZE = 0x800
                0x00000001                CY_APPL_NUM = 0x1
                0x00000001                CY_APPL_MAX = 0x1
                0x00000040                CY_METADATA_SIZE = 0x40
                0x00000000                CY_APPL_LOADABLE = 0x0
                0x00000000                CY_CHECKSUM_EXCLUDE_SIZE = ALIGN (0x0, CY_FLASH_ROW_SIZE)
                [!provide]                PROVIDE (__cy_heap_start, _end)
                0x00000001                PROVIDE (__cy_region_num, ((__cy_regions_end - __cy_regions) / 0x10))
                0x20008000                PROVIDE (__cy_stack, (ORIGIN (ram) + LENGTH (ram)))
                [!provide]                PROVIDE (__cy_heap_end, (__cy_stack - 0x800))

.cybootloader   0x00000000        0x0
 *(.cybootloader)
                0x00000000                appl1_start = CY_APPL_ORIGIN?CY_APPL_ORIGIN:ALIGN (CY_FLASH_ROW_SIZE)
                0x0001ff00                appl2_start = (appl1_start + ALIGN ((((LENGTH (rom) - appl1_start) - (0x2 * CY_FLASH_ROW_SIZE)) / 0x2), CY_FLASH_ROW_SIZE))
                0x00000000                appl_start = (CY_APPL_NUM == 0x1)?appl1_start:appl2_start
                0x00000000                ecc_offset = ((appl_start / CY_FLASH_ROW_SIZE) * CY_ECC_ROW_SIZE)
                0x00000000                ee_offset = (CY_APPL_LOADABLE && ! (CY_EE_IN_BTLDR))?((CY_EE_SIZE / CY_APPL_MAX) * (CY_APPL_NUM - 0x1)):0x0
                0x00000800                ee_size = (CY_APPL_LOADABLE && ! (CY_EE_IN_BTLDR))?(CY_EE_SIZE / CY_APPL_MAX):CY_EE_SIZE
                [!provide]                PROVIDE (CY_ECC_OFFSET, ecc_offset)

.text           0x00000000     0x1ecc
 CREATE_OBJECT_SYMBOLS
                0x00000000                PROVIDE (__cy_interrupt_vector, RomVectors)
 *(.romvectors)
 .romvectors    0x00000000       0x10 .\CortexM3\ARM_GCC_541\Debug\Cm3Start.o
                0x00000000                RomVectors
                0x00000001                ASSERT ((. != __cy_interrupt_vector), No interrupt vector)
                0x00000001                ASSERT (CY_APPL_ORIGIN?(SIZEOF (.cybootloader) <= CY_APPL_ORIGIN):0x1, Wrong image location)
                0x00000010                PROVIDE (__cy_reset, Reset)
 *(.text.Reset)
 .text.Reset    0x00000010       0x18 .\CortexM3\ARM_GCC_541\Debug\Cm3Start.o
                0x00000010                Reset
                0x00000001                ASSERT ((. != __cy_reset), No reset code)
 *(.dma_init)
                0x00000001                ASSERT ((((appl_start + .) <= 0x10000) || 0x1), DMA Init must be within the first 64k of flash)
 *(.text .text.* .gnu.linkonce.t.*)
 .text          0x00000028       0x5c c:/program files (x86)/cypress/psoc creator/4.3/psoc creator/import/gnu/arm/5.4.1/bin/../lib/gcc/arm-none-eabi/5.4.1/armv7-m/crtbegin.o
 .text.USB_print
                0x00000084       0x14 .\CortexM3\ARM_GCC_541\Debug\main.o
 .text.main     0x00000098       0xd0 .\CortexM3\ARM_GCC_541\Debug\main.o
                0x00000098                main
 .text.CyClockStartupError
                0x00000168        0x4 .\CortexM3\ARM_GCC_541\Debug\cyfitter_cfg.o
 .text.cfg_write_bytes32
                0x0000016c       0x34 .\CortexM3\ARM_GCC_541\Debug\cyfitter_cfg.o
 .text.AnalogSetDefault
                0x000001a0       0x28 .\CortexM3\ARM_GCC_541\Debug\cyfitter_cfg.o
 .text.CYMEMZERO
                0x000001c8        0xc .\CortexM3\ARM_GCC_541\Debug\cyfitter_cfg.o
 .text.ClockSetup
                0x000001d4       0xa0 .\CortexM3\ARM_GCC_541\Debug\cyfitter_cfg.o
 .text.CYCONFIGCPY
                0x00000274        0x8 .\CortexM3\ARM_GCC_541\Debug\cyfitter_cfg.o
 .text.cyfitter_cfg
                0x0000027c       0xcc .\CortexM3\ARM_GCC_541\Debug\cyfitter_cfg.o
                0x0000027c                cyfitter_cfg
 .text.IntDefaultHandler
                0x00000348       0x10 .\CortexM3\ARM_GCC_541\Debug\Cm3Start.o
                0x00000348                IntDefaultHandler
 .text.Start_c  0x00000358       0x4c .\CortexM3\ARM_GCC_541\Debug\Cm3Start.o
                0x00000358                Start_c
 .text.initialize_psoc
                0x000003a4       0x68 .\CortexM3\ARM_GCC_541\Debug\Cm3Start.o
                0x000003a4                initialize_psoc
 .text.LED_Write
                0x0000040c       0x18 .\CortexM3\ARM_GCC_541\Debug\KB UART Composite.a(LED.o)
                0x0000040c                LED_Write
 .text.CyHalt   0x00000424        0x4 .\CortexM3\ARM_GCC_541\Debug\KB UART Composite.a(CyLib.o)
                0x00000424                CyHalt
 .text.CyDelay  0x00000428       0x2c .\CortexM3\ARM_GCC_541\Debug\KB UART Composite.a(CyLib.o)
                0x00000428                CyDelay
 .text.CyDelayUs
                0x00000454       0x14 .\CortexM3\ARM_GCC_541\Debug\KB UART Composite.a(CyLib.o)
                0x00000454                CyDelayUs
 .text.CyIntSetVector
                0x00000468       0x28 .\CortexM3\ARM_GCC_541\Debug\KB UART Composite.a(CyLib.o)
                0x00000468                CyIntSetVector
 .text.CyIntSetPriority
                0x00000490       0x30 .\CortexM3\ARM_GCC_541\Debug\KB UART Composite.a(CyLib.o)
                0x00000490                CyIntSetPriority
 .text.CyGetUniqueId
                0x000004c0       0x70 .\CortexM3\ARM_GCC_541\Debug\KB UART Composite.a(CyLib.o)
                0x000004c0                CyGetUniqueId
 .text.USBFS_Init
                0x00000530      0x168 .\CortexM3\ARM_GCC_541\Debug\KB UART Composite.a(USBFS.o)
                0x00000530                USBFS_Init
 .text.USBFS_InitComponent
                0x00000698       0xd8 .\CortexM3\ARM_GCC_541\Debug\KB UART Composite.a(USBFS.o)
                0x00000698                USBFS_InitComponent
 .text.USBFS_Start
                0x00000770       0x24 .\CortexM3\ARM_GCC_541\Debug\KB UART Composite.a(USBFS.o)
                0x00000770                USBFS_Start
 .text.USBFS_ReInitComponent
                0x00000794       0x64 .\CortexM3\ARM_GCC_541\Debug\KB UART Composite.a(USBFS.o)
                0x00000794                USBFS_ReInitComponent
 .text.USBFS_GetConfiguration
                0x000007f8        0xc .\CortexM3\ARM_GCC_541\Debug\KB UART Composite.a(USBFS.o)
                0x000007f8                USBFS_GetConfiguration
 .text.USBFS_GetEPState
                0x00000804       0x14 .\CortexM3\ARM_GCC_541\Debug\KB UART Composite.a(USBFS.o)
                0x00000804                USBFS_GetEPState
 .text.USBFS_GetEPCount
                0x00000818       0x28 .\CortexM3\ARM_GCC_541\Debug\KB UART Composite.a(USBFS.o)
                0x00000818                USBFS_GetEPCount
 .text.USBFS_LoadInEP
                0x00000840       0x94 .\CortexM3\ARM_GCC_541\Debug\KB UART Composite.a(USBFS.o)
                0x00000840                USBFS_LoadInEP
 .text.USBFS_EnableOutEP
                0x000008d4       0x2c .\CortexM3\ARM_GCC_541\Debug\KB UART Composite.a(USBFS.o)
                0x000008d4                USBFS_EnableOutEP
 .text.USBFS_ReadOutEP
                0x00000900       0x50 .\CortexM3\ARM_GCC_541\Debug\KB UART Composite.a(USBFS.o)
                0x00000900                USBFS_ReadOutEP
 .text.USBFS_StrLen
                0x00000950       0x14 .\CortexM3\ARM_GCC_541\Debug\KB UART Composite.a(USBFS_cdc.o)
 .text.USBFS_GetInterfaceComPort
                0x00000964       0x38 .\CortexM3\ARM_GCC_541\Debug\KB UART Composite.a(USBFS_cdc.o)
                0x00000964                USBFS_GetInterfaceComPort
 .text.USBFS_DispatchCDCClassRqst
                0x0000099c       0x98 .\CortexM3\ARM_GCC_541\Debug\KB UART Composite.a(USBFS_cdc.o)
                0x0000099c                USBFS_DispatchCDCClassRqst
 .text.USBFS_CDC_Init
                0x00000a34       0x98 .\CortexM3\ARM_GCC_541\Debug\KB UART Composite.a(USBFS_cdc.o)
                0x00000a34                USBFS_CDC_Init
 .text.USBFS_PutString
                0x00000acc       0xa0 .\CortexM3\ARM_GCC_541\Debug\KB UART Composite.a(USBFS_cdc.o)
                0x00000acc                USBFS_PutString
 .text.USBFS_DataIsReady
                0x00000b6c       0x18 .\CortexM3\ARM_GCC_541\Debug\KB UART Composite.a(USBFS_cdc.o)
                0x00000b6c                USBFS_DataIsReady
 .text.USBFS_CDCIsReady
                0x00000b84       0x18 .\CortexM3\ARM_GCC_541\Debug\KB UART Composite.a(USBFS_cdc.o)
                0x00000b84                USBFS_CDCIsReady
 .text.USBFS_GetAll
                0x00000b9c       0x30 .\CortexM3\ARM_GCC_541\Debug\KB UART Composite.a(USBFS_cdc.o)
                0x00000b9c                USBFS_GetAll
 .text.USBFS_Cdc_EpInit
                0x00000bcc       0x50 .\CortexM3\ARM_GCC_541\Debug\KB UART Composite.a(USBFS_cdc.o)
                0x00000bcc                USBFS_Cdc_EpInit
 .text.USBFS_LoadEP0
                0x00000c1c       0x98 .\CortexM3\ARM_GCC_541\Debug\KB UART Composite.a(USBFS_drv.o)
                0x00000c1c                USBFS_LoadEP0
 .text.USBFS_InitZeroLengthControlTransfer
                0x00000cb4       0x34 .\CortexM3\ARM_GCC_541\Debug\KB UART Composite.a(USBFS_drv.o)
                0x00000cb4                USBFS_InitZeroLengthControlTransfer
 .text.USBFS_ControlReadDataStage
                0x00000ce8        0x8 .\CortexM3\ARM_GCC_541\Debug\KB UART Composite.a(USBFS_drv.o)
                0x00000ce8                USBFS_ControlReadDataStage
 .text.USBFS_ControlWriteDataStage
                0x00000cf0       0x84 .\CortexM3\ARM_GCC_541\Debug\KB UART Composite.a(USBFS_drv.o)
                0x00000cf0                USBFS_ControlWriteDataStage
 .text.USBFS_InitNoDataControlTransfer
                0x00000d74       0x2c .\CortexM3\ARM_GCC_541\Debug\KB UART Composite.a(USBFS_drv.o)
                0x00000d74                USBFS_InitNoDataControlTransfer
 .text.USBFS_UpdateStatusBlock
                0x00000da0       0x24 .\CortexM3\ARM_GCC_541\Debug\KB UART Composite.a(USBFS_drv.o)
                0x00000da0                USBFS_UpdateStatusBlock
 .text.USBFS_HandleSetup
                0x00000dc4       0x5c .\CortexM3\ARM_GCC_541\Debug\KB UART Composite.a(USBFS_drv.o)
                0x00000dc4                USBFS_HandleSetup
 .text.USBFS_ControlReadStatusStage
                0x00000e20       0x38 .\CortexM3\ARM_GCC_541\Debug\KB UART Composite.a(USBFS_drv.o)
                0x00000e20                USBFS_ControlReadStatusStage
 .text.USBFS_HandleOUT
                0x00000e58       0x38 .\CortexM3\ARM_GCC_541\Debug\KB UART Composite.a(USBFS_drv.o)
                0x00000e58                USBFS_HandleOUT
 .text.USBFS_ControlWriteStatusStage
                0x00000e90       0x20 .\CortexM3\ARM_GCC_541\Debug\KB UART Composite.a(USBFS_drv.o)
                0x00000e90                USBFS_ControlWriteStatusStage
 .text.USBFS_NoDataControlStatusStage
                0x00000eb0       0x40 .\CortexM3\ARM_GCC_541\Debug\KB UART Composite.a(USBFS_drv.o)
                0x00000eb0                USBFS_NoDataControlStatusStage
 .text.USBFS_HandleIN
                0x00000ef0       0x2c .\CortexM3\ARM_GCC_541\Debug\KB UART Composite.a(USBFS_drv.o)
                0x00000ef0                USBFS_HandleIN
 .text.USBFS_EP_0_ISR
                0x00000f1c       0xb8 .\CortexM3\ARM_GCC_541\Debug\KB UART Composite.a(USBFS_drv.o)
                0x00000f1c                USBFS_EP_0_ISR
 .text.USBFS_InitializeStatusBlock
                0x00000fd4       0x24 .\CortexM3\ARM_GCC_541\Debug\KB UART Composite.a(USBFS_drv.o)
                0x00000fd4                USBFS_InitializeStatusBlock
 .text.USBFS_InitControlRead
                0x00000ff8       0x50 .\CortexM3\ARM_GCC_541\Debug\KB UART Composite.a(USBFS_drv.o)
                0x00000ff8                USBFS_InitControlRead
 .text.USBFS_InitControlWrite
                0x00001048       0x48 .\CortexM3\ARM_GCC_541\Debug\KB UART Composite.a(USBFS_drv.o)
                0x00001048                USBFS_InitControlWrite
 .text.USBFS_EP_1_ISR
                0x00001090       0x30 .\CortexM3\ARM_GCC_541\Debug\KB UART Composite.a(USBFS_episr.o)
                0x00001090                USBFS_EP_1_ISR
 .text.USBFS_EP_2_ISR
                0x000010c0       0x34 .\CortexM3\ARM_GCC_541\Debug\KB UART Composite.a(USBFS_episr.o)
                0x000010c0                USBFS_EP_2_ISR
 .text.USBFS_EP_3_ISR
                0x000010f4       0x3c .\CortexM3\ARM_GCC_541\Debug\KB UART Composite.a(USBFS_episr.o)
                0x000010f4                USBFS_EP_3_ISR
 .text.USBFS_EP_4_ISR
                0x00001130       0x3c .\CortexM3\ARM_GCC_541\Debug\KB UART Composite.a(USBFS_episr.o)
                0x00001130                USBFS_EP_4_ISR
 .text.USBFS_EP_5_ISR
                0x0000116c       0x3c .\CortexM3\ARM_GCC_541\Debug\KB UART Composite.a(USBFS_episr.o)
                0x0000116c                USBFS_EP_5_ISR
 .text.USBFS_SOF_ISR
                0x000011a8        0x4 .\CortexM3\ARM_GCC_541\Debug\KB UART Composite.a(USBFS_episr.o)
                0x000011a8                USBFS_SOF_ISR
 .text.USBFS_BUS_RESET_ISR
                0x000011ac        0x8 .\CortexM3\ARM_GCC_541\Debug\KB UART Composite.a(USBFS_episr.o)
                0x000011ac                USBFS_BUS_RESET_ISR
 .text.USBFS_FindHidClassDecriptor
                0x000011b4       0x44 .\CortexM3\ARM_GCC_541\Debug\KB UART Composite.a(USBFS_hid.o)
                0x000011b4                USBFS_FindHidClassDecriptor
 .text.USBFS_FindReportDescriptor
                0x000011f8       0x4c .\CortexM3\ARM_GCC_541\Debug\KB UART Composite.a(USBFS_hid.o)
                0x000011f8                USBFS_FindReportDescriptor
 .text.USBFS_FindReport
                0x00001244       0x80 .\CortexM3\ARM_GCC_541\Debug\KB UART Composite.a(USBFS_hid.o)
                0x00001244                USBFS_FindReport
 .text.USBFS_DispatchHIDClassRqst
                0x000012c4      0x184 .\CortexM3\ARM_GCC_541\Debug\KB UART Composite.a(USBFS_hid.o)
                0x000012c4                USBFS_DispatchHIDClassRqst
 .text.USBFS_DP_ISR
                0x00001448        0x8 .\CortexM3\ARM_GCC_541\Debug\KB UART Composite.a(USBFS_pm.o)
                0x00001448                USBFS_DP_ISR
 .text.USBFS_ReadDieID
                0x00001450       0x6c .\CortexM3\ARM_GCC_541\Debug\KB UART Composite.a(USBFS_std.o)
                0x00001450                USBFS_ReadDieID
 .text.USBFS_ConfigReg
                0x000014bc       0xa4 .\CortexM3\ARM_GCC_541\Debug\KB UART Composite.a(USBFS_std.o)
                0x000014bc                USBFS_ConfigReg
 .text.USBFS_GetConfigTablePtr
                0x00001560       0x28 .\CortexM3\ARM_GCC_541\Debug\KB UART Composite.a(USBFS_std.o)
                0x00001560                USBFS_GetConfigTablePtr
 .text.USBFS_ConfigAltChanged
                0x00001588      0x11c .\CortexM3\ARM_GCC_541\Debug\KB UART Composite.a(USBFS_std.o)
                0x00001588                USBFS_ConfigAltChanged
 .text.USBFS_GetDeviceTablePtr
                0x000016a4       0x18 .\CortexM3\ARM_GCC_541\Debug\KB UART Composite.a(USBFS_std.o)
                0x000016a4                USBFS_GetDeviceTablePtr
 .text.USBFS_GetInterfaceClassTablePtr
                0x000016bc       0x28 .\CortexM3\ARM_GCC_541\Debug\KB UART Composite.a(USBFS_std.o)
                0x000016bc                USBFS_GetInterfaceClassTablePtr
 .text.USBFS_Config
                0x000016e4      0x1ec .\CortexM3\ARM_GCC_541\Debug\KB UART Composite.a(USBFS_std.o)
                0x000016e4                USBFS_Config
 .text.USBFS_SetEndpointHalt
                0x000018d0       0x64 .\CortexM3\ARM_GCC_541\Debug\KB UART Composite.a(USBFS_std.o)
                0x000018d0                USBFS_SetEndpointHalt
 .text.USBFS_ClearEndpointHalt
                0x00001934       0xac .\CortexM3\ARM_GCC_541\Debug\KB UART Composite.a(USBFS_std.o)
                0x00001934                USBFS_ClearEndpointHalt
 .text.USBFS_ValidateAlternateSetting
                0x000019e0       0x4c .\CortexM3\ARM_GCC_541\Debug\KB UART Composite.a(USBFS_std.o)
                0x000019e0                USBFS_ValidateAlternateSetting
 .text.USBFS_HandleStandardRqst
                0x00001a2c      0x354 .\CortexM3\ARM_GCC_541\Debug\KB UART Composite.a(USBFS_std.o)
                0x00001a2c                USBFS_HandleStandardRqst
 .text.USBFS_HandleVendorRqst
                0x00001d80       0x18 .\CortexM3\ARM_GCC_541\Debug\KB UART Composite.a(USBFS_vnd.o)
                0x00001d80                USBFS_HandleVendorRqst
 .text.USBFS_Dp_ClearInterrupt
                0x00001d98       0x10 .\CortexM3\ARM_GCC_541\Debug\KB UART Composite.a(USBFS_Dp.o)
                0x00001d98                USBFS_Dp_ClearInterrupt
 .text          0x00001da8       0x20 .\CortexM3\ARM_GCC_541\Debug\KB UART Composite.a(CyBootAsmGnu.o)
                0x00001da8                CyDelayCycles
                0x00001db8                CyEnterCriticalSection
                0x00001dc0                CyExitCriticalSection
 .text.USBFS_DispatchClassRqst
                0x00001dc8       0x68 .\CortexM3\ARM_GCC_541\Debug\KB UART Composite.a(USBFS_cls.o)
                0x00001dc8                USBFS_DispatchClassRqst
 .text.__errno  0x00001e30        0xc c:/program files (x86)/cypress/psoc creator/4.3/psoc creator/import/gnu/arm/5.4.1/bin/../lib/gcc/arm-none-eabi/5.4.1/../../../../arm-none-eabi/lib/armv7-m\libg_nano.a(lib_a-errno.o)
                0x00001e30                __errno
 .text.__libc_init_array
                0x00001e3c       0x4c c:/program files (x86)/cypress/psoc creator/4.3/psoc creator/import/gnu/arm/5.4.1/bin/../lib/gcc/arm-none-eabi/5.4.1/../../../../arm-none-eabi/lib/armv7-m\libg_nano.a(lib_a-init.o)
                0x00001e3c                __libc_init_array
 .text.memcpy   0x00001e88       0x16 c:/program files (x86)/cypress/psoc creator/4.3/psoc creator/import/gnu/arm/5.4.1/bin/../lib/gcc/arm-none-eabi/5.4.1/../../../../arm-none-eabi/lib/armv7-m\libg_nano.a(lib_a-memcpy-stub.o)
                0x00001e88                memcpy
 .text.memset   0x00001e9e       0x10 c:/program files (x86)/cypress/psoc creator/4.3/psoc creator/import/gnu/arm/5.4.1/bin/../lib/gcc/arm-none-eabi/5.4.1/../../../../arm-none-eabi/lib/armv7-m\libg_nano.a(lib_a-memset.o)
                0x00001e9e                memset
 .text.strcat   0x00001eae       0x1e c:/program files (x86)/cypress/psoc creator/4.3/psoc creator/import/gnu/arm/5.4.1/bin/../lib/gcc/arm-none-eabi/5.4.1/../../../../arm-none-eabi/lib/armv7-m\libg_nano.a(lib_a-strcat.o)
                0x00001eae                strcat
 *(.plt)
 *(.gnu.warning)
 *(.glue_7t)
 .glue_7t       0x00001ecc        0x0 linker stubs
 *(.glue_7)
 .glue_7        0x00001ecc        0x0 linker stubs
 *(.vfp11_veneer)
 .vfp11_veneer  0x00001ecc        0x0 linker stubs
 *(.bootloader)
 *(.ARM.extab* .gnu.linkonce.armextab.*)
 *(.gcc_except_table)

.v4_bx          0x00001ecc        0x0
 .v4_bx         0x00001ecc        0x0 linker stubs

.iplt           0x00001ecc        0x0
 .iplt          0x00001ecc        0x0 c:/program files (x86)/cypress/psoc creator/4.3/psoc creator/import/gnu/arm/5.4.1/bin/../lib/gcc/arm-none-eabi/5.4.1/armv7-m/crtbegin.o

.eh_frame_hdr
 *(.eh_frame_hdr)

.eh_frame       0x00001ecc        0x4
 *(.eh_frame)
 .eh_frame      0x00001ecc        0x0 c:/program files (x86)/cypress/psoc creator/4.3/psoc creator/import/gnu/arm/5.4.1/bin/../lib/gcc/arm-none-eabi/5.4.1/armv7-m/crtbegin.o
 .eh_frame      0x00001ecc        0x4 c:/program files (x86)/cypress/psoc creator/4.3/psoc creator/import/gnu/arm/5.4.1/bin/../lib/gcc/arm-none-eabi/5.4.1/armv7-m/crtend.o
                [!provide]                PROVIDE (__exidx_start, .)

.ARM.exidx
 *(.ARM.exidx* .gnu.linkonce.armexidx.*)
                0x00001ed0                __exidx_end = .

.rodata         0x00001ed0      0x388
 *(.rodata .rodata.* .gnu.linkonce.r.*)
 .rodata.str1.4
                0x00001ed0       0x11 .\CortexM3\ARM_GCC_541\Debug\main.o
 *fill*         0x00001ee1        0x3 
 .rodata        0x00001ee4       0x30 .\CortexM3\ARM_GCC_541\Debug\cyfitter_cfg.o
 .rodata.str1.4
                0x00001f14       0x14 .\CortexM3\ARM_GCC_541\Debug\KB UART Composite.a(USBFS_std.o)
                                 0x11 (size before relaxing)
 .rodata        0x00001f28      0x2fa .\CortexM3\ARM_GCC_541\Debug\KB UART Composite.a(USBFS_descr.o)
                0x00001f28                USBFS_TABLE
                0x00001f30                USBFS_DEVICE0_TABLE
                0x00001f48                USBFS_DEVICE0_CONFIGURATION0_TABLE
                0x00001f78                USBFS_DEVICE0_CONFIGURATION0_INTERFACE_CLASS
                0x00001f7c                USBFS_DEVICE0_CONFIGURATION0_EP_SETTINGS_TABLE
                0x00001fa4                USBFS_DEVICE0_CONFIGURATION0_INTERFACE3_TABLE
                0x00001fac                USBFS_DEVICE0_CONFIGURATION0_INTERFACE3_ALTERNATE0_HID_TABLE
                0x00001fd4                USBFS_DEVICE0_CONFIGURATION0_INTERFACE3_ALTERNATE0_HID_OUT_RPT_TABLE
                0x00001fe0                USBFS_DEVICE0_CONFIGURATION0_INTERFACE3_ALTERNATE0_HID_IN_RPT_TABLE
                0x00001fec                USBFS_HIDREPORT_DESCRIPTOR1
                0x00002034                USBFS_SN_STRING_DESCRIPTOR
                0x00002038                USBFS_STRING_DESCRIPTORS
                0x000021a4                USBFS_DEVICE0_CONFIGURATION0_DESCR
                0x00002210                USBFS_DEVICE0_DESCR
 .rodata.str1.1
                0x00002222        0x2 c:/program files (x86)/cypress/psoc creator/4.3/psoc creator/import/gnu/arm/5.4.1/bin/../lib/gcc/arm-none-eabi/5.4.1/../../../../arm-none-eabi/lib/armv7-m\libg_nano.a(lib_a-impure.o)
                0x00002224                . = ALIGN (0x4)
 *(.init)
 .init          0x00002224        0x4 c:/program files (x86)/cypress/psoc creator/4.3/psoc creator/import/gnu/arm/5.4.1/bin/../lib/gcc/arm-none-eabi/5.4.1/armv7-m/crti.o
                0x00002224                _init
 .init          0x00002228        0x8 c:/program files (x86)/cypress/psoc creator/4.3/psoc creator/import/gnu/arm/5.4.1/bin/../lib/gcc/arm-none-eabi/5.4.1/armv7-m/crtn.o
                0x00002230                . = ALIGN (0x4)
                0x00002230                __preinit_array_start = .
 *(.preinit_array)
                0x00002230                __preinit_array_end = .
                0x00002230                . = ALIGN (0x4)
                0x00002230                __init_array_start = .
 *(SORT(.init_array.*))
 *(.init_array)
 .init_array    0x00002230        0x4 c:/program files (x86)/cypress/psoc creator/4.3/psoc creator/import/gnu/arm/5.4.1/bin/../lib/gcc/arm-none-eabi/5.4.1/armv7-m/crtbegin.o
 .init_array    0x00002234        0x4 .\CortexM3\ARM_GCC_541\Debug\Cm3Start.o
                0x00002238                __init_array_end = .
                0x00002238                . = ALIGN (0x4)
 *(.fini)
 .fini          0x00002238        0x4 c:/program files (x86)/cypress/psoc creator/4.3/psoc creator/import/gnu/arm/5.4.1/bin/../lib/gcc/arm-none-eabi/5.4.1/armv7-m/crti.o
                0x00002238                _fini
 .fini          0x0000223c        0x8 c:/program files (x86)/cypress/psoc creator/4.3/psoc creator/import/gnu/arm/5.4.1/bin/../lib/gcc/arm-none-eabi/5.4.1/armv7-m/crtn.o
                0x00002244                . = ALIGN (0x4)
                0x00002244                __fini_array_start = .
 *(.fini_array)
 .fini_array    0x00002244        0x4 c:/program files (x86)/cypress/psoc creator/4.3/psoc creator/import/gnu/arm/5.4.1/bin/../lib/gcc/arm-none-eabi/5.4.1/armv7-m/crtbegin.o
 *(SORT(.fini_array.*))
                0x00002248                __fini_array_end = .
                0x00002248                . = ALIGN (0x4)
 *crtbegin.o(.ctors)
 *(EXCLUDE_FILE(*crtend.o) .ctors)
 *(SORT(.ctors.*))
 *crtend.o(.ctors)
                0x00002248                . = ALIGN (0x4)
 *crtbegin.o(.dtors)
 *(EXCLUDE_FILE(*crtend.o) .dtors)
 *(SORT(.dtors.*))
 *crtend.o(.dtors)
                0x00002248                . = ALIGN (0x4)
                0x00002248                __cy_regions = .
                0x00002248        0x4 LONG 0x2258 __cy_region_init_ram
                0x0000224c        0x4 LONG 0x1fff80c8 __cy_region_start_data
                0x00002250        0x4 LONG 0x98 __cy_region_init_size_ram
                0x00002254        0x4 LONG 0x128 __cy_region_zero_size_ram
                0x00002258                __cy_regions_end = .
                0x00002258                . = ALIGN (0x8)
                0x00002258                _etext = .

.cy_checksum_exclude
                0x00002258        0x0
 *(.cy_checksum_exclude)

.ramvectors     0x1fff8000       0xc0
                0x1fff8000                __cy_region_start_ram = .
 *(.ramvectors)
 .ramvectors    0x1fff8000       0xc0 .\CortexM3\ARM_GCC_541\Debug\Cm3Start.o
                0x1fff8000                CyRamVectors

.noinit         0x1fff80c0        0x1
 *(.noinit)
 .noinit        0x1fff80c0        0x1 .\CortexM3\ARM_GCC_541\Debug\KB UART Composite.a(CyLib.o)
                0x1fff80c0                CyResetStatus

.data           0x1fff80c8       0x98 load address 0x00002258
                0x1fff80c8                __cy_region_start_data = .
 *(.jcr)
 .jcr           0x1fff80c8        0x0 c:/program files (x86)/cypress/psoc creator/4.3/psoc creator/import/gnu/arm/5.4.1/bin/../lib/gcc/arm-none-eabi/5.4.1/armv7-m/crtbegin.o
 .jcr           0x1fff80c8        0x4 c:/program files (x86)/cypress/psoc creator/4.3/psoc creator/import/gnu/arm/5.4.1/bin/../lib/gcc/arm-none-eabi/5.4.1/armv7-m/crtend.o
 *(.got.plt)
 *(.got)
 *(.shdata)
 *(.data .data.* .gnu.linkonce.d.*)
 .data          0x1fff80cc       0x10 .\CortexM3\ARM_GCC_541\Debug\KB UART Composite.a(CyLib.o)
                0x1fff80cc                cydelay_32k_ms
                0x1fff80d0                cydelay_freq_khz
                0x1fff80d4                cydelay_freq_mhz
                0x1fff80d8                cydelay_freq_hz
 .data          0x1fff80dc       0x1a .\CortexM3\ARM_GCC_541\Debug\KB UART Composite.a(USBFS_cdc.o)
                0x1fff80dc                USBFS_linesCoding
 *fill*         0x1fff80f6        0x2 
 .data.impure_data
                0x1fff80f8       0x60 c:/program files (x86)/cypress/psoc creator/4.3/psoc creator/import/gnu/arm/5.4.1/bin/../lib/gcc/arm-none-eabi/5.4.1/../../../../arm-none-eabi/lib/armv7-m\libg_nano.a(lib_a-impure.o)
 .data._impure_ptr
                0x1fff8158        0x4 c:/program files (x86)/cypress/psoc creator/4.3/psoc creator/import/gnu/arm/5.4.1/bin/../lib/gcc/arm-none-eabi/5.4.1/../../../../arm-none-eabi/lib/armv7-m\libg_nano.a(lib_a-impure.o)
                0x1fff8158                _impure_ptr
                0x1fff8160                . = ALIGN (0x8)
 *fill*         0x1fff815c        0x4 
 *(.ram)
                0x1fff8160                _edata = .

.igot.plt       0x1fff8160        0x0 load address 0x000022f0
 .igot.plt      0x1fff8160        0x0 c:/program files (x86)/cypress/psoc creator/4.3/psoc creator/import/gnu/arm/5.4.1/bin/../lib/gcc/arm-none-eabi/5.4.1/armv7-m/crtbegin.o

.bss            0x1fff8160      0x128 load address 0x000022f0
                0x1fff8160                PROVIDE (__bss_start__, .)
 *(.shbss)
 *(.bss .bss.* .gnu.linkonce.b.*)
 .bss           0x1fff8160       0x1c c:/program files (x86)/cypress/psoc creator/4.3/psoc creator/import/gnu/arm/5.4.1/bin/../lib/gcc/arm-none-eabi/5.4.1/armv7-m/crtbegin.o
 .bss           0x1fff817c        0x8 .\CortexM3\ARM_GCC_541\Debug\main.o
                0x1fff817c                KB_Data
 .bss           0x1fff8184        0x1 .\CortexM3\ARM_GCC_541\Debug\KB UART Composite.a(USBFS.o)
                0x1fff8184                USBFS_initVar
 .bss           0x1fff8185        0x1 .\CortexM3\ARM_GCC_541\Debug\KB UART Composite.a(USBFS_cdc.o)
 *fill*         0x1fff8186        0x2 
 .bss           0x1fff8188        0x2 .\CortexM3\ARM_GCC_541\Debug\KB UART Composite.a(USBFS_std.o)
 *(COMMON)
 *fill*         0x1fff818a        0x2 
 COMMON         0x1fff818c       0x16 .\CortexM3\ARM_GCC_541\Debug\KB UART Composite.a(USBFS_cdc.o)
                0x1fff818c                USBFS_linesControlBitmap
                0x1fff8190                USBFS_serialStateBitmap
                0x1fff8194                USBFS_linesChanged
                0x1fff8198                USBFS_cdcDataOutEp
                0x1fff819c                USBFS_cdcCommInInterruptEp
                0x1fff81a0                USBFS_cdcDataInEp
 *fill*         0x1fff81a2        0x2 
 COMMON         0x1fff81a4       0x9a .\CortexM3\ARM_GCC_541\Debug\KB UART Composite.a(USBFS_drv.o)
                0x1fff81a4                USBFS_deviceAddress
                0x1fff81a5                USBFS_ep0Mode
                0x1fff81a8                USBFS_interfaceSetting
                0x1fff81ac                USBFS_currentTD
                0x1fff81b8                USBFS_device
                0x1fff81b9                USBFS_interfaceNumber
                0x1fff81ba                USBFS_ep0Toggle
                0x1fff81bb                USBFS_deviceStatus
                0x1fff81bc                USBFS_configurationChanged
                0x1fff81bd                USBFS_configuration
                0x1fff81be                USBFS_transferState
                0x1fff81c0                USBFS_interfaceStatus
                0x1fff81c4                USBFS_interfaceClass
                0x1fff81c8                USBFS_EP
                0x1fff8234                USBFS_lastPacketSize
                0x1fff8235                USBFS_ep0Count
                0x1fff8238                USBFS_interfaceSettingLast
                0x1fff823c                USBFS_transferByteCount
 *fill*         0x1fff823e        0x2 
 COMMON         0x1fff8240        0xb .\CortexM3\ARM_GCC_541\Debug\KB UART Composite.a(USBFS_hid.o)
                0x1fff8240                USBFS_hidIdleRate
                0x1fff8244                USBFS_hidIdleTimer
                0x1fff8248                USBFS_hidProtocol
 *fill*         0x1fff824b        0x1 
 COMMON         0x1fff824c       0x3a .\CortexM3\ARM_GCC_541\Debug\KB UART Composite.a(USBFS_descr.o)
                0x1fff824c                USBFS_DEVICE0_CONFIGURATION0_INTERFACE3_ALTERNATE0_HID_OUT_RPT_SCB
                0x1fff8250                USBFS_DEVICE0_CONFIGURATION0_INTERFACE3_ALTERNATE0_HID_IN_BUF
                0x1fff825c                USBFS_DEVICE0_CONFIGURATION0_INTERFACE3_ALTERNATE0_HID_IN_RPT_SCB
                0x1fff8260                USBFS_DEVICE0_CONFIGURATION0_INTERFACE3_ALTERNATE0_HID_OUT_BUF
                0x1fff8264                USBFS_idSerialNumberStringDescriptor
                0x1fff8288                . = ALIGN (0x8)
 *fill*         0x1fff8286        0x2 
 *(.ram.b)
                0x1fff8288                _end = .
                0x1fff8288                __end = .
                0x1fff8288                PROVIDE (end, .)
                0x1fff8288                PROVIDE (__bss_end__, .)
                0x00002258                __cy_region_init_ram = LOADADDR (.data)
                0x00000098                __cy_region_init_size_ram = (_edata - ADDR (.data))
                0x00000128                __cy_region_zero_size_ram = (_end - _edata)

.heap           0x1fff8288       0x80 load address 0x000022f0
                0x1fff8288                . = _end
                0x1fff8308                . = (. + 0x80)
 *fill*         0x1fff8288       0x80 
                0x1fff8308                __cy_heap_limit = .

.stack          0x20007800      0x800
                0x20007800                __cy_stack_limit = .
                0x20008000                . = (. + 0x800)
 *fill*         0x20007800      0x800 
                0x00000001                ASSERT ((__cy_stack_limit >= __cy_heap_limit), region RAM overflowed with stack)
                0x00000000                cy_checksum_exclude_size = (CY_APPL_LOADABLE == 0x1)?SIZEOF (.cy_checksum_exclude):0x0
                0x00000001                ASSERT ((cy_checksum_exclude_size <= CY_CHECKSUM_EXCLUDE_SIZE), CY_BOOT: Section .cy_checksum_exclude size exceedes specified limit.)

.cyloadermeta
 *(.cyloadermeta)

.cyloadablemeta
 *(.cyloadablemeta)

.cyconfigecc    0x80000000       0xbc
 *(.cyconfigecc)
 .cyconfigecc   0x80000000       0xbc .\CortexM3\ARM_GCC_541\Debug\cymetadata.o
                0x80000000                cy_meta_configecc

.cycustnvl      0x90000000        0x4
 *(.cycustnvl)
 .cycustnvl     0x90000000        0x4 .\CortexM3\ARM_GCC_541\Debug\cymetadata.o
                0x90000000                cy_meta_custnvl

.cywolatch      0x90100000        0x4
 *(.cywolatch)
 .cywolatch     0x90100000        0x4 .\CortexM3\ARM_GCC_541\Debug\cymetadata.o
                0x90100000                cy_meta_wonvl

.cyeeprom       0x90200000        0x0
 *(.cyeeprom)
                0x00000001                ASSERT ((. <= ((0x90200000 + ee_offset) + ee_size)), .cyeeprom data will not fit in EEPROM)

.cyflashprotect
                0x90400000      0x100
 *(.cyflashprotect)
 .cyflashprotect
                0x90400000      0x100 .\CortexM3\ARM_GCC_541\Debug\cymetadata.o
                0x90400000                cy_meta_flashprotect

.cymeta         0x90500000        0xc
 *(.cymeta)
 .cymeta        0x90500000        0xc .\CortexM3\ARM_GCC_541\Debug\cymetadata.o
                0x90500000                cy_metadata

.rel.dyn        0x000022f0        0x0 load address 0x9050000c
 .rel.iplt      0x000022f0        0x0 c:/program files (x86)/cypress/psoc creator/4.3/psoc creator/import/gnu/arm/5.4.1/bin/../lib/gcc/arm-none-eabi/5.4.1/armv7-m/crtbegin.o

.stab
 *(.stab)

.stabstr
 *(.stabstr)

.debug
 *(.debug)

.line
 *(.line)

.debug_srcinfo
 *(.debug_srcinfo)

.debug_sfnames
 *(.debug_sfnames)

.debug_aranges  0x00000000      0x9d0
 *(.debug_aranges)
 .debug_aranges
                0x00000000       0x40 .\CortexM3\ARM_GCC_541\Debug\main.o
 .debug_aranges
                0x00000040       0x58 .\CortexM3\ARM_GCC_541\Debug\cyfitter_cfg.o
 .debug_aranges
                0x00000098       0x18 .\CortexM3\ARM_GCC_541\Debug\cymetadata.o
 .debug_aranges
                0x000000b0       0x48 .\CortexM3\ARM_GCC_541\Debug\Cm3Start.o
 .debug_aranges
                0x000000f8       0x38 .\CortexM3\ARM_GCC_541\Debug\KB UART Composite.a(LED.o)
 .debug_aranges
                0x00000130      0x2a0 .\CortexM3\ARM_GCC_541\Debug\KB UART Composite.a(CyLib.o)
 .debug_aranges
                0x000003d0       0x98 .\CortexM3\ARM_GCC_541\Debug\KB UART Composite.a(cyPm.o)
 .debug_aranges
                0x00000468       0xc8 .\CortexM3\ARM_GCC_541\Debug\KB UART Composite.a(USBFS.o)
 .debug_aranges
                0x00000530       0xe8 .\CortexM3\ARM_GCC_541\Debug\KB UART Composite.a(USBFS_cdc.o)
 .debug_aranges
                0x00000618       0x98 .\CortexM3\ARM_GCC_541\Debug\KB UART Composite.a(USBFS_drv.o)
 .debug_aranges
                0x000006b0       0x50 .\CortexM3\ARM_GCC_541\Debug\KB UART Composite.a(USBFS_episr.o)
 .debug_aranges
                0x00000700       0x48 .\CortexM3\ARM_GCC_541\Debug\KB UART Composite.a(USBFS_hid.o)
 .debug_aranges
                0x00000748       0x40 .\CortexM3\ARM_GCC_541\Debug\KB UART Composite.a(USBFS_pm.o)
 .debug_aranges
                0x00000788       0x80 .\CortexM3\ARM_GCC_541\Debug\KB UART Composite.a(USBFS_std.o)
 .debug_aranges
                0x00000808       0x20 .\CortexM3\ARM_GCC_541\Debug\KB UART Composite.a(USBFS_vnd.o)
 .debug_aranges
                0x00000828       0x48 .\CortexM3\ARM_GCC_541\Debug\KB UART Composite.a(USBFS_Dp.o)
 .debug_aranges
                0x00000870       0x20 .\CortexM3\ARM_GCC_541\Debug\KB UART Composite.a(CyBootAsmGnu.o)
 .debug_aranges
                0x00000890       0x88 .\CortexM3\ARM_GCC_541\Debug\KB UART Composite.a(CyFlash.o)
 .debug_aranges
                0x00000918       0x80 .\CortexM3\ARM_GCC_541\Debug\KB UART Composite.a(CySpc.o)
 .debug_aranges
                0x00000998       0x20 .\CortexM3\ARM_GCC_541\Debug\KB UART Composite.a(USBFS_cls.o)
 .debug_aranges
                0x000009b8       0x18 .\CortexM3\ARM_GCC_541\Debug\KB UART Composite.a(USBFS_descr.o)

.debug_pubnames
 *(.debug_pubnames)

.debug_info     0x00000000     0x7398
 *(.debug_info .gnu.linkonce.wi.*)
 .debug_info    0x00000000      0x610 .\CortexM3\ARM_GCC_541\Debug\main.o
 .debug_info    0x00000610      0x4cc .\CortexM3\ARM_GCC_541\Debug\cyfitter_cfg.o
 .debug_info    0x00000adc      0x134 .\CortexM3\ARM_GCC_541\Debug\cymetadata.o
 .debug_info    0x00000c10      0x3bb .\CortexM3\ARM_GCC_541\Debug\Cm3Start.o
 .debug_info    0x00000fcb      0x11f .\CortexM3\ARM_GCC_541\Debug\KB UART Composite.a(LED.o)
 .debug_info    0x000010ea     0x1374 .\CortexM3\ARM_GCC_541\Debug\KB UART Composite.a(CyLib.o)
 .debug_info    0x0000245e      0xa2a .\CortexM3\ARM_GCC_541\Debug\KB UART Composite.a(cyPm.o)
 .debug_info    0x00002e88      0xa1d .\CortexM3\ARM_GCC_541\Debug\KB UART Composite.a(USBFS.o)
 .debug_info    0x000038a5      0xaf7 .\CortexM3\ARM_GCC_541\Debug\KB UART Composite.a(USBFS_cdc.o)
 .debug_info    0x0000439c      0x655 .\CortexM3\ARM_GCC_541\Debug\KB UART Composite.a(USBFS_drv.o)
 .debug_info    0x000049f1      0x278 .\CortexM3\ARM_GCC_541\Debug\KB UART Composite.a(USBFS_episr.o)
 .debug_info    0x00004c69      0x43b .\CortexM3\ARM_GCC_541\Debug\KB UART Composite.a(USBFS_hid.o)
 .debug_info    0x000050a4      0x2e4 .\CortexM3\ARM_GCC_541\Debug\KB UART Composite.a(USBFS_pm.o)
 .debug_info    0x00005388      0xb37 .\CortexM3\ARM_GCC_541\Debug\KB UART Composite.a(USBFS_std.o)
 .debug_info    0x00005ebf       0xed .\CortexM3\ARM_GCC_541\Debug\KB UART Composite.a(USBFS_vnd.o)
 .debug_info    0x00005fac      0x174 .\CortexM3\ARM_GCC_541\Debug\KB UART Composite.a(USBFS_Dp.o)
 .debug_info    0x00006120       0xaa .\CortexM3\ARM_GCC_541\Debug\KB UART Composite.a(CyBootAsmGnu.o)
 .debug_info    0x000061ca      0x64d .\CortexM3\ARM_GCC_541\Debug\KB UART Composite.a(CyFlash.o)
 .debug_info    0x00006817      0x550 .\CortexM3\ARM_GCC_541\Debug\KB UART Composite.a(CySpc.o)
 .debug_info    0x00006d67      0x1f2 .\CortexM3\ARM_GCC_541\Debug\KB UART Composite.a(USBFS_cls.o)
 .debug_info    0x00006f59      0x43f .\CortexM3\ARM_GCC_541\Debug\KB UART Composite.a(USBFS_descr.o)

.debug_abbrev   0x00000000     0x1c71
 *(.debug_abbrev)
 .debug_abbrev  0x00000000      0x1fa .\CortexM3\ARM_GCC_541\Debug\main.o
 .debug_abbrev  0x000001fa      0x1fe .\CortexM3\ARM_GCC_541\Debug\cyfitter_cfg.o
 .debug_abbrev  0x000003f8       0x5d .\CortexM3\ARM_GCC_541\Debug\cymetadata.o
 .debug_abbrev  0x00000455      0x1e8 .\CortexM3\ARM_GCC_541\Debug\Cm3Start.o
 .debug_abbrev  0x0000063d       0x90 .\CortexM3\ARM_GCC_541\Debug\KB UART Composite.a(LED.o)
 .debug_abbrev  0x000006cd      0x254 .\CortexM3\ARM_GCC_541\Debug\KB UART Composite.a(CyLib.o)
 .debug_abbrev  0x00000921      0x1ab .\CortexM3\ARM_GCC_541\Debug\KB UART Composite.a(cyPm.o)
 .debug_abbrev  0x00000acc      0x215 .\CortexM3\ARM_GCC_541\Debug\KB UART Composite.a(USBFS.o)
 .debug_abbrev  0x00000ce1      0x245 .\CortexM3\ARM_GCC_541\Debug\KB UART Composite.a(USBFS_cdc.o)
 .debug_abbrev  0x00000f26      0x189 .\CortexM3\ARM_GCC_541\Debug\KB UART Composite.a(USBFS_drv.o)
 .debug_abbrev  0x000010af      0x11b .\CortexM3\ARM_GCC_541\Debug\KB UART Composite.a(USBFS_episr.o)
 .debug_abbrev  0x000011ca      0x16d .\CortexM3\ARM_GCC_541\Debug\KB UART Composite.a(USBFS_hid.o)
 .debug_abbrev  0x00001337      0x108 .\CortexM3\ARM_GCC_541\Debug\KB UART Composite.a(USBFS_pm.o)
 .debug_abbrev  0x0000143f      0x213 .\CortexM3\ARM_GCC_541\Debug\KB UART Composite.a(USBFS_std.o)
 .debug_abbrev  0x00001652       0x9b .\CortexM3\ARM_GCC_541\Debug\KB UART Composite.a(USBFS_vnd.o)
 .debug_abbrev  0x000016ed       0x90 .\CortexM3\ARM_GCC_541\Debug\KB UART Composite.a(USBFS_Dp.o)
 .debug_abbrev  0x0000177d       0x14 .\CortexM3\ARM_GCC_541\Debug\KB UART Composite.a(CyBootAsmGnu.o)
 .debug_abbrev  0x00001791      0x1a7 .\CortexM3\ARM_GCC_541\Debug\KB UART Composite.a(CyFlash.o)
 .debug_abbrev  0x00001938      0x194 .\CortexM3\ARM_GCC_541\Debug\KB UART Composite.a(CySpc.o)
 .debug_abbrev  0x00001acc       0xe1 .\CortexM3\ARM_GCC_541\Debug\KB UART Composite.a(USBFS_cls.o)
 .debug_abbrev  0x00001bad       0xc4 .\CortexM3\ARM_GCC_541\Debug\KB UART Composite.a(USBFS_descr.o)

.debug_line     0x00000000     0x2a48
 *(.debug_line)
 .debug_line    0x00000000      0x2bc .\CortexM3\ARM_GCC_541\Debug\main.o
 .debug_line    0x000002bc      0x1d1 .\CortexM3\ARM_GCC_541\Debug\cyfitter_cfg.o
 .debug_line    0x0000048d      0x141 .\CortexM3\ARM_GCC_541\Debug\cymetadata.o
 .debug_line    0x000005ce      0x234 .\CortexM3\ARM_GCC_541\Debug\Cm3Start.o
 .debug_line    0x00000802       0x90 .\CortexM3\ARM_GCC_541\Debug\KB UART Composite.a(LED.o)
 .debug_line    0x00000892      0x816 .\CortexM3\ARM_GCC_541\Debug\KB UART Composite.a(CyLib.o)
 .debug_line    0x000010a8      0x367 .\CortexM3\ARM_GCC_541\Debug\KB UART Composite.a(cyPm.o)
 .debug_line    0x0000140f      0x2fb .\CortexM3\ARM_GCC_541\Debug\KB UART Composite.a(USBFS.o)
 .debug_line    0x0000170a      0x2ec .\CortexM3\ARM_GCC_541\Debug\KB UART Composite.a(USBFS_cdc.o)
 .debug_line    0x000019f6      0x21b .\CortexM3\ARM_GCC_541\Debug\KB UART Composite.a(USBFS_drv.o)
 .debug_line    0x00001c11      0x116 .\CortexM3\ARM_GCC_541\Debug\KB UART Composite.a(USBFS_episr.o)
 .debug_line    0x00001d27      0x149 .\CortexM3\ARM_GCC_541\Debug\KB UART Composite.a(USBFS_hid.o)
 .debug_line    0x00001e70      0x106 .\CortexM3\ARM_GCC_541\Debug\KB UART Composite.a(USBFS_pm.o)
 .debug_line    0x00001f76      0x3dc .\CortexM3\ARM_GCC_541\Debug\KB UART Composite.a(USBFS_std.o)
 .debug_line    0x00002352       0x6f .\CortexM3\ARM_GCC_541\Debug\KB UART Composite.a(USBFS_vnd.o)
 .debug_line    0x000023c1       0xb9 .\CortexM3\ARM_GCC_541\Debug\KB UART Composite.a(USBFS_Dp.o)
 .debug_line    0x0000247a       0x66 .\CortexM3\ARM_GCC_541\Debug\KB UART Composite.a(CyBootAsmGnu.o)
 .debug_line    0x000024e0      0x21a .\CortexM3\ARM_GCC_541\Debug\KB UART Composite.a(CyFlash.o)
 .debug_line    0x000026fa      0x260 .\CortexM3\ARM_GCC_541\Debug\KB UART Composite.a(CySpc.o)
 .debug_line    0x0000295a       0x91 .\CortexM3\ARM_GCC_541\Debug\KB UART Composite.a(USBFS_cls.o)
 .debug_line    0x000029eb       0x5d .\CortexM3\ARM_GCC_541\Debug\KB UART Composite.a(USBFS_descr.o)

.debug_frame    0x00000000     0x19a4
 *(.debug_frame)
 .debug_frame   0x00000000       0xa0 .\CortexM3\ARM_GCC_541\Debug\main.o
 .debug_frame   0x000000a0       0xe4 .\CortexM3\ARM_GCC_541\Debug\cyfitter_cfg.o
 .debug_frame   0x00000184       0xb8 .\CortexM3\ARM_GCC_541\Debug\Cm3Start.o
 .debug_frame   0x0000023c       0x50 .\CortexM3\ARM_GCC_541\Debug\KB UART Composite.a(LED.o)
 .debug_frame   0x0000028c      0x738 .\CortexM3\ARM_GCC_541\Debug\KB UART Composite.a(CyLib.o)
 .debug_frame   0x000009c4      0x1f8 .\CortexM3\ARM_GCC_541\Debug\KB UART Composite.a(cyPm.o)
 .debug_frame   0x00000bbc      0x1dc .\CortexM3\ARM_GCC_541\Debug\KB UART Composite.a(USBFS.o)
 .debug_frame   0x00000d98      0x27c .\CortexM3\ARM_GCC_541\Debug\KB UART Composite.a(USBFS_cdc.o)
 .debug_frame   0x00001014      0x194 .\CortexM3\ARM_GCC_541\Debug\KB UART Composite.a(USBFS_drv.o)
 .debug_frame   0x000011a8       0x8c .\CortexM3\ARM_GCC_541\Debug\KB UART Composite.a(USBFS_episr.o)
 .debug_frame   0x00001234       0xa0 .\CortexM3\ARM_GCC_541\Debug\KB UART Composite.a(USBFS_hid.o)
 .debug_frame   0x000012d4       0xa0 .\CortexM3\ARM_GCC_541\Debug\KB UART Composite.a(USBFS_pm.o)
 .debug_frame   0x00001374      0x17c .\CortexM3\ARM_GCC_541\Debug\KB UART Composite.a(USBFS_std.o)
 .debug_frame   0x000014f0       0x20 .\CortexM3\ARM_GCC_541\Debug\KB UART Composite.a(USBFS_vnd.o)
 .debug_frame   0x00001510       0x70 .\CortexM3\ARM_GCC_541\Debug\KB UART Composite.a(USBFS_Dp.o)
 .debug_frame   0x00001580      0x194 .\CortexM3\ARM_GCC_541\Debug\KB UART Composite.a(CyFlash.o)
 .debug_frame   0x00001714      0x180 .\CortexM3\ARM_GCC_541\Debug\KB UART Composite.a(CySpc.o)
 .debug_frame   0x00001894       0x2c .\CortexM3\ARM_GCC_541\Debug\KB UART Composite.a(USBFS_cls.o)
 .debug_frame   0x000018c0       0x20 c:/program files (x86)/cypress/psoc creator/4.3/psoc creator/import/gnu/arm/5.4.1/bin/../lib/gcc/arm-none-eabi/5.4.1/../../../../arm-none-eabi/lib/armv7-m\libg_nano.a(lib_a-errno.o)
 .debug_frame   0x000018e0       0x28 c:/program files (x86)/cypress/psoc creator/4.3/psoc creator/import/gnu/arm/5.4.1/bin/../lib/gcc/arm-none-eabi/5.4.1/../../../../arm-none-eabi/lib/armv7-m\libg_nano.a(lib_a-exit.o)
 .debug_frame   0x00001908       0x2c c:/program files (x86)/cypress/psoc creator/4.3/psoc creator/import/gnu/arm/5.4.1/bin/../lib/gcc/arm-none-eabi/5.4.1/../../../../arm-none-eabi/lib/armv7-m\libg_nano.a(lib_a-init.o)
 .debug_frame   0x00001934       0x28 c:/program files (x86)/cypress/psoc creator/4.3/psoc creator/import/gnu/arm/5.4.1/bin/../lib/gcc/arm-none-eabi/5.4.1/../../../../arm-none-eabi/lib/armv7-m\libg_nano.a(lib_a-memcpy-stub.o)
 .debug_frame   0x0000195c       0x20 c:/program files (x86)/cypress/psoc creator/4.3/psoc creator/import/gnu/arm/5.4.1/bin/../lib/gcc/arm-none-eabi/5.4.1/../../../../arm-none-eabi/lib/armv7-m\libg_nano.a(lib_a-memset.o)
 .debug_frame   0x0000197c       0x28 c:/program files (x86)/cypress/psoc creator/4.3/psoc creator/import/gnu/arm/5.4.1/bin/../lib/gcc/arm-none-eabi/5.4.1/../../../../arm-none-eabi/lib/armv7-m\libg_nano.a(lib_a-strcat.o)

.debug_str      0x00000000     0x2785
 *(.debug_str)
 .debug_str     0x00000000      0x2f6 .\CortexM3\ARM_GCC_541\Debug\main.o
                                0x34b (size before relaxing)
 .debug_str     0x000002f6      0x17b .\CortexM3\ARM_GCC_541\Debug\cyfitter_cfg.o
                                0x329 (size before relaxing)
 .debug_str     0x00000471       0x75 .\CortexM3\ARM_GCC_541\Debug\cymetadata.o
                                0x1fe (size before relaxing)
 .debug_str     0x000004e6      0x144 .\CortexM3\ARM_GCC_541\Debug\Cm3Start.o
                                0x324 (size before relaxing)
 .debug_str     0x0000062a       0x57 .\CortexM3\ARM_GCC_541\Debug\KB UART Composite.a(LED.o)
                                0x1f2 (size before relaxing)
 .debug_str     0x00000681      0x847 .\CortexM3\ARM_GCC_541\Debug\KB UART Composite.a(CyLib.o)
                                0xa61 (size before relaxing)
 .debug_str     0x00000ec8      0x365 .\CortexM3\ARM_GCC_541\Debug\KB UART Composite.a(cyPm.o)
                                0x74d (size before relaxing)
 .debug_str     0x0000122d      0x3c5 .\CortexM3\ARM_GCC_541\Debug\KB UART Composite.a(USBFS.o)
                                0x646 (size before relaxing)
 .debug_str     0x000015f2      0x483 .\CortexM3\ARM_GCC_541\Debug\KB UART Composite.a(USBFS_cdc.o)
                                0x781 (size before relaxing)
 .debug_str     0x00001a75      0x261 .\CortexM3\ARM_GCC_541\Debug\KB UART Composite.a(USBFS_drv.o)
                                0x60e (size before relaxing)
 .debug_str     0x00001cd6       0x92 .\CortexM3\ARM_GCC_541\Debug\KB UART Composite.a(USBFS_episr.o)
                                0x301 (size before relaxing)
 .debug_str     0x00001d68      0x124 .\CortexM3\ARM_GCC_541\Debug\KB UART Composite.a(USBFS_hid.o)
                                0x3f2 (size before relaxing)
 .debug_str     0x00001e8c       0xbe .\CortexM3\ARM_GCC_541\Debug\KB UART Composite.a(USBFS_pm.o)
                                0x2f2 (size before relaxing)
 .debug_str     0x00001f4a      0x200 .\CortexM3\ARM_GCC_541\Debug\KB UART Composite.a(USBFS_std.o)
                                0x777 (size before relaxing)
 .debug_str     0x0000214a       0x23 .\CortexM3\ARM_GCC_541\Debug\KB UART Composite.a(USBFS_vnd.o)
                                0x201 (size before relaxing)
 .debug_str     0x0000216d       0x8d .\CortexM3\ARM_GCC_541\Debug\KB UART Composite.a(USBFS_Dp.o)
                                0x24d (size before relaxing)
 .debug_str     0x000021fa      0x1b4 .\CortexM3\ARM_GCC_541\Debug\KB UART Composite.a(CyFlash.o)
                                0x3da (size before relaxing)
 .debug_str     0x000023ae       0xac .\CortexM3\ARM_GCC_541\Debug\KB UART Composite.a(CySpc.o)
                                0x352 (size before relaxing)
 .debug_str     0x0000245a       0x23 .\CortexM3\ARM_GCC_541\Debug\KB UART Composite.a(USBFS_cls.o)
                                0x2d3 (size before relaxing)
 .debug_str     0x0000247d      0x308 .\CortexM3\ARM_GCC_541\Debug\KB UART Composite.a(USBFS_descr.o)
                                0x5b7 (size before relaxing)

.debug_loc      0x00000000     0x33cc
 *(.debug_loc)
 .debug_loc     0x00000000       0xae .\CortexM3\ARM_GCC_541\Debug\main.o
 .debug_loc     0x000000ae      0x1d7 .\CortexM3\ARM_GCC_541\Debug\cyfitter_cfg.o
 .debug_loc     0x00000285      0x144 .\CortexM3\ARM_GCC_541\Debug\Cm3Start.o
 .debug_loc     0x000003c9       0x42 .\CortexM3\ARM_GCC_541\Debug\KB UART Composite.a(LED.o)
 .debug_loc     0x0000040b      0xa11 .\CortexM3\ARM_GCC_541\Debug\KB UART Composite.a(CyLib.o)
 .debug_loc     0x00000e1c      0x1e4 .\CortexM3\ARM_GCC_541\Debug\KB UART Composite.a(cyPm.o)
 .debug_loc     0x00001000      0x435 .\CortexM3\ARM_GCC_541\Debug\KB UART Composite.a(USBFS.o)
 .debug_loc     0x00001435      0x557 .\CortexM3\ARM_GCC_541\Debug\KB UART Composite.a(USBFS_cdc.o)
 .debug_loc     0x0000198c      0x171 .\CortexM3\ARM_GCC_541\Debug\KB UART Composite.a(USBFS_drv.o)
 .debug_loc     0x00001afd      0x3a8 .\CortexM3\ARM_GCC_541\Debug\KB UART Composite.a(USBFS_hid.o)
 .debug_loc     0x00001ea5       0x26 .\CortexM3\ARM_GCC_541\Debug\KB UART Composite.a(USBFS_pm.o)
 .debug_loc     0x00001ecb      0x945 .\CortexM3\ARM_GCC_541\Debug\KB UART Composite.a(USBFS_std.o)
 .debug_loc     0x00002810       0x84 .\CortexM3\ARM_GCC_541\Debug\KB UART Composite.a(USBFS_Dp.o)
 .debug_loc     0x00002894      0x3b2 .\CortexM3\ARM_GCC_541\Debug\KB UART Composite.a(CyFlash.o)
 .debug_loc     0x00002c46      0x705 .\CortexM3\ARM_GCC_541\Debug\KB UART Composite.a(CySpc.o)
 .debug_loc     0x0000334b       0x81 .\CortexM3\ARM_GCC_541\Debug\KB UART Composite.a(USBFS_cls.o)

.debug_macinfo
 *(.debug_macinfo)

.debug_ranges   0x00000000      0x878
 *(.debug_ranges)
 .debug_ranges  0x00000000       0x30 .\CortexM3\ARM_GCC_541\Debug\main.o
 .debug_ranges  0x00000030       0x48 .\CortexM3\ARM_GCC_541\Debug\cyfitter_cfg.o
 .debug_ranges  0x00000078       0x38 .\CortexM3\ARM_GCC_541\Debug\Cm3Start.o
 .debug_ranges  0x000000b0       0x28 .\CortexM3\ARM_GCC_541\Debug\KB UART Composite.a(LED.o)
 .debug_ranges  0x000000d8      0x290 .\CortexM3\ARM_GCC_541\Debug\KB UART Composite.a(CyLib.o)
 .debug_ranges  0x00000368       0x88 .\CortexM3\ARM_GCC_541\Debug\KB UART Composite.a(cyPm.o)
 .debug_ranges  0x000003f0       0xd0 .\CortexM3\ARM_GCC_541\Debug\KB UART Composite.a(USBFS.o)
 .debug_ranges  0x000004c0       0xd8 .\CortexM3\ARM_GCC_541\Debug\KB UART Composite.a(USBFS_cdc.o)
 .debug_ranges  0x00000598       0x88 .\CortexM3\ARM_GCC_541\Debug\KB UART Composite.a(USBFS_drv.o)
 .debug_ranges  0x00000620       0x40 .\CortexM3\ARM_GCC_541\Debug\KB UART Composite.a(USBFS_episr.o)
 .debug_ranges  0x00000660       0x38 .\CortexM3\ARM_GCC_541\Debug\KB UART Composite.a(USBFS_hid.o)
 .debug_ranges  0x00000698       0x30 .\CortexM3\ARM_GCC_541\Debug\KB UART Composite.a(USBFS_pm.o)
 .debug_ranges  0x000006c8       0x70 .\CortexM3\ARM_GCC_541\Debug\KB UART Composite.a(USBFS_std.o)
 .debug_ranges  0x00000738       0x10 .\CortexM3\ARM_GCC_541\Debug\KB UART Composite.a(USBFS_vnd.o)
 .debug_ranges  0x00000748       0x38 .\CortexM3\ARM_GCC_541\Debug\KB UART Composite.a(USBFS_Dp.o)
 .debug_ranges  0x00000780       0x78 .\CortexM3\ARM_GCC_541\Debug\KB UART Composite.a(CyFlash.o)
 .debug_ranges  0x000007f8       0x70 .\CortexM3\ARM_GCC_541\Debug\KB UART Composite.a(CySpc.o)
 .debug_ranges  0x00000868       0x10 .\CortexM3\ARM_GCC_541\Debug\KB UART Composite.a(USBFS_cls.o)

.comment        0x00000000       0x6e
 .comment       0x00000000       0x6e .\CortexM3\ARM_GCC_541\Debug\main.o
                                 0x6f (size before relaxing)
 .comment       0x0000006e       0x6f .\CortexM3\ARM_GCC_541\Debug\cyfitter_cfg.o
 .comment       0x0000006e       0x6f .\CortexM3\ARM_GCC_541\Debug\cymetadata.o
 .comment       0x0000006e       0x6f .\CortexM3\ARM_GCC_541\Debug\Cm3Start.o
 .comment       0x0000006e       0x6f .\CortexM3\ARM_GCC_541\Debug\KB UART Composite.a(LED.o)
 .comment       0x0000006e       0x6f .\CortexM3\ARM_GCC_541\Debug\KB UART Composite.a(CyLib.o)
 .comment       0x0000006e       0x6f .\CortexM3\ARM_GCC_541\Debug\KB UART Composite.a(cyPm.o)
 .comment       0x0000006e       0x6f .\CortexM3\ARM_GCC_541\Debug\KB UART Composite.a(USBFS.o)
 .comment       0x0000006e       0x6f .\CortexM3\ARM_GCC_541\Debug\KB UART Composite.a(USBFS_cdc.o)
 .comment       0x0000006e       0x6f .\CortexM3\ARM_GCC_541\Debug\KB UART Composite.a(USBFS_drv.o)
 .comment       0x0000006e       0x6f .\CortexM3\ARM_GCC_541\Debug\KB UART Composite.a(USBFS_episr.o)
 .comment       0x0000006e       0x6f .\CortexM3\ARM_GCC_541\Debug\KB UART Composite.a(USBFS_hid.o)
 .comment       0x0000006e       0x6f .\CortexM3\ARM_GCC_541\Debug\KB UART Composite.a(USBFS_pm.o)
 .comment       0x0000006e       0x6f .\CortexM3\ARM_GCC_541\Debug\KB UART Composite.a(USBFS_std.o)
 .comment       0x0000006e       0x6f .\CortexM3\ARM_GCC_541\Debug\KB UART Composite.a(USBFS_vnd.o)
 .comment       0x0000006e       0x6f .\CortexM3\ARM_GCC_541\Debug\KB UART Composite.a(USBFS_Dp.o)
 .comment       0x0000006e       0x6f .\CortexM3\ARM_GCC_541\Debug\KB UART Composite.a(CyFlash.o)
 .comment       0x0000006e       0x6f .\CortexM3\ARM_GCC_541\Debug\KB UART Composite.a(CySpc.o)
 .comment       0x0000006e       0x6f .\CortexM3\ARM_GCC_541\Debug\KB UART Composite.a(USBFS_cls.o)
 .comment       0x0000006e       0x6f .\CortexM3\ARM_GCC_541\Debug\KB UART Composite.a(USBFS_descr.o)

.debug_weaknames
 *(.debug_weaknames)

.debug_funcnames
 *(.debug_funcnames)

.debug_typenames
 *(.debug_typenames)

.debug_varnames
 *(.debug_varnames)

.note.gnu.arm.ident
 *(.note.gnu.arm.ident)

.ARM.attributes
                0x00000000       0x29
 *(.ARM.attributes)
 .ARM.attributes
                0x00000000       0x1d c:/program files (x86)/cypress/psoc creator/4.3/psoc creator/import/gnu/arm/5.4.1/bin/../lib/gcc/arm-none-eabi/5.4.1/armv7-m/crti.o
 .ARM.attributes
                0x0000001d       0x2d c:/program files (x86)/cypress/psoc creator/4.3/psoc creator/import/gnu/arm/5.4.1/bin/../lib/gcc/arm-none-eabi/5.4.1/armv7-m/crtbegin.o
 .ARM.attributes
                0x0000004a       0x1b c:/program files (x86)/cypress/psoc creator/4.3/psoc creator/import/gnu/arm/5.4.1/bin/../lib/gcc/arm-none-eabi/5.4.1/../../../../arm-none-eabi/lib/armv7-m/crt0.o
 .ARM.attributes
                0x00000065       0x33 .\CortexM3\ARM_GCC_541\Debug\main.o
 .ARM.attributes
                0x00000098       0x33 .\CortexM3\ARM_GCC_541\Debug\cyfitter_cfg.o
 .ARM.attributes
                0x000000cb       0x33 .\CortexM3\ARM_GCC_541\Debug\cymetadata.o
 .ARM.attributes
                0x000000fe       0x33 .\CortexM3\ARM_GCC_541\Debug\Cm3Start.o
 .ARM.attributes
                0x00000131       0x33 .\CortexM3\ARM_GCC_541\Debug\KB UART Composite.a(LED.o)
 .ARM.attributes
                0x00000164       0x33 .\CortexM3\ARM_GCC_541\Debug\KB UART Composite.a(CyLib.o)
 .ARM.attributes
                0x00000197       0x33 .\CortexM3\ARM_GCC_541\Debug\KB UART Composite.a(cyPm.o)
 .ARM.attributes
                0x000001ca       0x33 .\CortexM3\ARM_GCC_541\Debug\KB UART Composite.a(USBFS.o)
 .ARM.attributes
                0x000001fd       0x33 .\CortexM3\ARM_GCC_541\Debug\KB UART Composite.a(USBFS_cdc.o)
 .ARM.attributes
                0x00000230       0x33 .\CortexM3\ARM_GCC_541\Debug\KB UART Composite.a(USBFS_drv.o)
 .ARM.attributes
                0x00000263       0x33 .\CortexM3\ARM_GCC_541\Debug\KB UART Composite.a(USBFS_episr.o)
 .ARM.attributes
                0x00000296       0x33 .\CortexM3\ARM_GCC_541\Debug\KB UART Composite.a(USBFS_hid.o)
 .ARM.attributes
                0x000002c9       0x33 .\CortexM3\ARM_GCC_541\Debug\KB UART Composite.a(USBFS_pm.o)
 .ARM.attributes
                0x000002fc       0x33 .\CortexM3\ARM_GCC_541\Debug\KB UART Composite.a(USBFS_std.o)
 .ARM.attributes
                0x0000032f       0x33 .\CortexM3\ARM_GCC_541\Debug\KB UART Composite.a(USBFS_vnd.o)
 .ARM.attributes
                0x00000362       0x33 .\CortexM3\ARM_GCC_541\Debug\KB UART Composite.a(USBFS_Dp.o)
 .ARM.attributes
                0x00000395       0x21 .\CortexM3\ARM_GCC_541\Debug\KB UART Composite.a(CyBootAsmGnu.o)
 .ARM.attributes
                0x000003b6       0x33 .\CortexM3\ARM_GCC_541\Debug\KB UART Composite.a(CyFlash.o)
 .ARM.attributes
                0x000003e9       0x33 .\CortexM3\ARM_GCC_541\Debug\KB UART Composite.a(CySpc.o)
 .ARM.attributes
                0x0000041c       0x33 .\CortexM3\ARM_GCC_541\Debug\KB UART Composite.a(USBFS_cls.o)
 .ARM.attributes
                0x0000044f       0x33 .\CortexM3\ARM_GCC_541\Debug\KB UART Composite.a(USBFS_descr.o)
 .ARM.attributes
                0x00000482       0x2d c:/program files (x86)/cypress/psoc creator/4.3/psoc creator/import/gnu/arm/5.4.1/bin/../lib/gcc/arm-none-eabi/5.4.1/../../../../arm-none-eabi/lib/armv7-m\libg_nano.a(lib_a-errno.o)
 .ARM.attributes
                0x000004af       0x2d c:/program files (x86)/cypress/psoc creator/4.3/psoc creator/import/gnu/arm/5.4.1/bin/../lib/gcc/arm-none-eabi/5.4.1/../../../../arm-none-eabi/lib/armv7-m\libg_nano.a(lib_a-exit.o)
 .ARM.attributes
                0x000004dc       0x2d c:/program files (x86)/cypress/psoc creator/4.3/psoc creator/import/gnu/arm/5.4.1/bin/../lib/gcc/arm-none-eabi/5.4.1/../../../../arm-none-eabi/lib/armv7-m\libg_nano.a(lib_a-impure.o)
 .ARM.attributes
                0x00000509       0x2d c:/program files (x86)/cypress/psoc creator/4.3/psoc creator/import/gnu/arm/5.4.1/bin/../lib/gcc/arm-none-eabi/5.4.1/../../../../arm-none-eabi/lib/armv7-m\libg_nano.a(lib_a-init.o)
 .ARM.attributes
                0x00000536       0x2d c:/program files (x86)/cypress/psoc creator/4.3/psoc creator/import/gnu/arm/5.4.1/bin/../lib/gcc/arm-none-eabi/5.4.1/../../../../arm-none-eabi/lib/armv7-m\libg_nano.a(lib_a-memcpy-stub.o)
 .ARM.attributes
                0x00000563       0x2d c:/program files (x86)/cypress/psoc creator/4.3/psoc creator/import/gnu/arm/5.4.1/bin/../lib/gcc/arm-none-eabi/5.4.1/../../../../arm-none-eabi/lib/armv7-m\libg_nano.a(lib_a-memset.o)
 .ARM.attributes
                0x00000590       0x2d c:/program files (x86)/cypress/psoc creator/4.3/psoc creator/import/gnu/arm/5.4.1/bin/../lib/gcc/arm-none-eabi/5.4.1/../../../../arm-none-eabi/lib/armv7-m\libg_nano.a(lib_a-strcat.o)
 .ARM.attributes
                0x000005bd       0x17 c:/program files (x86)/cypress/psoc creator/4.3/psoc creator/import/gnu/arm/5.4.1/bin/../lib/gcc/arm-none-eabi/5.4.1/../../../../arm-none-eabi/lib/armv7-m\libg_nano.a(lib_a-strlen.o)
 .ARM.attributes
                0x000005d4       0x2d c:/program files (x86)/cypress/psoc creator/4.3/psoc creator/import/gnu/arm/5.4.1/bin/../lib/gcc/arm-none-eabi/5.4.1/armv7-m/crtend.o
 .ARM.attributes
                0x00000601       0x1d c:/program files (x86)/cypress/psoc creator/4.3/psoc creator/import/gnu/arm/5.4.1/bin/../lib/gcc/arm-none-eabi/5.4.1/armv7-m/crtn.o

/DISCARD/
 *(.note.GNU-stack)
OUTPUT(C:\Users\bkettle\OneDrive\School\6.115\project\psoc\Password Keeper\KB UART Composite.cydsn\CortexM3\ARM_GCC_541\Debug\KB UART Composite.elf elf32-littlearm)
